RECEIPT_FORMAT: pulse-151-raw-v1
TESTED_COMMIT: 696f6776641c51e0132ceb021f951937803247c6
BRANCH: feat/feedback-planning-context
WORKTREE: /Users/meridian/Projects/pulse-feedback-planning-context
WORKTREE_DIRTY_BEFORE: true
DIRTY_PATCH_SHA256: 00a4107a039fb4422f23b7fd69bf01b9bedfd25fd14c7a705f5cc79fd39908c0
STARTED_UTC: 2026-09-08T19:42:41.423Z
COMMAND_ARGV_JSON: ["pnpm","--filter","@pulse/api","exec","vitest","run","src/routes/feedback-planning/index.test.ts","src/db/feedback-planning-context-migration.test.ts","--maxWorkers=1","--no-file-parallelism","--no-cache"]
COMMAND: "pnpm" "--filter" "@pulse/api" "exec" "vitest" "run" "src/routes/feedback-planning/index.test.ts" "src/db/feedback-planning-context-migration.test.ts" "--maxWorkers=1" "--no-file-parallelism" "--no-cache"
CACHE_CONTROLS_JSON: {"PULSE_TEST_NOW":"2026-09-08T16:00:00.000Z"}
STDOUT_STDERR_BEGIN

 RUN  v4.0.18 /Users/meridian/Projects/pulse-feedback-planning-context/apps/api

 ✓ src/routes/feedback-planning/index.test.ts (4 tests) 759ms
 ✓ src/db/feedback-planning-context-migration.test.ts (2 tests) 134ms

 Test Files  2 passed (2)
      Tests  6 passed (6)
   Start at  15:42:42
   Duration  1.72s (transform 495ms, setup 0ms, import 657ms, tests 893ms, environment 0ms)


STDOUT_STDERR_END
ENDED_UTC: 2026-09-08T19:42:43.756Z
EXIT_CODE: 0
