RECEIPT_FORMAT: pulse-151-raw-v1
TESTED_COMMIT: 696f6776641c51e0132ceb021f951937803247c6
BRANCH: feat/feedback-planning-context
WORKTREE: /Users/meridian/Projects/pulse-feedback-planning-context
WORKTREE_DIRTY_BEFORE: true
DIRTY_PATCH_SHA256: 3a684d307ee702a37a8d76a8994ccd2fef8726cf89a903b4bd2e6468a8626f93
STARTED_UTC: 2026-09-08T19:58:50.988Z
COMMAND_ARGV_JSON: ["pnpm","--filter","api","exec","vitest","run","src/routes/feedback-planning/index.test.ts","src/db/feedback-planning-context-migration.test.ts","--no-cache","--maxWorkers=1","--no-file-parallelism"]
COMMAND: "pnpm" "--filter" "api" "exec" "vitest" "run" "src/routes/feedback-planning/index.test.ts" "src/db/feedback-planning-context-migration.test.ts" "--no-cache" "--maxWorkers=1" "--no-file-parallelism"
CACHE_CONTROLS_JSON: {"PULSE_TEST_NOW":"2026-09-08T16:00:00.000Z","CI":"true"}
STDOUT_STDERR_BEGIN

 RUN  v4.0.18 /Users/meridian/Projects/pulse-feedback-planning-context/apps/api

 ❯ src/routes/feedback-planning/index.test.ts (4 tests | 2 failed) 864ms
     ✓ returns exact bounded evidence, separate history, open stale concerns, and owner-safe export 73ms
     × applies only an explicit future-note decision, preserves safeguards, and invalidates on correction 92ms
     × fails closed for invalid query/auth, clinician guidance, foreign targets, and purge readback 38ms
     ✓ publishes the bounded query and explicit decision contracts in OpenAPI 64ms
 ✓ src/db/feedback-planning-context-migration.test.ts (2 tests) 123ms

⎯⎯⎯⎯⎯⎯⎯ Failed Tests 2 ⎯⎯⎯⎯⎯⎯⎯

 FAIL  src/routes/feedback-planning/index.test.ts > source-linked feedback planning context > applies only an explicit future-note decision, preserves safeguards, and invalidates on correction
AssertionError: expected [ { …(15) }, { …(15) } ] to deeply equal ArrayContaining{…}

- Expected
+ Received

- ArrayContaining [
-   ObjectContaining {
+ [
+   {
+     "bodyRegion": "elbow",
+     "concernRef": "synthetic-elbow-observation",
+     "contextLabel": "Synthetic localized elbow observation",
+     "contradictory": false,
+     "decisionId": null,
+     "decisionStale": false,
+     "dependencyFingerprint": "d8bfda8f935b7f18b0c00d14f6d18c7a2ef4e28a34b847604a7b9ab850a644d4",
+     "evidenceIds": [
+       "942c5617-f2e1-4f19-84d1-f4491ab43b28",
+     ],
+     "exerciseId": "tib-raise",
+     "exerciseName": "Tibialis Raise",
+     "laterality": "right",
+     "latestDisposition": null,
+     "originalSourceTimestamp": "2026-09-08T19:58:52.902Z",
+     "stale": false,
+     "stalenessReasons": [],
+   },
+   {
+     "bodyRegion": "toe/lower leg",
      "concernRef": "synthetic-toe-flare",
+     "contextLabel": "Synthetic tib-bar precaution",
+     "contradictory": false,
+     "decisionId": "a47c7787-285e-4710-b032-70ccfe6f04a9",
      "decisionStale": true,
-     "latestDisposition": "retire",
+     "dependencyFingerprint": "7473b35b9ea99635e8fa9108c38663673688cf463276471dec8477e3373500e0",
+     "evidenceIds": [
+       "aeb10968-4b34-4a7b-8eea-022667344f19",
+     ],
+     "exerciseId": "tib-raise",
+     "exerciseName": "Tibialis Raise",
+     "laterality": "left",
+     "latestDisposition": "retain",
+     "originalSourceTimestamp": "2026-09-08T19:58:52.902Z",
+     "stale": true,
+     "stalenessReasons": [
+       "latest_decision_stale",
+     ],
    },
  ]

 ❯ src/routes/feedback-planning/index.test.ts:800:50
    798|       ]),
    799|     });
    800|     expect(invalidated.json().data.openConcerns).toEqual(
       |                                                  ^
    801|       expect.arrayContaining([
    802|         expect.objectContaining({

⎯⎯⎯⎯⎯⎯⎯⎯⎯⎯⎯⎯⎯⎯⎯⎯⎯⎯⎯⎯⎯⎯⎯⎯[1/2]⎯

 FAIL  src/routes/feedback-planning/index.test.ts > source-linked feedback planning context > fails closed for invalid query/auth, clinician guidance, foreign targets, and purge readback
AssertionError: expected false to be true // Object.is equality

- Expected
+ Received

- true
+ false

 ❯ src/routes/feedback-planning/index.test.ts:1053:7
    1051|             item.sourceAvailability === 'soft_deleted' && item.sourceL…
    1052|         ),
    1053|     ).toBe(true);
       |       ^
    1054|     const purge = await app.inject({
    1055|       method: 'DELETE',

⎯⎯⎯⎯⎯⎯⎯⎯⎯⎯⎯⎯⎯⎯⎯⎯⎯⎯⎯⎯⎯⎯⎯⎯[2/2]⎯


 Test Files  1 failed | 1 passed (2)
      Tests  2 failed | 4 passed (6)
   Start at  15:58:51
   Duration  1.87s (transform 541ms, setup 0ms, import 701ms, tests 987ms, environment 0ms)

undefined
/Users/meridian/Projects/pulse-feedback-planning-context/apps/api:
 ERR_PNPM_RECURSIVE_EXEC_FIRST_FAIL  Command failed with exit code 1: vitest run src/routes/feedback-planning/index.test.ts src/db/feedback-planning-context-migration.test.ts --no-cache --maxWorkers=1 --no-file-parallelism

STDOUT_STDERR_END
ENDED_UTC: 2026-09-08T19:58:53.513Z
EXIT_CODE: 1
