RECEIPT_FORMAT: pulse-151-raw-v1
TESTED_COMMIT: 696f6776641c51e0132ceb021f951937803247c6
BRANCH: feat/feedback-planning-context
WORKTREE: /Users/meridian/Projects/pulse-feedback-planning-context
WORKTREE_DIRTY_BEFORE: true
DIRTY_PATCH_SHA256: 3a684d307ee702a37a8d76a8994ccd2fef8726cf89a903b4bd2e6468a8626f93
STARTED_UTC: 2026-09-08T20:04:23.365Z
COMMAND_ARGV_JSON: ["pnpm","--filter","api","exec","vitest","run","src/routes/feedback-planning/index.test.ts","src/db/feedback-planning-context-migration.test.ts","--no-cache","--maxWorkers=1","--no-file-parallelism"]
COMMAND: "pnpm" "--filter" "api" "exec" "vitest" "run" "src/routes/feedback-planning/index.test.ts" "src/db/feedback-planning-context-migration.test.ts" "--no-cache" "--maxWorkers=1" "--no-file-parallelism"
CACHE_CONTROLS_JSON: {"PULSE_TEST_NOW":"2026-09-08T16:00:00.000Z","CI":"true"}
STDOUT_STDERR_BEGIN

 RUN  v4.0.18 /Users/meridian/Projects/pulse-feedback-planning-context/apps/api

 ❯ src/routes/feedback-planning/index.test.ts (4 tests | 1 failed) 975ms
     × returns exact bounded evidence, separate history, open stale concerns, and owner-safe export 87ms
     ✓ applies only an explicit future-note decision, preserves safeguards, and invalidates on correction 122ms
     ✓ fails closed for invalid query/auth, clinician guidance, foreign targets, and purge readback 48ms
     ✓ publishes the bounded query and explicit decision contracts in OpenAPI 74ms
 ✓ src/db/feedback-planning-context-migration.test.ts (2 tests) 139ms

⎯⎯⎯⎯⎯⎯⎯ Failed Tests 1 ⎯⎯⎯⎯⎯⎯⎯

 FAIL  src/routes/feedback-planning/index.test.ts > source-linked feedback planning context > returns exact bounded evidence, separate history, open stale concerns, and owner-safe export
AssertionError: expected [ { …(12) }, { …(12) } ] to deeply equal ArrayContaining{…}

- Expected
+ Received

- ArrayContaining [
-   ObjectContaining {
+ [
+   {
+     "actionable": false,
      "answer": {
+       "answeredAt": "2026-09-08T20:04:25.367Z",
+       "exactText": "[\"Not tested\"]",
+       "nativeType": "multi_select",
        "nativeValue": [
          "Not tested",
        ],
+       "notes": null,
+       "priorRevisionId": "8f98159e-3402-426f-97fe-11b33ed5a112",
+       "respondentActorId": "owner-a",
+       "respondentSource": "user",
+       "responseId": "609294c3-e6e8-40b4-a813-3271a64a32c3",
+       "responseRevisionId": "55a950fd-4b2f-4d5f-a719-a4aca6f9e197",
+       "revision": 2,
        "state": "answered",
      },
      "classification": "historical_observation",
+     "contentRole": "quoted_data",
+     "context": {
+       "bodyRegion": "toe/lower leg",
+       "concernRef": "synthetic-toe-flare",
+       "exerciseId": "tib-raise",
+       "exerciseName": "Tibialis Raise",
+       "label": "Synthetic tib-bar precaution",
+       "laterality": "left",
+     },
+     "dependencies": [
+       {
+         "id": "b543d5b8-e7c4-41b2-b188-78277d47bd5f",
+         "kind": "question_revision",
+         "version": "66f2524bc81cc683d49fa0bc196ab94b1a07e3992962b44b0be49d6fc8ca6aad",
+       },
+       {
+         "id": "55a950fd-4b2f-4d5f-a719-a4aca6f9e197",
+         "kind": "answer_revision",
+         "version": "{\"answer\":\"ad6b0de36c061de0722c2d170f1fa3eb41b80d6f7c3270874afc78685c35f463\",\"projection\":\"historical\",\"revision\":2}",
+       },
+       {
+         "id": "0c15090e-7986-4b19-8ccd-3a57ce8e31ce",
+         "kind": "session",
+         "version": "{\"deletedAt\":null,\"updatedAt\":1788897865370}",
+       },
+       {
+         "id": "0c15090e-7986-4b19-8ccd-3a57ce8e31ce",
+         "kind": "session_sets",
+         "version": "ff427d287688ccc6ca30c7ac327dc95757ae4bfdfdfb108c4bf672420416b517",
+       },
+       {
+         "id": "0c15090e-7986-4b19-8ccd-3a57ce8e31ce",
+         "kind": "note_disposition",
+         "version": "4f53cda18c2baa0c0354bb5f9a3ecbe5ed12ab4d8e11ba873c2f11161202b945",
+       },
+       {
+         "id": "0c15090e-7986-4b19-8ccd-3a57ce8e31ce",
+         "kind": "migration_classification",
+         "version": "0a94f6fc979ba7eb1a0689fe7da1b3c5e7d0d643283c3ec6964acf7264174cbb",
+       },
+     ],
+     "dependencyFingerprint": "7d8935461ef1cac5392a74b59660c53c8a4e98916c52d05ba2740ffd30796b54",
+     "id": "55a950fd-4b2f-4d5f-a719-a4aca6f9e197",
      "projection": "historical",
+     "question": {
+       "authoredAt": "2026-09-08T20:04:25.332Z",
+       "id": "toe-flare-check",
+       "priorRevisionId": null,
+       "prompt": "For ordinary walking, tib-bar setup, and today's raises, select only what you explicitly observed.",
+       "revisionId": "b543d5b8-e7c4-41b2-b188-78277d47bd5f",
+       "sourceActorId": "agent-a",
+       "sourceActorName": "Synthetic Planning Agent",
+       "sourceKind": "agent_token",
+       "timing": "next_check_in",
+       "type": "multi_select",
+       "version": 1,
      },
-   ObjectContaining {
+     "session": {
+       "completedAt": 1785594600000,
+       "date": "2026-08-01",
+       "id": "0c15090e-7986-4b19-8ccd-3a57ce8e31ce",
+       "startedAt": 1785592800000,
+       "updatedAt": 1788897865370,
+       "workoutName": "Synthetic source-linked tib template",
+     },
+     "source": {
+       "availability": "available",
+       "kind": "native_feedback_response",
+       "lastUpdatedAt": 1788897865369,
+       "link": "/api/v1/workout-sessions/0c15090e-7986-4b19-8ccd-3a57ce8e31ce",
+       "locator": {
+         "entityId": "55a950fd-4b2f-4d5f-a719-a4aca6f9e197",
+         "entityType": "workout_feedback_answer",
+         "route": "/api/v1/workout-sessions/0c15090e-7986-4b19-8ccd-3a57ce8e31ce",
+         "sessionId": "0c15090e-7986-4b19-8ccd-3a57ce8e31ce",
+       },
+       "stale": true,
+       "stalenessReasons": [
+         "superseded_by_answer_revision",
+       ],
+     },
+   },
+   {
+     "actionable": false,
      "answer": {
+       "answeredAt": "2026-09-08T20:04:25.360Z",
+       "exactText": null,
+       "nativeType": "multi_select",
        "nativeValue": null,
+       "notes": null,
+       "priorRevisionId": null,
+       "respondentActorId": "owner-a",
+       "respondentSource": "user",
+       "responseId": "609294c3-e6e8-40b4-a813-3271a64a32c3",
+       "responseRevisionId": "8f98159e-3402-426f-97fe-11b33ed5a112",
+       "revision": 1,
        "state": "unanswered",
      },
      "classification": "historical_observation",
+     "contentRole": "quoted_data",
+     "context": {
+       "bodyRegion": "toe/lower leg",
+       "concernRef": "synthetic-toe-flare",
+       "exerciseId": "tib-raise",
+       "exerciseName": "Tibialis Raise",
+       "label": "Synthetic tib-bar precaution",
+       "laterality": "left",
+     },
+     "dependencies": [
+       {
+         "id": "b543d5b8-e7c4-41b2-b188-78277d47bd5f",
+         "kind": "question_revision",
+         "version": "66f2524bc81cc683d49fa0bc196ab94b1a07e3992962b44b0be49d6fc8ca6aad",
+       },
+       {
+         "id": "8f98159e-3402-426f-97fe-11b33ed5a112",
+         "kind": "answer_revision",
+         "version": "{\"answer\":\"c928f25fdb2ff13e9d91ca7d8b29663c2034e6b9f491dd6ba84bb9299e3653cb\",\"projection\":\"historical\",\"revision\":1}",
+       },
+       {
+         "id": "0c15090e-7986-4b19-8ccd-3a57ce8e31ce",
+         "kind": "session",
+         "version": "{\"deletedAt\":null,\"updatedAt\":1788897865370}",
+       },
+       {
+         "id": "0c15090e-7986-4b19-8ccd-3a57ce8e31ce",
+         "kind": "session_sets",
+         "version": "ff427d287688ccc6ca30c7ac327dc95757ae4bfdfdfb108c4bf672420416b517",
+       },
+       {
+         "id": "0c15090e-7986-4b19-8ccd-3a57ce8e31ce",
+         "kind": "note_disposition",
+         "version": "4f53cda18c2baa0c0354bb5f9a3ecbe5ed12ab4d8e11ba873c2f11161202b945",
+       },
+       {
+         "id": "0c15090e-7986-4b19-8ccd-3a57ce8e31ce",
+         "kind": "migration_classification",
+         "version": "0a94f6fc979ba7eb1a0689fe7da1b3c5e7d0d643283c3ec6964acf7264174cbb",
+       },
+     ],
+     "dependencyFingerprint": "a24ff07b75126fb4534e4d728820ed5bbb577aa8e0140d68b01fd1e6b319a46c",
+     "id": "8f98159e-3402-426f-97fe-11b33ed5a112",
      "projection": "historical",
+     "question": {
+       "authoredAt": "2026-09-08T20:04:25.332Z",
+       "id": "toe-flare-check",
+       "priorRevisionId": null,
+       "prompt": "For ordinary walking, tib-bar setup, and today's raises, select only what you explicitly observed.",
+       "revisionId": "b543d5b8-e7c4-41b2-b188-78277d47bd5f",
+       "sourceActorId": "agent-a",
+       "sourceActorName": "Synthetic Planning Agent",
+       "sourceKind": "agent_token",
+       "timing": "next_check_in",
+       "type": "multi_select",
+       "version": 1,
+     },
+     "session": {
+       "completedAt": 1785594600000,
+       "date": "2026-08-01",
+       "id": "0c15090e-7986-4b19-8ccd-3a57ce8e31ce",
+       "startedAt": 1785592800000,
+       "updatedAt": 1788897865370,
+       "workoutName": "Synthetic source-linked tib template",
+     },
+     "source": {
+       "availability": "available",
+       "kind": "native_feedback_response",
+       "lastUpdatedAt": 1788897865369,
+       "link": "/api/v1/workout-sessions/0c15090e-7986-4b19-8ccd-3a57ce8e31ce",
+       "locator": {
+         "entityId": "8f98159e-3402-426f-97fe-11b33ed5a112",
+         "entityType": "workout_feedback_answer",
+         "route": "/api/v1/workout-sessions/0c15090e-7986-4b19-8ccd-3a57ce8e31ce",
+         "sessionId": "0c15090e-7986-4b19-8ccd-3a57ce8e31ce",
+       },
+       "stale": true,
+       "stalenessReasons": [
+         "superseded_by_answer_revision",
+       ],
+     },
    },
  ]

 ❯ src/routes/feedback-planning/index.test.ts:409:32
    407|     ).toBe(true);
    408|     expect(page.history.total).toBe(2);
    409|     expect(page.history.items).toEqual(
       |                                ^
    410|       expect.arrayContaining([
    411|         expect.objectContaining({

⎯⎯⎯⎯⎯⎯⎯⎯⎯⎯⎯⎯⎯⎯⎯⎯⎯⎯⎯⎯⎯⎯⎯⎯[1/1]⎯


 Test Files  1 failed | 1 passed (2)
      Tests  1 failed | 5 passed (6)
   Start at  16:04:24
   Duration  2.03s (transform 604ms, setup 0ms, import 729ms, tests 1.11s, environment 0ms)

undefined
/Users/meridian/Projects/pulse-feedback-planning-context/apps/api:
 ERR_PNPM_RECURSIVE_EXEC_FIRST_FAIL  Command failed with exit code 1: vitest run src/routes/feedback-planning/index.test.ts src/db/feedback-planning-context-migration.test.ts --no-cache --maxWorkers=1 --no-file-parallelism

STDOUT_STDERR_END
ENDED_UTC: 2026-09-08T20:04:26.117Z
EXIT_CODE: 1
