RECEIPT_FORMAT: pulse-151-raw-v1
TESTED_COMMIT: 696f6776641c51e0132ceb021f951937803247c6
BRANCH: feat/feedback-planning-context
WORKTREE: /Users/meridian/Projects/pulse-feedback-planning-context
WORKTREE_DIRTY_BEFORE: true
DIRTY_PATCH_SHA256: 0fc6b3ce356624544204172b1dbcc06fcf9ad49d44f139b440b698cabf56b5e4
STARTED_UTC: 2026-09-08T20:13:25.838Z
COMMAND_ARGV_JSON: ["pnpm","exec","prettier","--write","packages/shared/src/schemas/feedback-planning-context.ts","apps/api/src/routes/feedback-planning/store.ts","apps/api/src/routes/feedback-planning/index.test.ts","apps/api/src/db/feedback-planning-context-migration.test.ts","docs/conventions/agent-integration.md","docs/implementation/feedback-planning-context-evidence/consumer-inventory.md"]
COMMAND: "pnpm" "exec" "prettier" "--write" "packages/shared/src/schemas/feedback-planning-context.ts" "apps/api/src/routes/feedback-planning/store.ts" "apps/api/src/routes/feedback-planning/index.test.ts" "apps/api/src/db/feedback-planning-context-migration.test.ts" "docs/conventions/agent-integration.md" "docs/implementation/feedback-planning-context-evidence/consumer-inventory.md"
CACHE_CONTROLS_JSON: {}
STDOUT_STDERR_BEGIN
packages/shared/src/schemas/feedback-planning-context.ts 51ms (unchanged)
apps/api/src/routes/feedback-planning/store.ts 44ms
apps/api/src/routes/feedback-planning/index.test.ts 47ms (unchanged)
apps/api/src/db/feedback-planning-context-migration.test.ts 9ms
docs/conventions/agent-integration.md 47ms (unchanged)
docs/implementation/feedback-planning-context-evidence/consumer-inventory.md 6ms (unchanged)

STDOUT_STDERR_END
ENDED_UTC: 2026-09-08T20:13:26.582Z
EXIT_CODE: 0
