RECEIPT_FORMAT: pulse-151-raw-v1
TESTED_COMMIT: 696f6776641c51e0132ceb021f951937803247c6
BRANCH: feat/feedback-planning-context
WORKTREE: /Users/meridian/Projects/pulse-feedback-planning-context
WORKTREE_DIRTY_BEFORE: true
DIRTY_PATCH_SHA256: 0fc6b3ce356624544204172b1dbcc06fcf9ad49d44f139b440b698cabf56b5e4
STARTED_UTC: 2026-09-08T20:16:07.605Z
COMMAND_ARGV_JSON: ["pnpm","--filter","api","exec","vitest","run","src/routes/feedback-planning/index.test.ts","src/db/feedback-planning-context-migration.test.ts","--no-cache","--maxWorkers=1","--no-file-parallelism"]
COMMAND: "pnpm" "--filter" "api" "exec" "vitest" "run" "src/routes/feedback-planning/index.test.ts" "src/db/feedback-planning-context-migration.test.ts" "--no-cache" "--maxWorkers=1" "--no-file-parallelism"
CACHE_CONTROLS_JSON: {"PULSE_TEST_NOW":"2026-09-08T16:00:00.000Z","CI":"true"}
STDOUT_STDERR_BEGIN

 RUN  v4.0.18 /Users/meridian/Projects/pulse-feedback-planning-context/apps/api

 ✓ src/routes/feedback-planning/index.test.ts (4 tests) 876ms
 ❯ src/db/feedback-planning-context-migration.test.ts (3 tests | 1 failed) 190ms
     ✓ upgrades an exact through-0062 database without rewriting historical feedback and restores the predecessor 76ms
     ✓ rolls back an actually interrupted migration without partial schema or journal state 66ms
     × installs fresh and enforces owner links, append-only history, cascade purge, and atomic rollback 48ms

⎯⎯⎯⎯⎯⎯⎯ Failed Tests 1 ⎯⎯⎯⎯⎯⎯⎯

 FAIL  src/db/feedback-planning-context-migration.test.ts > feedback planning context migration > installs fresh and enforces owner links, append-only history, cascade purge, and atomic rollback
SqliteError: CHECK constraint failed: workout_sessions_completed_at_check
 ❯ src/db/feedback-planning-context-migration.test.ts:257:8
    255|         "INSERT INTO workout_sessions(id,user_id,name,date,status,star…
    256|       )
    257|       .run();
       |        ^
    258|     insertDecision('decision-b', 'owner-a', 2, 'session-b', 'decision-…
    259|     sqlite.prepare("DELETE FROM workout_sessions WHERE id='session-a'"…

⎯⎯⎯⎯⎯⎯⎯⎯⎯⎯⎯⎯⎯⎯⎯⎯⎯⎯⎯⎯⎯⎯⎯⎯[1/1]⎯


 Test Files  1 failed | 1 passed (2)
      Tests  1 failed | 6 passed (7)
   Start at  16:16:08
   Duration  1.88s (transform 523ms, setup 0ms, import 648ms, tests 1.07s, environment 0ms)

undefined
/Users/meridian/Projects/pulse-feedback-planning-context/apps/api:
 ERR_PNPM_RECURSIVE_EXEC_FIRST_FAIL  Command failed with exit code 1: vitest run src/routes/feedback-planning/index.test.ts src/db/feedback-planning-context-migration.test.ts --no-cache --maxWorkers=1 --no-file-parallelism

STDOUT_STDERR_END
ENDED_UTC: 2026-09-08T20:16:10.100Z
EXIT_CODE: 1
