RECEIPT_FORMAT: pulse-151-raw-v1
TESTED_COMMIT: 696f6776641c51e0132ceb021f951937803247c6
BRANCH: feat/feedback-planning-context
WORKTREE: /Users/meridian/Projects/pulse-feedback-planning-context
WORKTREE_DIRTY_BEFORE: true
DIRTY_PATCH_SHA256: 89e0c19d079f987665a2ece24fcbb9c0545222543722d88647bcf1bfcf082c3e
STARTED_UTC: 2026-09-08T20:20:55.343Z
COMMAND_ARGV_JSON: ["pnpm","--filter","api","exec","vitest","run","src/index.test.ts","src/db/workout-feedback-migration.test.ts","--no-cache","--maxWorkers=1","--no-file-parallelism"]
COMMAND: "pnpm" "--filter" "api" "exec" "vitest" "run" "src/index.test.ts" "src/db/workout-feedback-migration.test.ts" "--no-cache" "--maxWorkers=1" "--no-file-parallelism"
CACHE_CONTROLS_JSON: {"TURBO_FORCE":"true","TURBO_CONCURRENCY":"1","CI":"true"}
STDOUT_STDERR_BEGIN

 RUN  v4.0.18 /Users/meridian/Projects/pulse-feedback-planning-context/apps/api

 ❯ src/index.test.ts (8 tests | 1 failed) 315ms
     ✓ returns an ok status payload 64ms
     ✓ serves an OpenAPI 3.1 document with Pulse security schemes 81ms
     ✓ documents unified request-body schemas without auth-branch anyOf bodies 68ms
     × documents all versioned API operations with tags, summaries, responses, and matching security 65ms
     ✓ serves Swagger UI at /api/docs 14ms
     ✓ wraps unhandled errors in the standard API error envelope 14ms
     ✓ documents the OpenAPI and Swagger UI endpoints consistently in project docs 3ms
     ✓ does not manually parse request params, query, or body in route files 6ms
 ❯ src/db/workout-feedback-migration.test.ts (3 tests | 1 failed) 195ms
     ✓ upgrades an exact through-0061 fixture, preserves #149 bytes, and restores the untouched predecessor 90ms
     × installs the full current journal on an empty database 54ms
     ✓ enforces owner links, exact revision order, immutable rows, and atomic rollback 51ms

⎯⎯⎯⎯⎯⎯⎯ Failed Tests 2 ⎯⎯⎯⎯⎯⎯⎯

 FAIL  src/index.test.ts > OpenAPI docs > documents all versioned API operations with tags, summaries, responses, and matching security
AssertionError: expected [ { bearerAuth: [] }, …(1) ] to deeply equal [ { agentToken: [] } ]

- Expected
+ Received

  [
    {
+     "bearerAuth": [],
+   },
+   {
      "agentToken": [],
    },
  ]

 ❯ src/index.test.ts:355:38
    353| 
    354|         if (routePath.startsWith('/api/v1/context')) {
    355|           expect(operation.security).toEqual([{ agentToken: [] }]);
       |                                      ^
    356|           continue;
    357|         }

⎯⎯⎯⎯⎯⎯⎯⎯⎯⎯⎯⎯⎯⎯⎯⎯⎯⎯⎯⎯⎯⎯⎯⎯[1/2]⎯

 FAIL  src/db/workout-feedback-migration.test.ts > workout feedback question migration > installs the full current journal on an empty database
AssertionError: expected [ …(8) ] to deeply equal [ …(6) ]

- Expected
+ Received

  [
    "workout_feedback_answer_current",
    "workout_feedback_answer_revisions",
    "workout_feedback_answer_sets",
+   "workout_feedback_planning_decision_responses",
+   "workout_feedback_planning_decisions",
    "workout_feedback_question_definitions",
    "workout_feedback_question_list_revisions",
    "workout_feedback_question_lists",
  ]

 ❯ src/db/workout-feedback-migration.test.ts:160:45
    158|         )
    159|         .all() as Array<{ name: string }>;
    160|       expect(names.map(({ name }) => name)).toEqual([
       |                                             ^
    161|         'workout_feedback_answer_current',
    162|         'workout_feedback_answer_revisions',

⎯⎯⎯⎯⎯⎯⎯⎯⎯⎯⎯⎯⎯⎯⎯⎯⎯⎯⎯⎯⎯⎯⎯⎯[2/2]⎯


 Test Files  2 failed (2)
      Tests  2 failed | 9 passed (11)
   Start at  16:20:56
   Duration  1.92s (transform 708ms, setup 0ms, import 1.23s, tests 511ms, environment 0ms)

undefined
/Users/meridian/Projects/pulse-feedback-planning-context/apps/api:
 ERR_PNPM_RECURSIVE_EXEC_FIRST_FAIL  Command failed with exit code 1: vitest run src/index.test.ts src/db/workout-feedback-migration.test.ts --no-cache --maxWorkers=1 --no-file-parallelism

STDOUT_STDERR_END
ENDED_UTC: 2026-09-08T20:20:58.129Z
EXIT_CODE: 1
