RECEIPT_FORMAT: pulse-151-raw-v1
TESTED_COMMIT: 696f6776641c51e0132ceb021f951937803247c6
BRANCH: feat/feedback-planning-context
WORKTREE: /Users/meridian/Projects/pulse-feedback-planning-context
WORKTREE_DIRTY_BEFORE: true
DIRTY_PATCH_SHA256: f7973c7d32ec6ac6583d7cde243f9cc2a7ab464d062e7ff72369060a62877ea0
STARTED_UTC: 2026-09-08T20:21:34.643Z
COMMAND_ARGV_JSON: ["pnpm","--filter","api","exec","vitest","run","src/index.test.ts","src/db/workout-feedback-migration.test.ts","--no-cache","--maxWorkers=1","--no-file-parallelism"]
COMMAND: "pnpm" "--filter" "api" "exec" "vitest" "run" "src/index.test.ts" "src/db/workout-feedback-migration.test.ts" "--no-cache" "--maxWorkers=1" "--no-file-parallelism"
CACHE_CONTROLS_JSON: {"TURBO_FORCE":"true","TURBO_CONCURRENCY":"1","CI":"true"}
STDOUT_STDERR_BEGIN

 RUN  v4.0.18 /Users/meridian/Projects/pulse-feedback-planning-context/apps/api

 ✓ src/index.test.ts (8 tests) 298ms
 ✓ src/db/workout-feedback-migration.test.ts (3 tests) 185ms

 Test Files  2 passed (2)
      Tests  11 passed (11)
   Start at  16:21:35
   Duration  1.60s (transform 472ms, setup 0ms, import 956ms, tests 484ms, environment 0ms)


STDOUT_STDERR_END
ENDED_UTC: 2026-09-08T20:21:36.801Z
EXIT_CODE: 0
