RECEIPT_FORMAT: pulse-151-raw-v1
TESTED_COMMIT: 5cb0a04994da652a14e960471ecd7218dfee5176
BRANCH: feat/feedback-planning-context
WORKTREE: /Users/meridian/Projects/pulse-feedback-planning-context
WORKTREE_DIRTY_BEFORE: true
DIRTY_PATCH_SHA256: e3b0c44298fc1c149afbf4c8996fb92427ae41e4649b934ca495991b7852b855
STARTED_UTC: 2026-09-08T20:31:24.467Z
COMMAND_ARGV_JSON: ["pnpm","build"]
COMMAND: "pnpm" "build"
CACHE_CONTROLS_JSON: {"TURBO_FORCE":"true","TURBO_CONCURRENCY":"1","TURBO_ENV_MODE":"strict","CI":"true"}
STDOUT_STDERR_BEGIN

> pulse@ build /Users/meridian/Projects/pulse-feedback-planning-context
> turbo run build

• Packages in scope: @pulse/api, @pulse/shared, @pulse/web
• Running build in 3 packages
• Remote caching disabled, using shared worktree cache
@pulse/shared:build: cache bypass, force executing 8393fb9133e2edbc
@pulse/shared:build: 
@pulse/shared:build: > @pulse/shared@0.0.0 build /Users/meridian/Projects/pulse-feedback-planning-context/packages/shared
@pulse/shared:build: > tsc -p tsconfig.json
@pulse/shared:build: 
@pulse/api:build: cache bypass, force executing c9420192f2695207
@pulse/api:build: 
@pulse/api:build: > @pulse/api@0.0.0 build /Users/meridian/Projects/pulse-feedback-planning-context/apps/api
@pulse/api:build: > tsc
@pulse/api:build: 
@pulse/web:build: cache bypass, force executing f4d3a2aed8179028
@pulse/web:build: 
@pulse/web:build: > @pulse/web@0.0.0 build /Users/meridian/Projects/pulse-feedback-planning-context/apps/web
@pulse/web:build: > tsc -b && vite build
@pulse/web:build: 
@pulse/web:build: [36mvite v7.3.1 [32mbuilding client environment for production...[36m[39m
@pulse/web:build: transforming...
@pulse/web:build: [32m✓[39m 3918 modules transformed.
@pulse/web:build: rendering chunks...
@pulse/web:build: computing gzip size...
@pulse/web:build: [2mdist/[22m[32mindex.html                                       [39m[1m[2m  2.15 kB[22m[1m[22m[2m │ gzip:   0.75 kB[22m
@pulse/web:build: [2mdist/[22m[2massets/[22m[35mindex--uZa41wS.css                        [39m[1m[2m174.41 kB[22m[1m[22m[2m │ gzip:  25.13 kB[22m
@pulse/web:build: [2mdist/[22m[2massets/[22m[36mquery-polling-CWrVhzp4.js                 [39m[1m[2m  0.09 kB[22m[1m[22m[2m │ gzip:   0.09 kB[22m
@pulse/web:build: [2mdist/[22m[2massets/[22m[36mplus-C_Y5HP3M.js                          [39m[1m[2m  0.15 kB[22m[1m[22m[2m │ gzip:   0.15 kB[22m
@pulse/web:build: [2mdist/[22m[2massets/[22m[36marrow-up-C0zrW_Ng.js                      [39m[1m[2m  0.16 kB[22m[1m[22m[2m │ gzip:   0.16 kB[22m
@pulse/web:build: [2mdist/[22m[2massets/[22m[36mclock-3-BYXmXQ8f.js                       [39m[1m[2m  0.17 kB[22m[1m[22m[2m │ gzip:   0.16 kB[22m
@pulse/web:build: [2mdist/[22m[2massets/[22m[36marrow-right-CbINjgMo.js                   [39m[1m[2m  0.17 kB[22m[1m[22m[2m │ gzip:   0.16 kB[22m
@pulse/web:build: [2mdist/[22m[2massets/[22m[36msearch-DEVfp2hV.js                        [39m[1m[2m  0.17 kB[22m[1m[22m[2m │ gzip:   0.17 kB[22m
@pulse/web:build: [2mdist/[22m[2massets/[22m[36mcircle-check-BUZCqfwT.js                  [39m[1m[2m  0.17 kB[22m[1m[22m[2m │ gzip:   0.17 kB[22m
@pulse/web:build: [2mdist/[22m[2massets/[22m[36mtrending-up-CLg0uD2Z.js                   [39m[1m[2m  0.18 kB[22m[1m[22m[2m │ gzip:   0.17 kB[22m
@pulse/web:build: [2mdist/[22m[2massets/[22m[36mgauge-DZnOXgTM.js                         [39m[1m[2m  0.18 kB[22m[1m[22m[2m │ gzip:   0.17 kB[22m
@pulse/web:build: [2mdist/[22m[2massets/[22m[36mtrending-down-CFNDo1Fq.js                 [39m[1m[2m  0.18 kB[22m[1m[22m[2m │ gzip:   0.17 kB[22m
@pulse/web:build: [2mdist/[22m[2massets/[22m[36mflame-AYSv6fxY.js                         [39m[1m[2m  0.20 kB[22m[1m[22m[2m │ gzip:   0.18 kB[22m
@pulse/web:build: [2mdist/[22m[2massets/[22m[36minfo-C539L1C-.js                          [39m[1m[2m  0.20 kB[22m[1m[22m[2m │ gzip:   0.17 kB[22m
@pulse/web:build: [2mdist/[22m[2massets/[22m[36mrotate-ccw-BvnSnbYr.js                    [39m[1m[2m  0.20 kB[22m[1m[22m[2m │ gzip:   0.18 kB[22m
@pulse/web:build: [2mdist/[22m[2massets/[22m[36museThemeContext-DD6ClpGA.js               [39m[1m[2m  0.23 kB[22m[1m[22m[2m │ gzip:   0.19 kB[22m
@pulse/web:build: [2mdist/[22m[2massets/[22m[36mhistory-CyWJtfgQ.js                       [39m[1m[2m  0.24 kB[22m[1m[22m[2m │ gzip:   0.20 kB[22m
@pulse/web:build: [2mdist/[22m[2massets/[22m[36mtimer-CA-qK0TZ.js                         [39m[1m[2m  0.24 kB[22m[1m[22m[2m │ gzip:   0.18 kB[22m
@pulse/web:build: [2mdist/[22m[2massets/[22m[36mcircle-question-mark-Bhz6Pp3Y.js          [39m[1m[2m  0.24 kB[22m[1m[22m[2m │ gzip:   0.20 kB[22m
@pulse/web:build: [2mdist/[22m[2massets/[22m[36marrow-up-down-DFhtQclb.js                 [39m[1m[2m  0.25 kB[22m[1m[22m[2m │ gzip:   0.19 kB[22m
@pulse/web:build: [2mdist/[22m[2massets/[22m[36mroute-Cm0ysvob.js                         [39m[1m[2m  0.25 kB[22m[1m[22m[2m │ gzip:   0.20 kB[22m
@pulse/web:build: [2mdist/[22m[2massets/[22m[36mcircle-alert-CZgxS0_C.js                  [39m[1m[2m  0.25 kB[22m[1m[22m[2m │ gzip:   0.18 kB[22m
@pulse/web:build: [2mdist/[22m[2massets/[22m[36mchart-column-J4vPRXI_.js                  [39m[1m[2m  0.25 kB[22m[1m[22m[2m │ gzip:   0.19 kB[22m
@pulse/web:build: [2mdist/[22m[2massets/[22m[36mheart-C3FvaeZY.js                         [39m[1m[2m  0.26 kB[22m[1m[22m[2m │ gzip:   0.22 kB[22m
@pulse/web:build: [2mdist/[22m[2massets/[22m[36mpencil-B4IcsTwW.js                        [39m[1m[2m  0.28 kB[22m[1m[22m[2m │ gzip:   0.23 kB[22m
@pulse/web:build: [2mdist/[22m[2massets/[22m[36mbook-open-ploAmBMP.js                     [39m[1m[2m  0.28 kB[22m[1m[22m[2m │ gzip:   0.21 kB[22m
@pulse/web:build: [2mdist/[22m[2massets/[22m[36marrow-up-right-B0wZZ590.js                [39m[1m[2m  0.29 kB[22m[1m[22m[2m │ gzip:   0.21 kB[22m
@pulse/web:build: [2mdist/[22m[2massets/[22m[36mpencil-line-C2L2drVn.js                   [39m[1m[2m  0.32 kB[22m[1m[22m[2m │ gzip:   0.24 kB[22m
@pulse/web:build: [2mdist/[22m[2massets/[22m[36mrefresh-cw-T9VeHSv8.js                    [39m[1m[2m  0.32 kB[22m[1m[22m[2m │ gzip:   0.22 kB[22m
@pulse/web:build: [2mdist/[22m[2massets/[22m[36mtrash-2-B9DprD4O.js                       [39m[1m[2m  0.33 kB[22m[1m[22m[2m │ gzip:   0.22 kB[22m
@pulse/web:build: [2mdist/[22m[2massets/[22m[36mprogram-local-midnight-CRmRPPU5.js        [39m[1m[2m  0.33 kB[22m[1m[22m[2m │ gzip:   0.27 kB[22m
@pulse/web:build: [2mdist/[22m[2massets/[22m[36mscale-BLbDBktR.js                         [39m[1m[2m  0.33 kB[22m[1m[22m[2m │ gzip:   0.22 kB[22m
@pulse/web:build: [2mdist/[22m[2massets/[22m[36mgrip-vertical-Bx7XibvV.js                 [39m[1m[2m  0.37 kB[22m[1m[22m[2m │ gzip:   0.19 kB[22m
@pulse/web:build: [2mdist/[22m[2massets/[22m[36mcalendar-clock-BnUG4URt.js                [39m[1m[2m  0.37 kB[22m[1m[22m[2m │ gzip:   0.25 kB[22m
@pulse/web:build: [2mdist/[22m[2massets/[22m[36mlabel-BTDEB27u.js                         [39m[1m[2m  0.37 kB[22m[1m[22m[2m │ gzip:   0.28 kB[22m
@pulse/web:build: [2mdist/[22m[2massets/[22m[36muse-today-key-DbXQyMwU.js                 [39m[1m[2m  0.39 kB[22m[1m[22m[2m │ gzip:   0.27 kB[22m
@pulse/web:build: [2mdist/[22m[2massets/[22m[36mindex-By-Jmd7D.js                         [39m[1m[2m  0.43 kB[22m[1m[22m[2m │ gzip:   0.29 kB[22m
@pulse/web:build: [2mdist/[22m[2massets/[22m[36mtemplate-tags-Ce0Nr_b0.js                 [39m[1m[2m  0.43 kB[22m[1m[22m[2m │ gzip:   0.29 kB[22m
@pulse/web:build: [2mdist/[22m[2massets/[22m[36maccent-card-styles-juGWYX3b.js            [39m[1m[2m  0.48 kB[22m[1m[22m[2m │ gzip:   0.21 kB[22m
@pulse/web:build: [2mdist/[22m[2massets/[22m[36mcalendar-days-CJC2Y6hN.js                 [39m[1m[2m  0.50 kB[22m[1m[22m[2m │ gzip:   0.27 kB[22m
@pulse/web:build: [2mdist/[22m[2massets/[22m[36msparkles-fOwRD1eg.js                      [39m[1m[2m  0.50 kB[22m[1m[22m[2m │ gzip:   0.28 kB[22m
@pulse/web:build: [2mdist/[22m[2massets/[22m[36mdate-utils-hJv2Zwft.js                    [39m[1m[2m  0.52 kB[22m[1m[22m[2m │ gzip:   0.30 kB[22m
@pulse/web:build: [2mdist/[22m[2massets/[22m[36mworkout-session-sets-CqGuqGnY.js          [39m[1m[2m  0.57 kB[22m[1m[22m[2m │ gzip:   0.34 kB[22m
@pulse/web:build: [2mdist/[22m[2massets/[22m[36mcircle-dashed-Di4Y1z69.js                 [39m[1m[2m  0.58 kB[22m[1m[22m[2m │ gzip:   0.29 kB[22m
@pulse/web:build: [2mdist/[22m[2massets/[22m[36mtextarea-Ks9xpFx5.js                      [39m[1m[2m  0.64 kB[22m[1m[22m[2m │ gzip:   0.39 kB[22m
@pulse/web:build: [2mdist/[22m[2massets/[22m[36mmarkdown-note-C3nq-OSr.js                 [39m[1m[2m  0.65 kB[22m[1m[22m[2m │ gzip:   0.39 kB[22m
@pulse/web:build: [2mdist/[22m[2massets/[22m[36mchart-range-control-BH1U7Uyo.js           [39m[1m[2m  0.66 kB[22m[1m[22m[2m │ gzip:   0.41 kB[22m
@pulse/web:build: [2mdist/[22m[2massets/[22m[36mempty-state-C1c-IGvF.js                   [39m[1m[2m  0.69 kB[22m[1m[22m[2m │ gzip:   0.42 kB[22m
@pulse/web:build: [2mdist/[22m[2massets/[22m[36msuperset-utils-BC-p35w7.js                [39m[1m[2m  0.70 kB[22m[1m[22m[2m │ gzip:   0.42 kB[22m
@pulse/web:build: [2mdist/[22m[2massets/[22m[36msave-CFJJRiL_.js                          [39m[1m[2m  0.70 kB[22m[1m[22m[2m │ gzip:   0.34 kB[22m
@pulse/web:build: [2mdist/[22m[2massets/[22m[36mformat-utils-Bsyxf4FY.js                  [39m[1m[2m  0.73 kB[22m[1m[22m[2m │ gzip:   0.35 kB[22m
@pulse/web:build: [2mdist/[22m[2massets/[22m[36mwrench-BoRyaC8l.js                        [39m[1m[2m  0.74 kB[22m[1m[22m[2m │ gzip:   0.38 kB[22m
@pulse/web:build: [2mdist/[22m[2massets/[22m[36mseparator-C8Ev-ECs.js                     [39m[1m[2m  0.78 kB[22m[1m[22m[2m │ gzip:   0.42 kB[22m
@pulse/web:build: [2mdist/[22m[2massets/[22m[36mchart-legend-CwPcGn81.js                  [39m[1m[2m  0.85 kB[22m[1m[22m[2m │ gzip:   0.49 kB[22m
@pulse/web:build: [2mdist/[22m[2massets/[22m[36mmarkdown-aUL2GTqK.js                      [39m[1m[2m  0.87 kB[22m[1m[22m[2m │ gzip:   0.43 kB[22m
@pulse/web:build: [2mdist/[22m[2massets/[22m[36mpage-header-1gJzx6rL.js                   [39m[1m[2m  0.90 kB[22m[1m[22m[2m │ gzip:   0.42 kB[22m
@pulse/web:build: [2mdist/[22m[2massets/[22m[36mrename-exercise-dialog-2PPaAtDW.js        [39m[1m[2m  0.94 kB[22m[1m[22m[2m │ gzip:   0.56 kB[22m
@pulse/web:build: [2mdist/[22m[2massets/[22m[36minput-DohNJVei.js                         [39m[1m[2m  0.95 kB[22m[1m[22m[2m │ gzip:   0.54 kB[22m
@pulse/web:build: [2mdist/[22m[2massets/[22m[36muse-date-authority-Dm2X8GPy.js            [39m[1m[2m  0.96 kB[22m[1m[22m[2m │ gzip:   0.53 kB[22m
@pulse/web:build: [2mdist/[22m[2massets/[22m[36mtrend-weight-date-vlormCn4.js             [39m[1m[2m  1.00 kB[22m[1m[22m[2m │ gzip:   0.50 kB[22m
@pulse/web:build: [2mdist/[22m[2massets/[22m[36mprogress-bar-QERkiJj6.js                  [39m[1m[2m  1.04 kB[22m[1m[22m[2m │ gzip:   0.58 kB[22m
@pulse/web:build: [2mdist/[22m[2massets/[22m[36mprogress-ring-kgiKreOc.js                 [39m[1m[2m  1.21 kB[22m[1m[22m[2m │ gzip:   0.64 kB[22m
@pulse/web:build: [2mdist/[22m[2massets/[22m[36mindex-DFGasYjK.js                         [39m[1m[2m  1.31 kB[22m[1m[22m[2m │ gzip:   0.66 kB[22m
@pulse/web:build: [2mdist/[22m[2massets/[22m[36muse-debounced-callback-YJiMh7XK.js        [39m[1m[2m  1.32 kB[22m[1m[22m[2m │ gzip:   0.61 kB[22m
@pulse/web:build: [2mdist/[22m[2massets/[22m[36mbadge-6S8q6aey.js                         [39m[1m[2m  1.34 kB[22m[1m[22m[2m │ gzip:   0.64 kB[22m
@pulse/web:build: [2mdist/[22m[2massets/[22m[36mpreview-banner-CErD1ukF.js                [39m[1m[2m  1.40 kB[22m[1m[22m[2m │ gzip:   0.77 kB[22m
@pulse/web:build: [2mdist/[22m[2massets/[22m[36mprogression-D0Q95KpE.js                   [39m[1m[2m  1.47 kB[22m[1m[22m[2m │ gzip:   0.73 kB[22m
@pulse/web:build: [2mdist/[22m[2massets/[22m[36mchart-exploration-CIVsEJBu.js             [39m[1m[2m  1.70 kB[22m[1m[22m[2m │ gzip:   0.76 kB[22m
@pulse/web:build: [2mdist/[22m[2massets/[22m[36madaptive-weekly-review-CDO-2MFv.js        [39m[1m[2m  1.80 kB[22m[1m[22m[2m │ gzip:   0.96 kB[22m
@pulse/web:build: [2mdist/[22m[2massets/[22m[36mstat-card-BEuhtOeo.js                     [39m[1m[2m  2.30 kB[22m[1m[22m[2m │ gzip:   1.08 kB[22m
@pulse/web:build: [2mdist/[22m[2massets/[22m[36mchart-tooltip-Cmc-JmwO.js                 [39m[1m[2m  2.49 kB[22m[1m[22m[2m │ gzip:   1.04 kB[22m
@pulse/web:build: [2mdist/[22m[2massets/[22m[36mhelp-icon-LiKtjS8w.js                     [39m[1m[2m  2.66 kB[22m[1m[22m[2m │ gzip:   1.06 kB[22m
@pulse/web:build: [2mdist/[22m[2massets/[22m[36mdialog-C6DaGpOH.js                        [39m[1m[2m  2.79 kB[22m[1m[22m[2m │ gzip:   1.07 kB[22m
@pulse/web:build: [2mdist/[22m[2massets/[22m[36mlogin-DIvKMHB0.js                         [39m[1m[2m  3.12 kB[22m[1m[22m[2m │ gzip:   1.30 kB[22m
@pulse/web:build: [2mdist/[22m[2massets/[22m[36mchart-summary-BShp06Dj.js                 [39m[1m[2m  3.16 kB[22m[1m[22m[2m │ gzip:   1.38 kB[22m
@pulse/web:build: [2mdist/[22m[2massets/[22m[36mjournal-entry-BmzsVzQX.js                 [39m[1m[2m  3.45 kB[22m[1m[22m[2m │ gzip:   1.36 kB[22m
@pulse/web:build: [2mdist/[22m[2massets/[22m[36mhabit-chain-dot-D5whOyiU.js               [39m[1m[2m  3.45 kB[22m[1m[22m[2m │ gzip:   1.63 kB[22m
@pulse/web:build: [2mdist/[22m[2massets/[22m[36mmock-data-C5acpO0F.js                     [39m[1m[2m  3.71 kB[22m[1m[22m[2m │ gzip:   1.57 kB[22m
@pulse/web:build: [2mdist/[22m[2massets/[22m[36mprofile-D_DBxJyV.js                       [39m[1m[2m  4.10 kB[22m[1m[22m[2m │ gzip:   1.62 kB[22m
@pulse/web:build: [2mdist/[22m[2massets/[22m[36mregister-DFqGy1P6.js                      [39m[1m[2m  4.17 kB[22m[1m[22m[2m │ gzip:   1.53 kB[22m
@pulse/web:build: [2mdist/[22m[2massets/[22m[36mresources-BcWBvzrG.js                     [39m[1m[2m  4.22 kB[22m[1m[22m[2m │ gzip:   1.73 kB[22m
@pulse/web:build: [2mdist/[22m[2massets/[22m[36mswap-exercise-dialog-ooLQl2Pj.js          [39m[1m[2m  4.43 kB[22m[1m[22m[2m │ gzip:   1.81 kB[22m
@pulse/web:build: [2mdist/[22m[2massets/[22m[36mjournal-9nt2kH39.js                       [39m[1m[2m  5.46 kB[22m[1m[22m[2m │ gzip:   2.07 kB[22m
@pulse/web:build: [2mdist/[22m[2massets/[22m[36mresource-detail-CcNJ6itT.js               [39m[1m[2m  5.60 kB[22m[1m[22m[2m │ gzip:   1.80 kB[22m
@pulse/web:build: [2mdist/[22m[2massets/[22m[36mpopover-Cat95zNb.js                       [39m[1m[2m  6.04 kB[22m[1m[22m[2m │ gzip:   2.18 kB[22m
@pulse/web:build: [2mdist/[22m[2massets/[22m[36muse-dashboard-config-CJ844opd.js          [39m[1m[2m  6.31 kB[22m[1m[22m[2m │ gzip:   2.06 kB[22m
@pulse/web:build: [2mdist/[22m[2massets/[22m[36mnutrition-day-status-control-lBKwMvTq.js  [39m[1m[2m  7.40 kB[22m[1m[22m[2m │ gzip:   2.50 kB[22m
@pulse/web:build: [2mdist/[22m[2massets/[22m[36mview-toggle-DaokvniO.js                   [39m[1m[2m  8.76 kB[22m[1m[22m[2m │ gzip:   3.22 kB[22m
@pulse/web:build: [2mdist/[22m[2massets/[22m[36minjuries-BeCl-nw_.js                      [39m[1m[2m  9.27 kB[22m[1m[22m[2m │ gzip:   3.25 kB[22m
@pulse/web:build: [2mdist/[22m[2massets/[22m[36mweight-history-CVuavAC0.js                [39m[1m[2m  9.86 kB[22m[1m[22m[2m │ gzip:   3.54 kB[22m
@pulse/web:build: [2mdist/[22m[2massets/[22m[36mdesign-system-BWu5tP4G.js                 [39m[1m[2m  9.95 kB[22m[1m[22m[2m │ gzip:   3.14 kB[22m
@pulse/web:build: [2mdist/[22m[2massets/[22m[36mmock-data-BdIm0o1s.js                     [39m[1m[2m 10.15 kB[22m[1m[22m[2m │ gzip:   4.26 kB[22m
@pulse/web:build: [2mdist/[22m[2massets/[22m[36mmock-data-CQIoA5Xk.js                     [39m[1m[2m 14.00 kB[22m[1m[22m[2m │ gzip:   4.60 kB[22m
@pulse/web:build: [2mdist/[22m[2massets/[22m[36msession-feedback-BHksBp9H.js              [39m[1m[2m 14.49 kB[22m[1m[22m[2m │ gzip:   4.70 kB[22m
@pulse/web:build: [2mdist/[22m[2massets/[22m[36mequipment-CdncPUGV.js                     [39m[1m[2m 15.22 kB[22m[1m[22m[2m │ gzip:   4.76 kB[22m
@pulse/web:build: [2mdist/[22m[2massets/[22m[36mactivity-DrBd527H.js                      [39m[1m[2m 16.18 kB[22m[1m[22m[2m │ gzip:   5.24 kB[22m
@pulse/web:build: [2mdist/[22m[2massets/[22m[36mtrend-weight-workspace-DpcB6Emr.js        [39m[1m[2m 17.30 kB[22m[1m[22m[2m │ gzip:   5.29 kB[22m
@pulse/web:build: [2mdist/[22m[2massets/[22m[36mworkouts-cQ937JP3.js                      [39m[1m[2m 19.70 kB[22m[1m[22m[2m │ gzip:   4.74 kB[22m
@pulse/web:build: [2mdist/[22m[2massets/[22m[36mselect-Chj0NvLy.js                        [39m[1m[2m 20.60 kB[22m[1m[22m[2m │ gzip:   7.29 kB[22m
@pulse/web:build: [2mdist/[22m[2massets/[22m[36mactive-session-s2JJqrJA.js                [39m[1m[2m 21.30 kB[22m[1m[22m[2m │ gzip:   6.53 kB[22m
@pulse/web:build: [2mdist/[22m[2massets/[22m[36mdropdown-menu-DSSOvixG.js                 [39m[1m[2m 21.90 kB[22m[1m[22m[2m │ gzip:   6.83 kB[22m
@pulse/web:build: [2mdist/[22m[2massets/[22m[36menergy-balance-pKv1ABOy.js                [39m[1m[2m 21.98 kB[22m[1m[22m[2m │ gzip:   6.57 kB[22m
@pulse/web:build: [2mdist/[22m[2massets/[22m[36minjury-detail-7bTTFkIF.js                 [39m[1m[2m 23.40 kB[22m[1m[22m[2m │ gzip:   7.26 kB[22m
@pulse/web:build: [2mdist/[22m[2massets/[22m[36mdata-quality-C9z_7Y_j.js                  [39m[1m[2m 24.95 kB[22m[1m[22m[2m │ gzip:   7.73 kB[22m
@pulse/web:build: [2mdist/[22m[2massets/[22m[36mworkout-template-detail-C8ra5X5g.js       [39m[1m[2m 24.96 kB[22m[1m[22m[2m │ gzip:   7.82 kB[22m
@pulse/web:build: [2mdist/[22m[2massets/[22m[36msettings-D33ugzX3.js                      [39m[1m[2m 29.74 kB[22m[1m[22m[2m │ gzip:   8.12 kB[22m
@pulse/web:build: [2mdist/[22m[2massets/[22m[36mzod-DXL12IUs.js                           [39m[1m[2m 29.90 kB[22m[1m[22m[2m │ gzip:  10.78 kB[22m
@pulse/web:build: [2mdist/[22m[2massets/[22m[36mgoal-trajectory-BvxC-yeE.js               [39m[1m[2m 30.30 kB[22m[1m[22m[2m │ gzip:   8.65 kB[22m
@pulse/web:build: [2mdist/[22m[2massets/[22m[36mweekly-decision-review-C0nq59_p.js        [39m[1m[2m 32.94 kB[22m[1m[22m[2m │ gzip:   8.62 kB[22m
@pulse/web:build: [2mdist/[22m[2massets/[22m[36mworkout-session-detail-D9b9y8DP.js        [39m[1m[2m 36.77 kB[22m[1m[22m[2m │ gzip:  10.92 kB[22m
@pulse/web:build: [2mdist/[22m[2massets/[22m[36mvendor-router-D-aEi-ws.js                 [39m[1m[2m 37.19 kB[22m[1m[22m[2m │ gzip:  13.40 kB[22m
@pulse/web:build: [2mdist/[22m[2massets/[22m[36mscheduled-workout-detail-BZ7_c6c9.js      [39m[1m[2m 37.80 kB[22m[1m[22m[2m │ gzip:  11.69 kB[22m
@pulse/web:build: [2mdist/[22m[2massets/[22m[36mhabits-SgKVd6IT.js                        [39m[1m[2m 39.34 kB[22m[1m[22m[2m │ gzip:  11.79 kB[22m
@pulse/web:build: [2mdist/[22m[2massets/[22m[36mvendor-query-Y28iZGx7.js                  [39m[1m[2m 45.14 kB[22m[1m[22m[2m │ gzip:  13.84 kB[22m
@pulse/web:build: [2mdist/[22m[2massets/[22m[36msortable.esm-D8F9ivIY.js                  [39m[1m[2m 51.01 kB[22m[1m[22m[2m │ gzip:  17.09 kB[22m
@pulse/web:build: [2mdist/[22m[2massets/[22m[36muse-workout-session-Djej-C-S.js           [39m[1m[2m 56.60 kB[22m[1m[22m[2m │ gzip:  16.45 kB[22m
@pulse/web:build: [2mdist/[22m[2massets/[22m[36mvendor-zod-CxxuDTfS.js                    [39m[1m[2m 57.83 kB[22m[1m[22m[2m │ gzip:  13.48 kB[22m
@pulse/web:build: [2mdist/[22m[2massets/[22m[36mworkouts-B_yDHI3y.js                      [39m[1m[2m 67.54 kB[22m[1m[22m[2m │ gzip:  18.35 kB[22m
@pulse/web:build: [2mdist/[22m[2massets/[22m[36mdashboard-Bvog00-b.js                     [39m[1m[2m 69.23 kB[22m[1m[22m[2m │ gzip:  20.12 kB[22m
@pulse/web:build: [2mdist/[22m[2massets/[22m[36mgoal-editor-dialog-C-3wSSt5.js            [39m[1m[2m 69.87 kB[22m[1m[22m[2m │ gzip:  20.11 kB[22m
@pulse/web:build: [2mdist/[22m[2massets/[22m[36mschedule-workout-dialog-B3L-oJKh.js       [39m[1m[2m 71.22 kB[22m[1m[22m[2m │ gzip:  21.27 kB[22m
@pulse/web:build: [2mdist/[22m[2massets/[22m[36mactive-workout-DvtoH7Jn.js                [39m[1m[2m 97.90 kB[22m[1m[22m[2m │ gzip:  28.29 kB[22m
@pulse/web:build: [2mdist/[22m[2massets/[22m[36mnutrition-P5Kc5kjW.js                     [39m[1m[2m153.12 kB[22m[1m[22m[2m │ gzip:  41.28 kB[22m
@pulse/web:build: [2mdist/[22m[2massets/[22m[36mvendor-recharts-vi3UUqYC.js               [39m[1m[2m397.49 kB[22m[1m[22m[2m │ gzip: 115.25 kB[22m
@pulse/web:build: [2mdist/[22m[2massets/[22m[36mindex-BKtmwuf6.js                         [39m[1m[33m536.62 kB[39m[22m[2m │ gzip: 159.06 kB[22m
@pulse/web:build: [33m
@pulse/web:build: (!) Some chunks are larger than 500 kB after minification. Consider:
@pulse/web:build: - Using dynamic import() to code-split the application
@pulse/web:build: - Use build.rollupOptions.output.manualChunks to improve chunking: https://rollupjs.org/configuration-options/#output-manualchunks
@pulse/web:build: - Adjust chunk size limit for this warning via build.chunkSizeWarningLimit.[39m
@pulse/web:build: [32m✓ built in 3.03s[39m

 Tasks:    3 successful, 3 total
Cached:    0 cached, 3 total
  Time:    14.384s 


STDOUT_STDERR_END
ENDED_UTC: 2026-09-08T20:31:39.276Z
EXIT_CODE: 0
