RECEIPT_FORMAT: pulse-151-raw-v1
TESTED_COMMIT: 5cb0a04994da652a14e960471ecd7218dfee5176
BRANCH: feat/feedback-planning-context
WORKTREE: /Users/meridian/Projects/pulse-feedback-planning-context
WORKTREE_DIRTY_BEFORE: true
DIRTY_PATCH_SHA256: 55b4e124756d86484874f7456e968b36a34b69033b65459d2033a7330ff57b03
STARTED_UTC: 2026-09-08T20:38:28.383Z
COMMAND_ARGV_JSON: ["pnpm","--filter","api","exec","vitest","run","src/routes/feedback-planning/index.test.ts","src/db/feedback-planning-context-migration.test.ts","--no-cache","--maxWorkers=1","--no-file-parallelism"]
COMMAND: "pnpm" "--filter" "api" "exec" "vitest" "run" "src/routes/feedback-planning/index.test.ts" "src/db/feedback-planning-context-migration.test.ts" "--no-cache" "--maxWorkers=1" "--no-file-parallelism"
CACHE_CONTROLS_JSON: {"CI":"true"}
STDOUT_STDERR_BEGIN

 RUN  v4.0.18 /Users/meridian/Projects/pulse-feedback-planning-context/apps/api

 ❯ src/routes/feedback-planning/index.test.ts (4 tests | 1 failed) 909ms
     ✓ returns exact bounded evidence, separate history, open stale concerns, and owner-safe export 92ms
     × applies only an explicit future-note decision, preserves safeguards, and invalidates on correction 104ms
     ✓ fails closed for invalid query/auth, clinician guidance, foreign targets, and purge readback 43ms
     ✓ publishes the bounded query and explicit decision contracts in OpenAPI 67ms
 ✓ src/db/feedback-planning-context-migration.test.ts (3 tests) 180ms

⎯⎯⎯⎯⎯⎯⎯ Failed Tests 1 ⎯⎯⎯⎯⎯⎯⎯

 FAIL  src/routes/feedback-planning/index.test.ts > source-linked feedback planning context > applies only an explicit future-note decision, preserves safeguards, and invalidates on correction
AssertionError: expected { …(19) } to match object { stale: true, …(1) }
(30 matching properties omitted from actual)

- Expected
+ Received

  {
    "stale": true,
    "stalenessReasons": [
-     "dependency_changed",
+     "supporting_response_unavailable",
    ],
  }

 ❯ src/routes/feedback-planning/index.test.ts:1058:7
    1056|           (decision: { id: string }) => decision.id === beforeQuestion…
    1057|         ),
    1058|     ).toMatchObject({
       |       ^
    1059|       stale: true,
    1060|       stalenessReasons: expect.arrayContaining(['dependency_changed']),

⎯⎯⎯⎯⎯⎯⎯⎯⎯⎯⎯⎯⎯⎯⎯⎯⎯⎯⎯⎯⎯⎯⎯⎯[1/1]⎯


 Test Files  1 failed | 1 passed (2)
      Tests  1 failed | 6 passed (7)
   Start at  16:38:29
   Duration  2.01s (transform 576ms, setup 0ms, import 743ms, tests 1.09s, environment 0ms)

undefined
/Users/meridian/Projects/pulse-feedback-planning-context/apps/api:
 ERR_PNPM_RECURSIVE_EXEC_FIRST_FAIL  Command failed with exit code 1: vitest run src/routes/feedback-planning/index.test.ts src/db/feedback-planning-context-migration.test.ts --no-cache --maxWorkers=1 --no-file-parallelism

STDOUT_STDERR_END
ENDED_UTC: 2026-09-08T20:38:31.105Z
EXIT_CODE: 1
