RECEIPT_FORMAT: pulse-151-raw-v1
TESTED_COMMIT: 5cb0a04994da652a14e960471ecd7218dfee5176
BRANCH: feat/feedback-planning-context
WORKTREE: /Users/meridian/Projects/pulse-feedback-planning-context
WORKTREE_DIRTY_BEFORE: true
DIRTY_PATCH_SHA256: cd0a72d9c5fd20953d0633ffaa18daab548954f32d9bc25dcea32e908a119303
STARTED_UTC: 2026-09-08T20:39:01.186Z
COMMAND_ARGV_JSON: ["pnpm","--filter","api","exec","vitest","run","src/routes/feedback-planning/index.test.ts","src/db/feedback-planning-context-migration.test.ts","--no-cache","--maxWorkers=1","--no-file-parallelism"]
COMMAND: "pnpm" "--filter" "api" "exec" "vitest" "run" "src/routes/feedback-planning/index.test.ts" "src/db/feedback-planning-context-migration.test.ts" "--no-cache" "--maxWorkers=1" "--no-file-parallelism"
CACHE_CONTROLS_JSON: {"CI":"true"}
STDOUT_STDERR_BEGIN

 RUN  v4.0.18 /Users/meridian/Projects/pulse-feedback-planning-context/apps/api

 ❯ src/routes/feedback-planning/index.test.ts (4 tests | 1 failed) 835ms
     ✓ returns exact bounded evidence, separate history, open stale concerns, and owner-safe export 89ms
     × applies only an explicit future-note decision, preserves safeguards, and invalidates on correction 103ms
     ✓ fails closed for invalid query/auth, clinician guidance, foreign targets, and purge readback 42ms
     ✓ publishes the bounded query and explicit decision contracts in OpenAPI 65ms
 ✓ src/db/feedback-planning-context-migration.test.ts (3 tests) 180ms

⎯⎯⎯⎯⎯⎯⎯ Failed Tests 1 ⎯⎯⎯⎯⎯⎯⎯

 FAIL  src/routes/feedback-planning/index.test.ts > source-linked feedback planning context > applies only an explicit future-note decision, preserves safeguards, and invalidates on correction
AssertionError: expected false to be true // Object.is equality

- Expected
+ Received

- true
+ false

 ❯ src/routes/feedback-planning/index.test.ts:1076:7
    1074|             item.answer.responseRevisionId === correctedToe.answer.res…
    1075|         ),
    1076|     ).toBe(true);
       |       ^
    1077|     const beforeRecurrence = await app.inject({
    1078|       method: 'POST',

⎯⎯⎯⎯⎯⎯⎯⎯⎯⎯⎯⎯⎯⎯⎯⎯⎯⎯⎯⎯⎯⎯⎯⎯[1/1]⎯


 Test Files  1 failed | 1 passed (2)
      Tests  1 failed | 6 passed (7)
   Start at  16:39:01
   Duration  1.82s (transform 508ms, setup 0ms, import 642ms, tests 1.01s, environment 0ms)

undefined
/Users/meridian/Projects/pulse-feedback-planning-context/apps/api:
 ERR_PNPM_RECURSIVE_EXEC_FIRST_FAIL  Command failed with exit code 1: vitest run src/routes/feedback-planning/index.test.ts src/db/feedback-planning-context-migration.test.ts --no-cache --maxWorkers=1 --no-file-parallelism

STDOUT_STDERR_END
ENDED_UTC: 2026-09-08T20:39:03.572Z
EXIT_CODE: 1
