RECEIPT_FORMAT: pulse-151-raw-v1
TESTED_COMMIT: 5cb0a04994da652a14e960471ecd7218dfee5176
BRANCH: feat/feedback-planning-context
WORKTREE: /Users/meridian/Projects/pulse-feedback-planning-context
WORKTREE_DIRTY_BEFORE: true
DIRTY_PATCH_SHA256: 4459af48b87248ede33f30d3e24f74dce8ab407d953318f34512751c3935563c
STARTED_UTC: 2026-09-08T20:40:19.466Z
COMMAND_ARGV_JSON: ["pnpm","--filter","api","exec","vitest","run","src/routes/feedback-planning/index.test.ts","src/db/feedback-planning-context-migration.test.ts","--no-cache","--maxWorkers=1","--no-file-parallelism"]
COMMAND: "pnpm" "--filter" "api" "exec" "vitest" "run" "src/routes/feedback-planning/index.test.ts" "src/db/feedback-planning-context-migration.test.ts" "--no-cache" "--maxWorkers=1" "--no-file-parallelism"
CACHE_CONTROLS_JSON: {"CI":"true"}
STDOUT_STDERR_BEGIN

 RUN  v4.0.18 /Users/meridian/Projects/pulse-feedback-planning-context/apps/api

 ✓ src/routes/feedback-planning/index.test.ts (4 tests) 782ms
 ✓ src/db/feedback-planning-context-migration.test.ts (3 tests) 185ms

 Test Files  2 passed (2)
      Tests  7 passed (7)
   Start at  16:40:20
   Duration  1.81s (transform 500ms, setup 0ms, import 671ms, tests 967ms, environment 0ms)


STDOUT_STDERR_END
ENDED_UTC: 2026-09-08T20:40:21.857Z
EXIT_CODE: 0
