RECEIPT_FORMAT: pulse-151-raw-v1
TESTED_COMMIT: 057f66765c996a09712f49af613e70e8ac6b08fa
BRANCH: feat/feedback-planning-context
WORKTREE: /Users/meridian/Projects/pulse-feedback-planning-context
WORKTREE_DIRTY_BEFORE: true
DIRTY_PATCH_SHA256: 1150363d231949bc70ec34942507b3d7b7afd9bcdd2e688160ab7aa4612e5a9a
STARTED_UTC: 2026-09-08T20:47:07.923Z
COMMAND_ARGV_JSON: ["pnpm","typecheck"]
COMMAND: "pnpm" "typecheck"
CACHE_CONTROLS_JSON: {"TURBO_FORCE":"true","TURBO_CONCURRENCY":"1","TURBO_ENV_MODE":"strict","CI":"true"}
STDOUT_STDERR_BEGIN

> pulse@ typecheck /Users/meridian/Projects/pulse-feedback-planning-context
> turbo run typecheck

• Packages in scope: @pulse/api, @pulse/shared, @pulse/web
• Running typecheck in 3 packages
• Remote caching disabled, using shared worktree cache
@pulse/shared:typecheck: cache bypass, force executing dc0bf163c08d98f4
@pulse/shared:typecheck: 
@pulse/shared:typecheck: > @pulse/shared@0.0.0 typecheck /Users/meridian/Projects/pulse-feedback-planning-context/packages/shared
@pulse/shared:typecheck: > tsc --noEmit -p tsconfig.json
@pulse/shared:typecheck: 
@pulse/web:typecheck: cache bypass, force executing b3c69ce7e3bee09a
@pulse/web:typecheck: 
@pulse/web:typecheck: > @pulse/web@0.0.0 typecheck /Users/meridian/Projects/pulse-feedback-planning-context/apps/web
@pulse/web:typecheck: > tsc --noEmit
@pulse/web:typecheck: 
@pulse/api:typecheck: cache bypass, force executing 6839f48d38aacff2
@pulse/api:typecheck: 
@pulse/api:typecheck: > @pulse/api@0.0.0 typecheck /Users/meridian/Projects/pulse-feedback-planning-context/apps/api
@pulse/api:typecheck: > tsc --noEmit -p tsconfig.json && tsc --noEmit -p tsconfig.test.json
@pulse/api:typecheck: 

 Tasks:    3 successful, 3 total
Cached:    0 cached, 3 total
  Time:    15.945s 


STDOUT_STDERR_END
ENDED_UTC: 2026-09-08T20:47:24.313Z
EXIT_CODE: 0
