RECEIPT_FORMAT: pulse-151-raw-v1
TESTED_COMMIT: 7a046b15130fc54e70ed1eb64a32d3e837eb74b0
BRANCH: feat/feedback-planning-context
WORKTREE: /Users/meridian/Projects/pulse-feedback-planning-context
WORKTREE_DIRTY_BEFORE: true
DIRTY_PATCH_SHA256: 190fb5ab3ceb7e87def397c0a669d7a29b39492205df16f6ebe928408a7e13a4
STARTED_UTC: 2026-09-08T21:54:12.840Z
COMMAND_ARGV_JSON: ["pnpm","--filter","api","exec","vitest","run","src/routes/feedback-planning/index.test.ts","--no-cache","--maxWorkers=1","--no-file-parallelism"]
COMMAND: "pnpm" "--filter" "api" "exec" "vitest" "run" "src/routes/feedback-planning/index.test.ts" "--no-cache" "--maxWorkers=1" "--no-file-parallelism"
CACHE_CONTROLS_JSON: {"CI":"true"}
STDOUT_STDERR_BEGIN

 RUN  v4.0.18 /Users/meridian/Projects/pulse-feedback-planning-context/apps/api

 ✓ src/routes/feedback-planning/index.test.ts (5 tests) 974ms

 Test Files  1 passed (1)
      Tests  5 passed (5)
   Start at  17:54:13
   Duration  1.58s (transform 523ms, setup 0ms, import 518ms, tests 974ms, environment 0ms)


STDOUT_STDERR_END
ENDED_UTC: 2026-09-08T21:54:15.047Z
EXIT_CODE: 0
