RECEIPT_FORMAT: pulse-151-raw-v1
TESTED_COMMIT: 7a046b15130fc54e70ed1eb64a32d3e837eb74b0
BRANCH: feat/feedback-planning-context
WORKTREE: /Users/meridian/Projects/pulse-feedback-planning-context
WORKTREE_DIRTY_BEFORE: true
DIRTY_PATCH_SHA256: a98424b394e181cb08ac8a17ce8ee11e3d478ef33d4c7af8bf88c468ce78ef28
STARTED_UTC: 2026-09-08T22:00:11.838Z
COMMAND_ARGV_JSON: ["pnpm","--filter","api","exec","vitest","run","src/routes/feedback-planning/index.test.ts","--no-cache","--maxWorkers=1","--no-file-parallelism"]
COMMAND: "pnpm" "--filter" "api" "exec" "vitest" "run" "src/routes/feedback-planning/index.test.ts" "--no-cache" "--maxWorkers=1" "--no-file-parallelism"
CACHE_CONTROLS_JSON: {"CI":"true"}
STDOUT_STDERR_BEGIN

 RUN  v4.0.18 /Users/meridian/Projects/pulse-feedback-planning-context/apps/api

 ✓ src/routes/feedback-planning/index.test.ts (5 tests) 967ms

 Test Files  1 passed (1)
      Tests  5 passed (5)
   Start at  18:00:12
   Duration  1.62s (transform 544ms, setup 0ms, import 555ms, tests 967ms, environment 0ms)


STDOUT_STDERR_END
ENDED_UTC: 2026-09-08T22:00:14.065Z
EXIT_CODE: 0
