RECEIPT_FORMAT: pulse-151-raw-v1
TESTED_COMMIT: c609090f5926f2473299be2b28168505b8f127f9
BRANCH: feat/feedback-planning-context
WORKTREE: /Users/meridian/Projects/pulse-feedback-planning-context
WORKTREE_DIRTY_BEFORE: true
DIRTY_PATCH_SHA256: 8c39fecca6aabc14d474f168eb5aef9d00f1e5bb37c5619e3a927b4cebcc1828
STARTED_UTC: 2026-09-08T22:06:35.835Z
COMMAND_ARGV_JSON: ["pnpm","typecheck"]
COMMAND: "pnpm" "typecheck"
CACHE_CONTROLS_JSON: {"TURBO_FORCE":"true","TURBO_CONCURRENCY":"1","TURBO_ENV_MODE":"strict","CI":"true"}
STDOUT_STDERR_BEGIN

> pulse@ typecheck /Users/meridian/Projects/pulse-feedback-planning-context
> turbo run typecheck

• Packages in scope: @pulse/api, @pulse/shared, @pulse/web
• Running typecheck in 3 packages
• Remote caching disabled, using shared worktree cache
@pulse/web:typecheck: cache bypass, force executing b3c69ce7e3bee09a
@pulse/web:typecheck: 
@pulse/web:typecheck: > @pulse/web@0.0.0 typecheck /Users/meridian/Projects/pulse-feedback-planning-context/apps/web
@pulse/web:typecheck: > tsc --noEmit
@pulse/web:typecheck: 
@pulse/api:typecheck: cache bypass, force executing 5f60a75bb807e158
@pulse/api:typecheck: 
@pulse/api:typecheck: > @pulse/api@0.0.0 typecheck /Users/meridian/Projects/pulse-feedback-planning-context/apps/api
@pulse/api:typecheck: > tsc --noEmit -p tsconfig.json && tsc --noEmit -p tsconfig.test.json
@pulse/api:typecheck: 
@pulse/shared:typecheck: cache bypass, force executing dc0bf163c08d98f4
@pulse/shared:typecheck: 
@pulse/shared:typecheck: > @pulse/shared@0.0.0 typecheck /Users/meridian/Projects/pulse-feedback-planning-context/packages/shared
@pulse/shared:typecheck: > tsc --noEmit -p tsconfig.json
@pulse/shared:typecheck: 

 Tasks:    3 successful, 3 total
Cached:    0 cached, 3 total
  Time:    15.974s 


STDOUT_STDERR_END
ENDED_UTC: 2026-09-08T22:06:52.250Z
EXIT_CODE: 0
