$ pnpm build --force

> pulse@ build /Users/meridian/Projects/pulse-food-reuse
> turbo run build --force

• turbo 2.8.13
• Packages in scope: @pulse/api, @pulse/shared, @pulse/web
• Running build in 3 packages
• Remote caching disabled, using shared worktree cache
@pulse/shared:build: cache bypass, force executing 71d99d871ea51217
@pulse/shared:build: 
@pulse/shared:build: > @pulse/shared@0.0.0 build /Users/meridian/Projects/pulse-food-reuse/packages/shared
@pulse/shared:build: > tsc -p tsconfig.json
@pulse/shared:build: 
@pulse/web:build: cache bypass, force executing 5ebfb532651007b7
@pulse/api:build: cache bypass, force executing 9a5de13f7518c8d3
@pulse/web:build: 
@pulse/web:build: > @pulse/web@0.0.0 build /Users/meridian/Projects/pulse-food-reuse/apps/web
@pulse/web:build: > tsc -b && vite build
@pulse/web:build: 
@pulse/api:build: 
@pulse/api:build: > @pulse/api@0.0.0 build /Users/meridian/Projects/pulse-food-reuse/apps/api
@pulse/api:build: > tsc
@pulse/api:build: 
@pulse/web:build: vite v7.3.1 building client environment for production...
@pulse/web:build: transforming...
@pulse/web:build: ✓ 3912 modules transformed.
@pulse/web:build: rendering chunks...
@pulse/web:build: computing gzip size...
@pulse/web:build: dist/index.html                                         2.15 kB │ gzip:   0.76 kB
@pulse/web:build: dist/assets/index-DeVSiqxV.css                        174.22 kB │ gzip:  25.11 kB
@pulse/web:build: dist/assets/query-polling-CWrVhzp4.js                   0.09 kB │ gzip:   0.09 kB
@pulse/web:build: dist/assets/plus-CoApFexL.js                            0.15 kB │ gzip:   0.15 kB
@pulse/web:build: dist/assets/arrow-up-98W1kpP5.js                        0.16 kB │ gzip:   0.16 kB
@pulse/web:build: dist/assets/clock-3-CMoMgpvV.js                         0.17 kB │ gzip:   0.16 kB
@pulse/web:build: dist/assets/arrow-right-BnnOrusp.js                     0.17 kB │ gzip:   0.16 kB
@pulse/web:build: dist/assets/search-D2znfMHr.js                          0.17 kB │ gzip:   0.17 kB
@pulse/web:build: dist/assets/circle-check-D2LXWHDV.js                    0.17 kB │ gzip:   0.17 kB
@pulse/web:build: dist/assets/trending-up-D8NjleMB.js                     0.18 kB │ gzip:   0.17 kB
@pulse/web:build: dist/assets/gauge-BSXpn8XO.js                           0.18 kB │ gzip:   0.17 kB
@pulse/web:build: dist/assets/trending-down-DG1bBVGY.js                   0.18 kB │ gzip:   0.17 kB
@pulse/web:build: dist/assets/flame-DFQ7diRM.js                           0.20 kB │ gzip:   0.18 kB
@pulse/web:build: dist/assets/info-gFkPDJ2m.js                            0.20 kB │ gzip:   0.18 kB
@pulse/web:build: dist/assets/rotate-ccw-naRUd1_g.js                      0.20 kB │ gzip:   0.18 kB
@pulse/web:build: dist/assets/useThemeContext-D25lGSN5.js                 0.23 kB │ gzip:   0.19 kB
@pulse/web:build: dist/assets/history-CmWNVhYW.js                         0.24 kB │ gzip:   0.20 kB
@pulse/web:build: dist/assets/timer-CD5Q78ez.js                           0.24 kB │ gzip:   0.19 kB
@pulse/web:build: dist/assets/circle-question-mark-DDXOcnPl.js            0.24 kB │ gzip:   0.21 kB
@pulse/web:build: dist/assets/arrow-up-down-DDt0Vfvi.js                   0.25 kB │ gzip:   0.19 kB
@pulse/web:build: dist/assets/route-DpBf_jE_.js                           0.25 kB │ gzip:   0.20 kB
@pulse/web:build: dist/assets/circle-alert-CAjLYtWv.js                    0.25 kB │ gzip:   0.19 kB
@pulse/web:build: dist/assets/chart-column-DjjiWvRV.js                    0.25 kB │ gzip:   0.20 kB
@pulse/web:build: dist/assets/heart-C9ShVOI5.js                           0.26 kB │ gzip:   0.22 kB
@pulse/web:build: dist/assets/pencil-Dg1m1fhq.js                          0.28 kB │ gzip:   0.23 kB
@pulse/web:build: dist/assets/book-open-BGUQR-yt.js                       0.28 kB │ gzip:   0.21 kB
@pulse/web:build: dist/assets/arrow-up-right-Cyg8fGa4.js                  0.29 kB │ gzip:   0.21 kB
@pulse/web:build: dist/assets/pencil-line-CCeUZEb2.js                     0.32 kB │ gzip:   0.24 kB
@pulse/web:build: dist/assets/refresh-cw-Cg9KMRix.js                      0.32 kB │ gzip:   0.22 kB
@pulse/web:build: dist/assets/trash-2-Dx5jm4oc.js                         0.33 kB │ gzip:   0.22 kB
@pulse/web:build: dist/assets/program-local-midnight-D4s8hZBf.js          0.33 kB │ gzip:   0.27 kB
@pulse/web:build: dist/assets/scale-C3nX9zMc.js                           0.33 kB │ gzip:   0.22 kB
@pulse/web:build: dist/assets/grip-vertical-zxgDPLdl.js                   0.37 kB │ gzip:   0.19 kB
@pulse/web:build: dist/assets/calendar-clock-CqDB-irq.js                  0.37 kB │ gzip:   0.25 kB
@pulse/web:build: dist/assets/label-DSdtJgqp.js                           0.37 kB │ gzip:   0.28 kB
@pulse/web:build: dist/assets/use-today-key-CG44cgN_.js                   0.39 kB │ gzip:   0.27 kB
@pulse/web:build: dist/assets/index-D4hvhrTo.js                           0.43 kB │ gzip:   0.29 kB
@pulse/web:build: dist/assets/template-tags-Ce0Nr_b0.js                   0.43 kB │ gzip:   0.29 kB
@pulse/web:build: dist/assets/accent-card-styles-juGWYX3b.js              0.48 kB │ gzip:   0.21 kB
@pulse/web:build: dist/assets/calendar-days-f_73A8w6.js                   0.50 kB │ gzip:   0.27 kB
@pulse/web:build: dist/assets/sparkles-etN0UUS6.js                        0.50 kB │ gzip:   0.28 kB
@pulse/web:build: dist/assets/date-utils-hJv2Zwft.js                      0.52 kB │ gzip:   0.30 kB
@pulse/web:build: dist/assets/workout-session-sets-CqGuqGnY.js            0.57 kB │ gzip:   0.34 kB
@pulse/web:build: dist/assets/circle-dashed-D3RBTIsi.js                   0.58 kB │ gzip:   0.29 kB
@pulse/web:build: dist/assets/textarea-DSDNKLVy.js                        0.64 kB │ gzip:   0.39 kB
@pulse/web:build: dist/assets/markdown-note-CyIX6Rv7.js                   0.65 kB │ gzip:   0.39 kB
@pulse/web:build: dist/assets/chart-range-control-XH5wrT28.js             0.66 kB │ gzip:   0.41 kB
@pulse/web:build: dist/assets/empty-state-BgNe8MsJ.js                     0.69 kB │ gzip:   0.42 kB
@pulse/web:build: dist/assets/superset-utils-CtC4-7UV.js                  0.70 kB │ gzip:   0.42 kB
@pulse/web:build: dist/assets/save-B3U5Ng48.js                            0.70 kB │ gzip:   0.34 kB
@pulse/web:build: dist/assets/format-utils-Bsyxf4FY.js                    0.73 kB │ gzip:   0.35 kB
@pulse/web:build: dist/assets/wrench-DxUt7XG4.js                          0.74 kB │ gzip:   0.38 kB
@pulse/web:build: dist/assets/separator-D630Lbib.js                       0.78 kB │ gzip:   0.43 kB
@pulse/web:build: dist/assets/chart-legend-MGruvUI6.js                    0.85 kB │ gzip:   0.49 kB
@pulse/web:build: dist/assets/markdown-aUL2GTqK.js                        0.87 kB │ gzip:   0.43 kB
@pulse/web:build: dist/assets/page-header-xHy05oE2.js                     0.90 kB │ gzip:   0.42 kB
@pulse/web:build: dist/assets/rename-exercise-dialog-Ba8w2rHC.js          0.94 kB │ gzip:   0.56 kB
@pulse/web:build: dist/assets/input-BKrQi7vL.js                           0.95 kB │ gzip:   0.54 kB
@pulse/web:build: dist/assets/use-date-authority-BDDq47q4.js              0.96 kB │ gzip:   0.53 kB
@pulse/web:build: dist/assets/trend-weight-date-vlormCn4.js               1.00 kB │ gzip:   0.50 kB
@pulse/web:build: dist/assets/progress-bar-CyyDPG4q.js                    1.04 kB │ gzip:   0.58 kB
@pulse/web:build: dist/assets/progress-ring-By9X-T3K.js                   1.21 kB │ gzip:   0.64 kB
@pulse/web:build: dist/assets/index-B2vKJhtH.js                           1.31 kB │ gzip:   0.66 kB
@pulse/web:build: dist/assets/use-debounced-callback-DoX5UMhQ.js          1.32 kB │ gzip:   0.61 kB
@pulse/web:build: dist/assets/badge-T92kluJm.js                           1.34 kB │ gzip:   0.64 kB
@pulse/web:build: dist/assets/preview-banner-juk6Sne9.js                  1.40 kB │ gzip:   0.77 kB
@pulse/web:build: dist/assets/progression-Tdtwc_tC.js                     1.47 kB │ gzip:   0.73 kB
@pulse/web:build: dist/assets/chart-exploration-CIVsEJBu.js               1.70 kB │ gzip:   0.76 kB
@pulse/web:build: dist/assets/adaptive-weekly-review-D4UPU8Ai.js          1.80 kB │ gzip:   0.96 kB
@pulse/web:build: dist/assets/stat-card-Ztfu4pHG.js                       2.30 kB │ gzip:   1.08 kB
@pulse/web:build: dist/assets/chart-tooltip-DQuoDvxy.js                   2.49 kB │ gzip:   1.04 kB
@pulse/web:build: dist/assets/help-icon-En6DZXyr.js                       2.66 kB │ gzip:   1.06 kB
@pulse/web:build: dist/assets/dialog-CKSabhZu.js                          2.79 kB │ gzip:   1.07 kB
@pulse/web:build: dist/assets/login-E2vnGuyA.js                           3.12 kB │ gzip:   1.30 kB
@pulse/web:build: dist/assets/chart-summary-B8TPBXRk.js                   3.16 kB │ gzip:   1.38 kB
@pulse/web:build: dist/assets/journal-entry-DLvJmXGn.js                   3.45 kB │ gzip:   1.37 kB
@pulse/web:build: dist/assets/habit-chain-dot-BbYuMskE.js                 3.45 kB │ gzip:   1.62 kB
@pulse/web:build: dist/assets/mock-data-C5acpO0F.js                       3.71 kB │ gzip:   1.57 kB
@pulse/web:build: dist/assets/profile-CHHH4TH7.js                         4.10 kB │ gzip:   1.63 kB
@pulse/web:build: dist/assets/register-HSPptGRb.js                        4.17 kB │ gzip:   1.53 kB
@pulse/web:build: dist/assets/resources-CBx-NUYe.js                       4.22 kB │ gzip:   1.73 kB
@pulse/web:build: dist/assets/swap-exercise-dialog-DV4o-aVQ.js            4.43 kB │ gzip:   1.81 kB
@pulse/web:build: dist/assets/journal-DbdEUz6S.js                         5.46 kB │ gzip:   2.07 kB
@pulse/web:build: dist/assets/resource-detail-BK_EB2lm.js                 5.60 kB │ gzip:   1.80 kB
@pulse/web:build: dist/assets/popover-D79cXxdL.js                         6.04 kB │ gzip:   2.18 kB
@pulse/web:build: dist/assets/use-dashboard-config-yby-dNJN.js            6.31 kB │ gzip:   2.06 kB
@pulse/web:build: dist/assets/nutrition-day-status-control-CFYrNHVc.js    7.40 kB │ gzip:   2.51 kB
@pulse/web:build: dist/assets/view-toggle-BHRKNBoI.js                     8.76 kB │ gzip:   3.22 kB
@pulse/web:build: dist/assets/injuries-BAWccHUd.js                        9.27 kB │ gzip:   3.25 kB
@pulse/web:build: dist/assets/weight-history-DmSXHxpg.js                  9.86 kB │ gzip:   3.55 kB
@pulse/web:build: dist/assets/design-system-DLUy9vBP.js                   9.94 kB │ gzip:   3.14 kB
@pulse/web:build: dist/assets/mock-data-B0NZZZjj.js                      10.15 kB │ gzip:   4.27 kB
@pulse/web:build: dist/assets/mock-data-C2F0F2C7.js                      14.00 kB │ gzip:   4.60 kB
@pulse/web:build: dist/assets/equipment-C8wuME9Z.js                      15.22 kB │ gzip:   4.76 kB
@pulse/web:build: dist/assets/activity-BJzQXAOf.js                       16.18 kB │ gzip:   5.24 kB
@pulse/web:build: dist/assets/trend-weight-workspace-XxbAr_Fy.js         17.30 kB │ gzip:   5.29 kB
@pulse/web:build: dist/assets/workouts-C3KyfE6f.js                       19.70 kB │ gzip:   4.74 kB
@pulse/web:build: dist/assets/select-DKMdKQGN.js                         20.60 kB │ gzip:   7.29 kB
@pulse/web:build: dist/assets/active-session-COkvpo6z.js                 21.20 kB │ gzip:   6.52 kB
@pulse/web:build: dist/assets/dropdown-menu-CxGfOJ00.js                  21.90 kB │ gzip:   6.83 kB
@pulse/web:build: dist/assets/energy-balance-i_nLwmrb.js                 21.98 kB │ gzip:   6.58 kB
@pulse/web:build: dist/assets/injury-detail-C1HAZvfy.js                  23.40 kB │ gzip:   7.27 kB
@pulse/web:build: dist/assets/workout-template-detail-CAZBIfJj.js        24.78 kB │ gzip:   7.74 kB
@pulse/web:build: dist/assets/data-quality-wOy_A0uL.js                   24.95 kB │ gzip:   7.73 kB
@pulse/web:build: dist/assets/settings-1TQBtiSg.js                       29.75 kB │ gzip:   8.12 kB
@pulse/web:build: dist/assets/zod-DXL12IUs.js                            29.90 kB │ gzip:  10.78 kB
@pulse/web:build: dist/assets/goal-trajectory-DrVXKaf3.js                30.30 kB │ gzip:   8.65 kB
@pulse/web:build: dist/assets/workout-session-detail-CWMc5fIk.js         32.61 kB │ gzip:   9.71 kB
@pulse/web:build: dist/assets/weekly-decision-review-5gKdDDHy.js         32.94 kB │ gzip:   8.62 kB
@pulse/web:build: dist/assets/vendor-router-D-aEi-ws.js                  37.19 kB │ gzip:  13.40 kB
@pulse/web:build: dist/assets/scheduled-workout-detail-CSqh60p1.js       37.62 kB │ gzip:  11.62 kB
@pulse/web:build: dist/assets/habits-BnYA6PgW.js                         39.34 kB │ gzip:  11.79 kB
@pulse/web:build: dist/assets/vendor-query-Y28iZGx7.js                   45.14 kB │ gzip:  13.84 kB
@pulse/web:build: dist/assets/sortable.esm-CaVFjQnh.js                   51.01 kB │ gzip:  17.09 kB
@pulse/web:build: dist/assets/use-workout-session-DJ1Ubv1W.js            52.96 kB │ gzip:  15.40 kB
@pulse/web:build: dist/assets/vendor-zod-CxxuDTfS.js                     57.83 kB │ gzip:  13.48 kB
@pulse/web:build: dist/assets/workouts-DKlM5Dsl.js                       67.54 kB │ gzip:  18.35 kB
@pulse/web:build: dist/assets/dashboard-Btsv0TSv.js                      69.23 kB │ gzip:  20.12 kB
@pulse/web:build: dist/assets/goal-editor-dialog-D2L99ax_.js             69.87 kB │ gzip:  20.12 kB
@pulse/web:build: dist/assets/schedule-workout-dialog-Cq9cRGNm.js        71.22 kB │ gzip:  21.27 kB
@pulse/web:build: dist/assets/active-workout-D2ODMN_V.js                107.86 kB │ gzip:  30.61 kB
@pulse/web:build: dist/assets/nutrition-C907WTfg.js                     153.12 kB │ gzip:  41.27 kB
@pulse/web:build: dist/assets/vendor-recharts-vi3UUqYC.js               397.49 kB │ gzip: 115.25 kB
@pulse/web:build: dist/assets/index-BZJ76bi3.js                         518.76 kB │ gzip: 154.26 kB
@pulse/web:build: 
@pulse/web:build: (!) Some chunks are larger than 500 kB after minification. Consider:
@pulse/web:build: - Using dynamic import() to code-split the application
@pulse/web:build: - Use build.rollupOptions.output.manualChunks to improve chunking: https://rollupjs.org/configuration-options/#output-manualchunks
@pulse/web:build: - Adjust chunk size limit for this warning via build.chunkSizeWarningLimit.
@pulse/web:build: ✓ built in 2.96s

 Tasks:    3 successful, 3 total
Cached:    0 cached, 3 total
  Time:    11.644s 

