$ pnpm --filter @pulse/api exec vitest run src/routes/nutrition/food-reuse-process.integration.test.ts src/routes/foods/reuse-policy.test.ts src/routes/nutrition/ranked-food-reuse.integration.test.ts src/routes/nutrition/logging-context.integration.test.ts src/routes/meals/index.test.ts src/routes/nutrition/index.test.ts src/middleware/agent-transforms.test.ts src/middleware/agent-enrichment.test.ts src/routes/nutrition/store.food-usage.test.ts src/routes/nutrition/daily-notes.integration.test.ts --maxWorkers=1

 RUN  v4.0.18 /Users/meridian/Projects/pulse-food-reuse/apps/api

 ✓ src/routes/nutrition/ranked-food-reuse.integration.test.ts (23 tests) 866ms
 ✓ src/routes/nutrition/store.food-usage.test.ts (11 tests) 12542ms
     ✓ preserves exact links through append, metadata, all corrections, delete and retry  2387ms
     ✓ rolls back create, append, correction and delete when usage persistence fails  3108ms
     ✓ derives merge from links despite stale counters, with atomic restore and ownership failures  3142ms
     ✓ keeps trashed food exact through linked-item edits, deletes, reconciliation and restore  852ms
     ✓ rejects unprefixed agent tokens and rolls back date route create failures  931ms
     ✓ falls back to the newest surviving timestamp and refuses foreign or partial purges  1696ms
 ✓ src/routes/nutrition/daily-notes.integration.test.ts (26 tests) 701ms
 ✓ src/routes/nutrition/logging-context.integration.test.ts (3 tests) 306ms
 ✓ src/routes/nutrition/food-reuse-process.integration.test.ts (7 tests) 1298ms
 ✓ src/routes/nutrition/index.test.ts (15 tests) 208ms
 ✓ src/routes/meals/index.test.ts (15 tests) 229ms
 ✓ src/middleware/agent-transforms.test.ts (9 tests) 33ms
 ✓ src/middleware/agent-enrichment.test.ts (9 tests) 4ms
 ✓ src/routes/foods/reuse-policy.test.ts (23 tests) 6ms

 Test Files  10 passed (10)
      Tests  141 passed (141)
   Start at  19:59:49
   Duration  19.76s (transform 665ms, setup 0ms, import 2.63s, tests 16.19s, environment 1ms)

