$ zsh -c 'pnpm test:repo-scripts && pnpm exec turbo run test --concurrency=1 --force'

> pulse@ test:repo-scripts /Users/meridian/Projects/pulse-food-reuse
> node --test scripts/dev-gate0-isolated.test.mjs scripts/api-container-entrypoint.test.mjs scripts/runtime-secrets-isolation.test.mjs scripts/init-worktree.test.mjs

▶ API container migration-map preflight
  ✔ starts fresh, legacy-empty, and already-canonical databases without a map (61.325292ms)
  ✔ fails closed for non-empty legacy data without a secure map (144.226125ms)
  ✔ accepts a regular mode-0600 map for non-empty legacy data (78.259291ms)
✔ API container migration-map preflight (284.405ms)
▶ Gate 0 isolated development startup
  ✔ enforces the isolated database and all three fixed port values (2.746ms)
  ✔ allows only loopback or an exact Tailscale IPv4 preview host (0.242375ms)
  ✔ advertises the reachable Tailscale-hosted web origin to Swagger (0.59625ms)
  ✔ rejects default, production, snapshot, and arbitrary database paths (0.614208ms)
  ✔ rejects a missing, read-only, or symlinked isolated database (2.168ms)
✔ Gate 0 isolated development startup (7.349958ms)
▶ worktree initializer
  ✔ derives a deterministic sibling path from a slash-delimited branch (1.189916ms)
  ✔ parses defaults and explicit overrides (0.2215ms)
  ✔ rejects unknown options and unsafe port values (0.254583ms)
  ✔ reads worktree paths and reserves generated environment ports (1.8505ms)
  ✔ renders a localhost-only environment with an absolute database path (0.245625ms)
  ✔ recognizes both normal and signal-based child process exits (0.09475ms)
✔ worktree initializer (5.061333ms)
▶ runtime migration-map isolation
  ✔ keeps the host-only map out of Git and the Docker build context (553.864458ms)
✔ runtime migration-map isolation (554.576333ms)
ℹ tests 15
ℹ suites 4
ℹ pass 15
ℹ fail 0
ℹ cancelled 0
ℹ skipped 0
ℹ todo 0
ℹ duration_ms 631.301583
• turbo 2.8.13
• Packages in scope: @pulse/api, @pulse/shared, @pulse/web
• Running test in 3 packages
• Remote caching disabled, using shared worktree cache
@pulse/shared:build: cache bypass, force executing 71d99d871ea51217
@pulse/shared:build: 
@pulse/shared:build: > @pulse/shared@0.0.0 build /Users/meridian/Projects/pulse-food-reuse/packages/shared
@pulse/shared:build: > tsc -p tsconfig.json
@pulse/shared:build: 
@pulse/api:build: cache bypass, force executing 9a5de13f7518c8d3
@pulse/api:build: 
@pulse/api:build: > @pulse/api@0.0.0 build /Users/meridian/Projects/pulse-food-reuse/apps/api
@pulse/api:build: > tsc
@pulse/api:build: 
@pulse/web:build: cache bypass, force executing 5ebfb532651007b7
@pulse/web:build: 
@pulse/web:build: > @pulse/web@0.0.0 build /Users/meridian/Projects/pulse-food-reuse/apps/web
@pulse/web:build: > tsc -b && vite build
@pulse/web:build: 
@pulse/web:build: vite v7.3.1 building client environment for production...
@pulse/web:build: transforming...
@pulse/web:build: ✓ 3912 modules transformed.
@pulse/web:build: rendering chunks...
@pulse/web:build: computing gzip size...
@pulse/web:build: dist/index.html                                         2.15 kB │ gzip:   0.76 kB
@pulse/web:build: dist/assets/index-DeVSiqxV.css                        174.22 kB │ gzip:  25.11 kB
@pulse/web:build: dist/assets/query-polling-CWrVhzp4.js                   0.09 kB │ gzip:   0.09 kB
@pulse/web:build: dist/assets/plus-CoApFexL.js                            0.15 kB │ gzip:   0.15 kB
@pulse/web:build: dist/assets/arrow-up-98W1kpP5.js                        0.16 kB │ gzip:   0.16 kB
@pulse/web:build: dist/assets/clock-3-CMoMgpvV.js                         0.17 kB │ gzip:   0.16 kB
@pulse/web:build: dist/assets/arrow-right-BnnOrusp.js                     0.17 kB │ gzip:   0.16 kB
@pulse/web:build: dist/assets/search-D2znfMHr.js                          0.17 kB │ gzip:   0.17 kB
@pulse/web:build: dist/assets/circle-check-D2LXWHDV.js                    0.17 kB │ gzip:   0.17 kB
@pulse/web:build: dist/assets/trending-up-D8NjleMB.js                     0.18 kB │ gzip:   0.17 kB
@pulse/web:build: dist/assets/gauge-BSXpn8XO.js                           0.18 kB │ gzip:   0.17 kB
@pulse/web:build: dist/assets/trending-down-DG1bBVGY.js                   0.18 kB │ gzip:   0.17 kB
@pulse/web:build: dist/assets/flame-DFQ7diRM.js                           0.20 kB │ gzip:   0.18 kB
@pulse/web:build: dist/assets/info-gFkPDJ2m.js                            0.20 kB │ gzip:   0.18 kB
@pulse/web:build: dist/assets/rotate-ccw-naRUd1_g.js                      0.20 kB │ gzip:   0.18 kB
@pulse/web:build: dist/assets/useThemeContext-D25lGSN5.js                 0.23 kB │ gzip:   0.19 kB
@pulse/web:build: dist/assets/history-CmWNVhYW.js                         0.24 kB │ gzip:   0.20 kB
@pulse/web:build: dist/assets/timer-CD5Q78ez.js                           0.24 kB │ gzip:   0.19 kB
@pulse/web:build: dist/assets/circle-question-mark-DDXOcnPl.js            0.24 kB │ gzip:   0.21 kB
@pulse/web:build: dist/assets/arrow-up-down-DDt0Vfvi.js                   0.25 kB │ gzip:   0.19 kB
@pulse/web:build: dist/assets/route-DpBf_jE_.js                           0.25 kB │ gzip:   0.20 kB
@pulse/web:build: dist/assets/circle-alert-CAjLYtWv.js                    0.25 kB │ gzip:   0.19 kB
@pulse/web:build: dist/assets/chart-column-DjjiWvRV.js                    0.25 kB │ gzip:   0.20 kB
@pulse/web:build: dist/assets/heart-C9ShVOI5.js                           0.26 kB │ gzip:   0.22 kB
@pulse/web:build: dist/assets/pencil-Dg1m1fhq.js                          0.28 kB │ gzip:   0.23 kB
@pulse/web:build: dist/assets/book-open-BGUQR-yt.js                       0.28 kB │ gzip:   0.21 kB
@pulse/web:build: dist/assets/arrow-up-right-Cyg8fGa4.js                  0.29 kB │ gzip:   0.21 kB
@pulse/web:build: dist/assets/pencil-line-CCeUZEb2.js                     0.32 kB │ gzip:   0.24 kB
@pulse/web:build: dist/assets/refresh-cw-Cg9KMRix.js                      0.32 kB │ gzip:   0.22 kB
@pulse/web:build: dist/assets/trash-2-Dx5jm4oc.js                         0.33 kB │ gzip:   0.22 kB
@pulse/web:build: dist/assets/program-local-midnight-D4s8hZBf.js          0.33 kB │ gzip:   0.27 kB
@pulse/web:build: dist/assets/scale-C3nX9zMc.js                           0.33 kB │ gzip:   0.22 kB
@pulse/web:build: dist/assets/grip-vertical-zxgDPLdl.js                   0.37 kB │ gzip:   0.19 kB
@pulse/web:build: dist/assets/calendar-clock-CqDB-irq.js                  0.37 kB │ gzip:   0.25 kB
@pulse/web:build: dist/assets/label-DSdtJgqp.js                           0.37 kB │ gzip:   0.28 kB
@pulse/web:build: dist/assets/use-today-key-CG44cgN_.js                   0.39 kB │ gzip:   0.27 kB
@pulse/web:build: dist/assets/index-D4hvhrTo.js                           0.43 kB │ gzip:   0.29 kB
@pulse/web:build: dist/assets/template-tags-Ce0Nr_b0.js                   0.43 kB │ gzip:   0.29 kB
@pulse/web:build: dist/assets/accent-card-styles-juGWYX3b.js              0.48 kB │ gzip:   0.21 kB
@pulse/web:build: dist/assets/calendar-days-f_73A8w6.js                   0.50 kB │ gzip:   0.27 kB
@pulse/web:build: dist/assets/sparkles-etN0UUS6.js                        0.50 kB │ gzip:   0.28 kB
@pulse/web:build: dist/assets/date-utils-hJv2Zwft.js                      0.52 kB │ gzip:   0.30 kB
@pulse/web:build: dist/assets/workout-session-sets-CqGuqGnY.js            0.57 kB │ gzip:   0.34 kB
@pulse/web:build: dist/assets/circle-dashed-D3RBTIsi.js                   0.58 kB │ gzip:   0.29 kB
@pulse/web:build: dist/assets/textarea-DSDNKLVy.js                        0.64 kB │ gzip:   0.39 kB
@pulse/web:build: dist/assets/markdown-note-CyIX6Rv7.js                   0.65 kB │ gzip:   0.39 kB
@pulse/web:build: dist/assets/chart-range-control-XH5wrT28.js             0.66 kB │ gzip:   0.41 kB
@pulse/web:build: dist/assets/empty-state-BgNe8MsJ.js                     0.69 kB │ gzip:   0.42 kB
@pulse/web:build: dist/assets/superset-utils-CtC4-7UV.js                  0.70 kB │ gzip:   0.42 kB
@pulse/web:build: dist/assets/save-B3U5Ng48.js                            0.70 kB │ gzip:   0.34 kB
@pulse/web:build: dist/assets/format-utils-Bsyxf4FY.js                    0.73 kB │ gzip:   0.35 kB
@pulse/web:build: dist/assets/wrench-DxUt7XG4.js                          0.74 kB │ gzip:   0.38 kB
@pulse/web:build: dist/assets/separator-D630Lbib.js                       0.78 kB │ gzip:   0.43 kB
@pulse/web:build: dist/assets/chart-legend-MGruvUI6.js                    0.85 kB │ gzip:   0.49 kB
@pulse/web:build: dist/assets/markdown-aUL2GTqK.js                        0.87 kB │ gzip:   0.43 kB
@pulse/web:build: dist/assets/page-header-xHy05oE2.js                     0.90 kB │ gzip:   0.42 kB
@pulse/web:build: dist/assets/rename-exercise-dialog-Ba8w2rHC.js          0.94 kB │ gzip:   0.56 kB
@pulse/web:build: dist/assets/input-BKrQi7vL.js                           0.95 kB │ gzip:   0.54 kB
@pulse/web:build: dist/assets/use-date-authority-BDDq47q4.js              0.96 kB │ gzip:   0.53 kB
@pulse/web:build: dist/assets/trend-weight-date-vlormCn4.js               1.00 kB │ gzip:   0.50 kB
@pulse/web:build: dist/assets/progress-bar-CyyDPG4q.js                    1.04 kB │ gzip:   0.58 kB
@pulse/web:build: dist/assets/progress-ring-By9X-T3K.js                   1.21 kB │ gzip:   0.64 kB
@pulse/web:build: dist/assets/index-B2vKJhtH.js                           1.31 kB │ gzip:   0.66 kB
@pulse/web:build: dist/assets/use-debounced-callback-DoX5UMhQ.js          1.32 kB │ gzip:   0.61 kB
@pulse/web:build: dist/assets/badge-T92kluJm.js                           1.34 kB │ gzip:   0.64 kB
@pulse/web:build: dist/assets/preview-banner-juk6Sne9.js                  1.40 kB │ gzip:   0.77 kB
@pulse/web:build: dist/assets/progression-Tdtwc_tC.js                     1.47 kB │ gzip:   0.73 kB
@pulse/web:build: dist/assets/chart-exploration-CIVsEJBu.js               1.70 kB │ gzip:   0.76 kB
@pulse/web:build: dist/assets/adaptive-weekly-review-D4UPU8Ai.js          1.80 kB │ gzip:   0.96 kB
@pulse/web:build: dist/assets/stat-card-Ztfu4pHG.js                       2.30 kB │ gzip:   1.08 kB
@pulse/web:build: dist/assets/chart-tooltip-DQuoDvxy.js                   2.49 kB │ gzip:   1.04 kB
@pulse/web:build: dist/assets/help-icon-En6DZXyr.js                       2.66 kB │ gzip:   1.06 kB
@pulse/web:build: dist/assets/dialog-CKSabhZu.js                          2.79 kB │ gzip:   1.07 kB
@pulse/web:build: dist/assets/login-E2vnGuyA.js                           3.12 kB │ gzip:   1.30 kB
@pulse/web:build: dist/assets/chart-summary-B8TPBXRk.js                   3.16 kB │ gzip:   1.38 kB
@pulse/web:build: dist/assets/journal-entry-DLvJmXGn.js                   3.45 kB │ gzip:   1.37 kB
@pulse/web:build: dist/assets/habit-chain-dot-BbYuMskE.js                 3.45 kB │ gzip:   1.62 kB
@pulse/web:build: dist/assets/mock-data-C5acpO0F.js                       3.71 kB │ gzip:   1.57 kB
@pulse/web:build: dist/assets/profile-CHHH4TH7.js                         4.10 kB │ gzip:   1.63 kB
@pulse/web:build: dist/assets/register-HSPptGRb.js                        4.17 kB │ gzip:   1.53 kB
@pulse/web:build: dist/assets/resources-CBx-NUYe.js                       4.22 kB │ gzip:   1.73 kB
@pulse/web:build: dist/assets/swap-exercise-dialog-DV4o-aVQ.js            4.43 kB │ gzip:   1.81 kB
@pulse/web:build: dist/assets/journal-DbdEUz6S.js                         5.46 kB │ gzip:   2.07 kB
@pulse/web:build: dist/assets/resource-detail-BK_EB2lm.js                 5.60 kB │ gzip:   1.80 kB
@pulse/web:build: dist/assets/popover-D79cXxdL.js                         6.04 kB │ gzip:   2.18 kB
@pulse/web:build: dist/assets/use-dashboard-config-yby-dNJN.js            6.31 kB │ gzip:   2.06 kB
@pulse/web:build: dist/assets/nutrition-day-status-control-CFYrNHVc.js    7.40 kB │ gzip:   2.51 kB
@pulse/web:build: dist/assets/view-toggle-BHRKNBoI.js                     8.76 kB │ gzip:   3.22 kB
@pulse/web:build: dist/assets/injuries-BAWccHUd.js                        9.27 kB │ gzip:   3.25 kB
@pulse/web:build: dist/assets/weight-history-DmSXHxpg.js                  9.86 kB │ gzip:   3.55 kB
@pulse/web:build: dist/assets/design-system-DLUy9vBP.js                   9.94 kB │ gzip:   3.14 kB
@pulse/web:build: dist/assets/mock-data-B0NZZZjj.js                      10.15 kB │ gzip:   4.27 kB
@pulse/web:build: dist/assets/mock-data-C2F0F2C7.js                      14.00 kB │ gzip:   4.60 kB
@pulse/web:build: dist/assets/equipment-C8wuME9Z.js                      15.22 kB │ gzip:   4.76 kB
@pulse/web:build: dist/assets/activity-BJzQXAOf.js                       16.18 kB │ gzip:   5.24 kB
@pulse/web:build: dist/assets/trend-weight-workspace-XxbAr_Fy.js         17.30 kB │ gzip:   5.29 kB
@pulse/web:build: dist/assets/workouts-C3KyfE6f.js                       19.70 kB │ gzip:   4.74 kB
@pulse/web:build: dist/assets/select-DKMdKQGN.js                         20.60 kB │ gzip:   7.29 kB
@pulse/web:build: dist/assets/active-session-COkvpo6z.js                 21.20 kB │ gzip:   6.52 kB
@pulse/web:build: dist/assets/dropdown-menu-CxGfOJ00.js                  21.90 kB │ gzip:   6.83 kB
@pulse/web:build: dist/assets/energy-balance-i_nLwmrb.js                 21.98 kB │ gzip:   6.58 kB
@pulse/web:build: dist/assets/injury-detail-C1HAZvfy.js                  23.40 kB │ gzip:   7.27 kB
@pulse/web:build: dist/assets/workout-template-detail-CAZBIfJj.js        24.78 kB │ gzip:   7.74 kB
@pulse/web:build: dist/assets/data-quality-wOy_A0uL.js                   24.95 kB │ gzip:   7.73 kB
@pulse/web:build: dist/assets/settings-1TQBtiSg.js                       29.75 kB │ gzip:   8.12 kB
@pulse/web:build: dist/assets/zod-DXL12IUs.js                            29.90 kB │ gzip:  10.78 kB
@pulse/web:build: dist/assets/goal-trajectory-DrVXKaf3.js                30.30 kB │ gzip:   8.65 kB
@pulse/web:build: dist/assets/workout-session-detail-CWMc5fIk.js         32.61 kB │ gzip:   9.71 kB
@pulse/web:build: dist/assets/weekly-decision-review-5gKdDDHy.js         32.94 kB │ gzip:   8.62 kB
@pulse/web:build: dist/assets/vendor-router-D-aEi-ws.js                  37.19 kB │ gzip:  13.40 kB
@pulse/web:build: dist/assets/scheduled-workout-detail-CSqh60p1.js       37.62 kB │ gzip:  11.62 kB
@pulse/web:build: dist/assets/habits-BnYA6PgW.js                         39.34 kB │ gzip:  11.79 kB
@pulse/web:build: dist/assets/vendor-query-Y28iZGx7.js                   45.14 kB │ gzip:  13.84 kB
@pulse/web:build: dist/assets/sortable.esm-CaVFjQnh.js                   51.01 kB │ gzip:  17.09 kB
@pulse/web:build: dist/assets/use-workout-session-DJ1Ubv1W.js            52.96 kB │ gzip:  15.40 kB
@pulse/web:build: dist/assets/vendor-zod-CxxuDTfS.js                     57.83 kB │ gzip:  13.48 kB
@pulse/web:build: dist/assets/workouts-DKlM5Dsl.js                       67.54 kB │ gzip:  18.35 kB
@pulse/web:build: dist/assets/dashboard-Btsv0TSv.js                      69.23 kB │ gzip:  20.12 kB
@pulse/web:build: dist/assets/goal-editor-dialog-D2L99ax_.js             69.87 kB │ gzip:  20.12 kB
@pulse/web:build: dist/assets/schedule-workout-dialog-Cq9cRGNm.js        71.22 kB │ gzip:  21.27 kB
@pulse/web:build: dist/assets/active-workout-D2ODMN_V.js                107.86 kB │ gzip:  30.61 kB
@pulse/web:build: dist/assets/nutrition-C907WTfg.js                     153.12 kB │ gzip:  41.27 kB
@pulse/web:build: dist/assets/vendor-recharts-vi3UUqYC.js               397.49 kB │ gzip: 115.25 kB
@pulse/web:build: dist/assets/index-BZJ76bi3.js                         518.76 kB │ gzip: 154.26 kB
@pulse/web:build: 
@pulse/web:build: (!) Some chunks are larger than 500 kB after minification. Consider:
@pulse/web:build: - Using dynamic import() to code-split the application
@pulse/web:build: - Use build.rollupOptions.output.manualChunks to improve chunking: https://rollupjs.org/configuration-options/#output-manualchunks
@pulse/web:build: - Adjust chunk size limit for this warning via build.chunkSizeWarningLimit.
@pulse/web:build: ✓ built in 2.90s
@pulse/shared:test: cache bypass, force executing 52e0aae1a98d1334
@pulse/shared:test: 
@pulse/shared:test: > @pulse/shared@0.0.0 test /Users/meridian/Projects/pulse-food-reuse/packages/shared
@pulse/shared:test: > vitest run
@pulse/shared:test: 
@pulse/shared:test: 
@pulse/shared:test:  RUN  v4.0.18 /Users/meridian/Projects/pulse-food-reuse/packages/shared
@pulse/shared:test: 
@pulse/shared:test:  ✓ src/conventions-docs.test.ts (6 tests) 12ms
@pulse/shared:test:  ✓ src/schemas/habits.test.ts (21 tests) 7ms
@pulse/shared:test:  ✓ src/utils/ewma.test.ts (14 tests) 40ms
@pulse/shared:test:  ✓ src/schemas/workout-progression.test.ts (6 tests) 17ms
@pulse/shared:test:  ✓ src/schemas/scheduled-workouts.test.ts (23 tests) 6ms
@pulse/shared:test:  ✓ src/utils/daily-energy-adherence.test.ts (44 tests) 25ms
@pulse/shared:test:  ✓ src/schemas/adaptive-weekly-review.test.ts (6 tests) 28ms
@pulse/shared:test:  ✓ src/schemas/data-quality-calendar.test.ts (8 tests) 43ms
@pulse/shared:test:  ✓ src/schemas/exercises.test.ts (24 tests) 8ms
@pulse/shared:test:  ✓ src/utils/food-analytics.test.ts (6 tests) 6ms
@pulse/shared:test:  ✓ src/utils/adaptive-tdee.test.ts (56 tests) 153ms
@pulse/shared:test:  ✓ src/schemas/auth.test.ts (7 tests) 15ms
@pulse/shared:test:  ✓ src/schemas/session-set.test.ts (9 tests) 4ms
@pulse/shared:test:  ✓ src/utils/chart-exploration.test.ts (19 tests) 21ms
@pulse/shared:test:  ✓ src/schemas/workout-sessions.test.ts (47 tests) 11ms
@pulse/shared:test:  ✓ src/utils/adaptive-goal-trajectory.test.ts (37 tests) 36ms
@pulse/shared:test:  ✓ src/schemas/food-analytics.test.ts (4 tests) 20ms
@pulse/shared:test:  ✓ src/schemas/dashboard.test.ts (15 tests) 8ms
@pulse/shared:test:  ✓ src/schemas/workout-templates.test.ts (19 tests) 12ms
@pulse/shared:test:  ✓ src/schemas/health-conditions.test.ts (13 tests) 8ms
@pulse/shared:test:  ✓ src/schemas/adaptive-nutrition.test.ts (18 tests) 21ms
@pulse/shared:test:  ✓ src/utils/adaptive-setup-projection.test.ts (15 tests) 26ms
@pulse/shared:test:  ✓ src/schemas/nutrition.test.ts (45 tests) 14ms
@pulse/shared:test:  ✓ src/monorepo-config.test.ts (2 tests) 7ms
@pulse/shared:test:  ✓ src/schemas/equipment.test.ts (5 tests) 4ms
@pulse/shared:test:  ✓ src/schemas/foods.test.ts (19 tests) 5ms
@pulse/shared:test:  ✓ src/utils/weight-unit.test.ts (4 tests) 2ms
@pulse/shared:test:  ✓ src/schemas/workout-progression-compatibility.test.ts (19 tests) 5ms
@pulse/shared:test:  ✓ src/schemas/weight.test.ts (26 tests) 14ms
@pulse/shared:test:  ✓ src/schemas/nutrition-targets.test.ts (7 tests) 10ms
@pulse/shared:test:  ✓ src/unified-api-docs.test.ts (4 tests) 10ms
@pulse/shared:test:  ✓ src/schemas/agent.test.ts (11 tests) 7ms
@pulse/shared:test:  ✓ src/schemas/journal.test.ts (3 tests) 4ms
@pulse/shared:test:  ✓ src/utils/adaptive-goal-progress.test.ts (8 tests) 27ms
@pulse/shared:test:  ✓ src/utils/energy-balance.test.ts (9 tests) 7ms
@pulse/shared:test:  ✓ src/schemas/energy-balance.test.ts (3 tests) 9ms
@pulse/shared:test:  ✓ src/schemas/common.test.ts (4 tests) 7ms
@pulse/shared:test:  ✓ src/schemas/activities.test.ts (3 tests) 6ms
@pulse/shared:test:  ✓ src/utils/workout-progression.test.ts (30 tests) 20ms
@pulse/shared:test:  ✓ src/schemas/habit-entries.test.ts (12 tests) 5ms
@pulse/shared:test:  ✓ src/schemas/resources.test.ts (3 tests) 5ms
@pulse/shared:test:  ✓ src/schemas/agent-tokens.test.ts (4 tests) 6ms
@pulse/shared:test:  ✓ src/schemas/dashboard-config.test.ts (8 tests) 6ms
@pulse/shared:test:  ✓ src/utils/habit-scheduling.test.ts (5 tests) 1ms
@pulse/shared:test:  ✓ src/index.test.ts (5 tests) 4ms
@pulse/shared:test:  ✓ src/schemas/entity-links.test.ts (3 tests) 2ms
@pulse/shared:test:  ✓ src/utils/protein-floor.test.ts (24 tests) 4ms
@pulse/shared:test: 
@pulse/shared:test:  Test Files  47 passed (47)
@pulse/shared:test:       Tests  683 passed (683)
@pulse/shared:test:    Start at  20:12:18
@pulse/shared:test:    Duration  1.33s (transform 1.55s, setup 0ms, import 3.27s, tests 719ms, environment 4ms)
@pulse/shared:test: 
@pulse/api:test: cache bypass, force executing 6843b4103b432840
@pulse/api:test: 
@pulse/api:test: > @pulse/api@0.0.0 test /Users/meridian/Projects/pulse-food-reuse/apps/api
@pulse/api:test: > vitest run
@pulse/api:test: 
@pulse/api:test: 
@pulse/api:test:  RUN  v4.0.18 /Users/meridian/Projects/pulse-food-reuse/apps/api
@pulse/api:test: 
@pulse/api:test:  ✓ src/routes/nutrition/food-reuse-process.integration.test.ts (7 tests) 2676ms
@pulse/api:test:  ✓ src/db/nutrition-target-event-migration.test.ts (78 tests) 8378ms
@pulse/api:test:  ✓ src/routes/workout-progression/store.integration.test.ts (27 tests) 5154ms
@pulse/api:test:      ✓ keeps a legacy recommendation {"action":"accept","both":false} after material canonicalization  371ms
@pulse/api:test:  ✓ src/routes/scheduled-workouts/index.test.ts (44 tests) 1332ms
@pulse/api:test:  ✓ src/routes/data-quality/store.integration.test.ts (18 tests) 10472ms
@pulse/api:test:      ✓ uses a fixed number of selects for a dense 42-day range  378ms
@pulse/api:test:      ✓ projects nutrition and weight corrections as stale through the authoritative review store  338ms
@pulse/api:test:      ✓ reduces large revision and action histories before Data Quality materialization  5996ms
@pulse/api:test:      ✓ preserves every date cap and exact omission count across a fully dense 42-day range  487ms
@pulse/api:test:      ✓ preserves per-date context and event caps across a fully dense 42-day range  965ms
@pulse/api:test:  ✓ src/routes/adaptive-nutrition/review-store.integration.test.ts (78 tests) 10824ms
@pulse/api:test:      ✓ makes matched context edits and deletion stale, then refreshes deterministically  311ms
@pulse/api:test:      ✓ serializes simultaneous accepts in separate processes into one transition  1371ms
@pulse/api:test:  ✓ src/__tests__/habits-weight-targets.test.ts (6 tests) 11718ms
@pulse/api:test:      ✓ logs weight, supports range and latest reads, and scopes results per user  3476ms
@pulse/api:test:      ✓ filters weight entries by days lookback  833ms
@pulse/api:test:      ✓ upserts weight entries by user and date without leaking across users  1747ms
@pulse/api:test:      ✓ deletes weight entries, updates latest/list reads, and enforces ownership  2095ms
@pulse/api:test:      ✓ returns the current nutrition target based on the latest effective date on or before today  1744ms
@pulse/api:test:      ✓ upserts nutrition targets by user and effective date without crossing user boundaries  1823ms
@pulse/api:test:  ✓ src/routes/workout-progression/muscle-store.integration.test.ts (9 tests) 2778ms
@pulse/api:test:      ✓ distinguishes planned, completed, primary, and secondary exposure with exact sources  482ms
@pulse/api:test:      ✓ keeps dense 90-day totals exact while bounding source references  1067ms
@pulse/api:test:  ✓ src/routes/exercises/index.test.ts (40 tests) 972ms
@pulse/api:test: stdout | src/scripts/migrate-static.test.ts > migrate-static script > derives food usage from imported links and preserves exact usage on reimport
@pulse/api:test: Skipping duplicate food "Large Eggs" for user user-1.
@pulse/api:test: Foods migration summary: inserted 2, skipped 1, lastUsedAt updated 0.
@pulse/api:test: 
@pulse/api:test: stdout | src/scripts/migrate-static.test.ts > migrate-static script > derives food usage from imported links and preserves exact usage on reimport
@pulse/api:test: stderr | src/scripts/migrate-static.test.ts > migrate-static script > derives food usage from imported links and preserves exact usage on reimport
@pulse/api:test: Missing food reference for "Mystery Food" on 2026-03-05; item imported without linked foodId.
@pulse/api:test: Processed 2026-03-05: 2 meals, 2 habit entries, weight: 181.9
@pulse/api:test: Missing habit reference for "Unknown Habit" on 2026-03-05; entry skipped for this day.
@pulse/api:test: 
@pulse/api:test: Processed 2026-03-06: 1 meals, 1 habit entries, weight: 180.8
@pulse/api:test: Processed 2026-03-07: 0 meals, 0 habit entries, weight: 181.1
@pulse/api:test: Migration summary: processed 3 day(s), failed 0, meals 3, habit entries 3, weight entries 3.
@pulse/api:test: 
@pulse/api:test: stderr | src/scripts/migrate-static.test.ts > migrate-static script > derives food usage from imported links and preserves exact usage on reimport
@pulse/api:test: Missing food reference for "Mystery Food" on 2026-03-05; item imported without linked foodId.
@pulse/api:test: Missing habit reference for "Unknown Habit" on 2026-03-05; entry skipped for this day.
@pulse/api:test: 
@pulse/api:test: stdout | src/scripts/migrate-static.test.ts > migrate-static script > derives food usage from imported links and preserves exact usage on reimport
@pulse/api:test: Processed 2026-03-05: 2 meals, 2 habit entries, weight: 181.9
@pulse/api:test: Processed 2026-03-06: 1 meals, 1 habit entries, weight: 180.8
@pulse/api:test: Processed 2026-03-07: 0 meals, 0 habit entries, weight: 181.1
@pulse/api:test: Migration summary: processed 3 day(s), failed 0, meals 3, habit entries 3, weight entries 3.
@pulse/api:test: 
@pulse/api:test: stdout | src/scripts/migrate-static.test.ts > migrate-static script > derives food usage from imported links and preserves exact usage on reimport
@pulse/api:test: Skipping duplicate food "Greek Yogurt" (Fage) for user user-1.
@pulse/api:test: Skipping duplicate food "Oat Bran" for user user-1.
@pulse/api:test: Skipping duplicate food "Large Eggs" for user user-1.
@pulse/api:test: Foods migration summary: inserted 0, skipped 3, lastUsedAt updated 0.
@pulse/api:test: 
@pulse/api:test:  ✓ src/scripts/seed-adaptive-tdee-preview.test.ts (3 tests) 12394ms
@pulse/api:test:      ✓ rebuilds every Coach state and keeps goal completion explicit  8805ms
@pulse/api:test:      ✓ matches the independent 2026-08-23 fixture contract across all repaired domains  3579ms
@pulse/api:test:  ✓ src/routes/adaptive-nutrition/goal-trajectory-store.integration.test.ts (16 tests) 1610ms
@pulse/api:test:  ✓ src/__tests__/foods-nutrition.test.ts (4 tests) 1341ms
@pulse/api:test:      ✓ covers foods CRUD, search, deletion, and recency sorting  1085ms
@pulse/api:test:  ✓ src/routes/weight/trend-store.integration.test.ts (8 tests) 1570ms
@pulse/api:test:      ✓ returns one range-invariant canonical series with a visible raw spike  436ms
@pulse/api:test: {"level":30,"time":1788826355205,"pid":54212,"hostname":"Meridians-Mac-Mini.local","reqId":"req-1","req":{"method":"POST","url":"/api/v1/habits","host":"localhost:80","remoteAddress":"127.0.0.1"},"msg":"incoming request"}
@pulse/api:test: {"level":30,"time":1788826355207,"pid":54212,"hostname":"Meridians-Mac-Mini.local","reqId":"req-1","res":{"statusCode":401},"responseTime":0.8218748569488525,"msg":"request completed"}
@pulse/api:test: {"level":30,"time":1788826355224,"pid":54212,"hostname":"Meridians-Mac-Mini.local","reqId":"req-1","req":{"method":"GET","url":"/api/v1/habits","host":"localhost:80","remoteAddress":"127.0.0.1"},"msg":"incoming request"}
@pulse/api:test: {"level":30,"time":1788826355224,"pid":54212,"hostname":"Meridians-Mac-Mini.local","reqId":"req-1","res":{"statusCode":200},"responseTime":0.2824580669403076,"msg":"request completed"}
@pulse/api:test:  ✓ src/routes/habits/index.test.ts (14 tests) 645ms
@pulse/api:test: stdout | src/scripts/migrate-static.test.ts > migrate-static script > is idempotent for foods migration when re-run
@pulse/api:test: Skipping duplicate food "Large Eggs" for user user-1.
@pulse/api:test: Foods migration summary: inserted 2, skipped 1, lastUsedAt updated 0.
@pulse/api:test: 
@pulse/api:test: stdout | src/scripts/migrate-static.test.ts > migrate-static script > is idempotent for foods migration when re-run
@pulse/api:test: Skipping duplicate food "Greek Yogurt" (Fage) for user user-1.
@pulse/api:test: Skipping duplicate food "Oat Bran" for user user-1.
@pulse/api:test: Skipping duplicate food "Large Eggs" for user user-1.
@pulse/api:test: Foods migration summary: inserted 0, skipped 3, lastUsedAt updated 0.
@pulse/api:test: 
@pulse/api:test:  ✓ src/scripts/migrate-static.test.ts (8 tests) 3377ms
@pulse/api:test:      ✓ migrates daily logs with nutrition, habits, and merged body weight history  314ms
@pulse/api:test:      ✓ derives food usage from imported links and preserves exact usage on reimport  2079ms
@pulse/api:test:  ✓ src/routes/nutrition/daily-notes.integration.test.ts (26 tests) 1685ms
@pulse/api:test:  ✓ src/__tests__/auth.test.ts (20 tests) 15477ms
@pulse/api:test:      ✓ registers a user, returns a JWT, and stores a hashed password  2629ms
@pulse/api:test:      ✓ rejects duplicate usernames with a 409 conflict  477ms
@pulse/api:test:      ✓ logs in with valid credentials and returns a JWT  798ms
@pulse/api:test:      ✓ returns INVALID_CREDENTIALS for the wrong password  802ms
@pulse/api:test:      ✓ accepts a valid JWT on a protected route  944ms
@pulse/api:test:      ✓ rejects expired JWTs on protected routes  1080ms
@pulse/api:test:      ✓ rejects JWTs without the required type claim  1094ms
@pulse/api:test:      ✓ rejects JWTs with the wrong type claim  822ms
@pulse/api:test:      ✓ rejects JWTs without the required issuer claim  941ms
@pulse/api:test:      ✓ creates and lists agent tokens without exposing stored hashes  923ms
@pulse/api:test:      ✓ authenticates unified /api/v1 routes with an agent token and updates lastUsedAt  1018ms
@pulse/api:test:      ✓ rejects expired agent tokens on unified /api/v1 routes  833ms
@pulse/api:test:      ✓ accepts agent tokens with null expiresAt for backward compatibility  1049ms
@pulse/api:test:      ✓ extends expiring agent tokens from the new rotation time  792ms
@pulse/api:test:      ✓ rejects deleted agent tokens on subsequent use  981ms
@pulse/api:test:  ✓ src/routes/nutrition/daily-energy-store.integration.test.ts (23 tests) 1121ms
@pulse/api:test:      ✓ uses constant-row indexed lookups across dense pre-date revision history  581ms
@pulse/api:test:  ✓ src/index.test.ts (8 tests) 697ms
@pulse/api:test:  ✓ src/routes/workout-sessions/store.test.ts (9 tests) 740ms
@pulse/api:test:  ✓ src/__tests__/workouts.test.ts (4 tests) 813ms
@pulse/api:test:  ✓ src/routes/auth/index.test.ts (6 tests) 2758ms
@pulse/api:test:      ✓ registers a new user, normalizes the username, hashes the password, and returns a 7-day JWT  1103ms
@pulse/api:test:      ✓ logs in a user and returns the auth envelope  747ms
@pulse/api:test:      ✓ returns INVALID_CREDENTIALS for incorrect passwords  791ms
@pulse/api:test:  ✓ src/routes/nutrition/ranked-food-reuse.integration.test.ts (23 tests) 1104ms
@pulse/api:test:  ✓ src/db/adaptive-goal-migration.test.ts (11 tests) 653ms
@pulse/api:test:  ✓ src/routes/adaptive-nutrition/index.test.ts (20 tests) 1009ms
@pulse/api:test:  ✓ src/db/index.test.ts (3 tests) 426ms
@pulse/api:test:      ✓ enables foreign key enforcement on the sqlite connection  395ms
@pulse/api:test:  ✓ src/routes/workout-sessions/index.test.ts (119 tests) 2076ms
@pulse/api:test:  ✓ src/routes/foods/analytics-store.integration.test.ts (11 tests) 1838ms
@pulse/api:test:      ✓ keeps bounded presets insensitive to 100,000 old linked occurrences  371ms
@pulse/api:test:      ✓ selects one indexed program revision and fails closed when the latest projection is missing  410ms
@pulse/api:test:  ✓ src/db/workout-progression-migration.test.ts (4 tests) 489ms
@pulse/api:test:  ✓ src/routes/nutrition/status-store.test.ts (3 tests) 471ms
@pulse/api:test:  ✓ src/routes/foods/store.test.ts (6 tests) 598ms
@pulse/api:test:      ✓ creates a food and normalizes omitted optional fields to null  589ms
@pulse/api:test:  ✓ src/routes/workout-progression/index.test.ts (6 tests) 348ms
@pulse/api:test:  ✓ src/lib/habit-resolvers.test.ts (4 tests) 483ms
@pulse/api:test:      ✓ returns completed for weight resolver when a body weight row exists for the date  480ms
@pulse/api:test:  ✓ src/routes/v1/dashboard-store.integration.test.ts (6 tests) 944ms
@pulse/api:test:  ✓ src/routes/habit-entries/index.test.ts (9 tests) 499ms
@pulse/api:test:  ✓ src/routes/scheduled-workouts/store.test.ts (13 tests) 520ms
@pulse/api:test:  ✓ src/routes/nutrition/logging-context.integration.test.ts (3 tests) 905ms
@pulse/api:test:  ✓ src/routes/v1/dashboard.test.ts (12 tests) 527ms
@pulse/api:test:  ✓ src/routes/adaptive-nutrition/store.integration.test.ts (35 tests) 1369ms
@pulse/api:test:  ✓ src/routes/trash/index.test.ts (4 tests) 803ms
@pulse/api:test:  ✓ src/db/adaptive-weekly-review-migration.test.ts (3 tests) 462ms
@pulse/api:test:  ✓ src/routes/adaptive-nutrition/goal-store.integration.test.ts (4 tests) 469ms
@pulse/api:test:  ✓ src/routes/adaptive-nutrition/analytics-store.integration.test.ts (17 tests) 818ms
@pulse/api:test:  ✓ src/routes/workout-templates/index.test.ts (14 tests) 934ms
@pulse/api:test:  ✓ src/routes/users/index.test.ts (8 tests) 424ms
@pulse/api:test:  ✓ src/routes/auth/starter-habits.test.ts (1 test) 1226ms
@pulse/api:test:      ✓ seeds five starter habits on register and returns them from GET /api/v1/habits  521ms
@pulse/api:test:  ✓ src/routes/nutrition/completeness-mutations.integration.test.ts (5 tests) 432ms
@pulse/api:test:  ✓ src/routes/agent-tokens/index.test.ts (9 tests) 359ms
@pulse/api:test:  ✓ src/routes/habit-entries/store.test.ts (4 tests) 334ms
@pulse/api:test:      ✓ inserts a new habit entry when no entry exists for the habit and date  332ms
@pulse/api:test:  ✓ src/scripts/backtest-adaptive-tdee.test.ts (10 tests) 285ms
@pulse/api:test:  ✓ src/routes/agent/context-store.test.ts (9 tests) 543ms
@pulse/api:test:      ✓ returns user profile name when user exists  536ms
@pulse/api:test:  ✓ src/db/adaptive-program-revision-causal-migration.test.ts (10 tests) 1420ms
@pulse/api:test:  ✓ src/routes/weight/store.test.ts (10 tests) 220ms
@pulse/api:test:  ✓ src/routes/foods/index.test.ts (27 tests) 942ms
@pulse/api:test:  ✓ src/db/scheduled-session-prescriptions-migration.test.ts (1 test) 245ms
@pulse/api:test:  ✓ src/routes/weight/index.test.ts (17 tests) 669ms
@pulse/api:test:  ✓ src/routes/scheduled-workouts/snapshot-store.test.ts (2 tests) 330ms
@pulse/api:test:  ✓ src/routes/meals/index.test.ts (15 tests) 605ms
@pulse/api:test:  ✓ src/routes/nutrition/index.test.ts (15 tests) 642ms
@pulse/api:test:  ✓ src/middleware/auth.test.ts (19 tests) 98ms
@pulse/api:test:  ✓ src/routes/nutrition-targets/provenance.integration.test.ts (4 tests) 228ms
@pulse/api:test:  ✓ src/routes/nutrition/store.display-fields.test.ts (3 tests) 192ms
@pulse/api:test:  ✓ src/routes/v1/context.test.ts (2 tests) 202ms
@pulse/api:test:  ✓ src/routes/nutrition-targets/index.test.ts (5 tests) 293ms
@pulse/api:test:  ✓ src/db/backfill/scheduled-workout-snapshots.test.ts (1 test) 184ms
@pulse/api:test:  ✓ src/routes/data-quality/index.test.ts (3 tests) 286ms
@pulse/api:test:  ✓ src/db/canonical-weight-migration.test.ts (16 tests) 225ms
@pulse/api:test:  ✓ src/db/rir-migration.test.ts (1 test) 212ms
@pulse/api:test:  ✓ src/db/integrity.test.ts (5 tests) 11ms
@pulse/api:test:  ✓ src/db/migrations.test.ts (19 tests) 53ms
@pulse/api:test: stdout | src/scripts/repair-workout-exercise-links.test.ts > repair-workout-exercise-links > restores original parent IDs transactionally without rewriting child links
@pulse/api:test: {
@pulse/api:test:   alreadyAppliedCount: 0,
@pulse/api:test:   dryRun: false,
@pulse/api:test:   foreignKeyViolationCountBefore: 2,
@pulse/api:test:   mapSha256: '4225ccbe5c1e2df09de67991dcd8d4a42826fb5dd199d51de7908071820e0f92',
@pulse/api:test:   missingExerciseCount: 2,
@pulse/api:test:   orphanLinkCount: 2,
@pulse/api:test:   proposedRepairCount: 2,
@pulse/api:test:   remainingForeignKeyViolationCount: 0,
@pulse/api:test:   sessionSetOrphanCount: 1,
@pulse/api:test:   templateExerciseOrphanCount: 1,
@pulse/api:test:   unresolvedExerciseCount: 0
@pulse/api:test: } Workout exercise link repair preflight complete
@pulse/api:test: 
@pulse/api:test: stdout | src/scripts/repair-workout-exercise-links.test.ts > repair-workout-exercise-links > is replayable and makes no changes after the map has already been applied
@pulse/api:test: {
@pulse/api:test:   alreadyAppliedCount: 0,
@pulse/api:test:   dryRun: false,
@pulse/api:test:   foreignKeyViolationCountBefore: 1,
@pulse/api:test:   mapSha256: 'a2c728a915f6c0ad2db9373de9439e7b0f824d01471cb380e065562a53720c01',
@pulse/api:test:   missingExerciseCount: 1,
@pulse/api:test:   orphanLinkCount: 1,
@pulse/api:test:   proposedRepairCount: 1,
@pulse/api:test:   remainingForeignKeyViolationCount: 0,
@pulse/api:test:   sessionSetOrphanCount: 1,
@pulse/api:test:   templateExerciseOrphanCount: 0,
@pulse/api:test:   unresolvedExerciseCount: 0
@pulse/api:test: } Workout exercise link repair preflight complete
@pulse/api:test: {
@pulse/api:test:   alreadyAppliedCount: 1,
@pulse/api:test:   dryRun: false,
@pulse/api:test:   foreignKeyViolationCountBefore: 0,
@pulse/api:test:   mapSha256: 'a2c728a915f6c0ad2db9373de9439e7b0f824d01471cb380e065562a53720c01',
@pulse/api:test:   missingExerciseCount: 0,
@pulse/api:test:   orphanLinkCount: 0,
@pulse/api:test:   proposedRepairCount: 0,
@pulse/api:test:   remainingForeignKeyViolationCount: 0,
@pulse/api:test:   sessionSetOrphanCount: 0,
@pulse/api:test:   templateExerciseOrphanCount: 0,
@pulse/api:test:   unresolvedExerciseCount: 0
@pulse/api:test: } Workout exercise link repair preflight complete
@pulse/api:test: 
@pulse/api:test: stdout | src/scripts/repair-workout-exercise-links.test.ts > repair-workout-exercise-links > relinks an exact canonical match while preserving the template row
@pulse/api:test: {
@pulse/api:test:   alreadyAppliedCount: 0,
@pulse/api:test:   dryRun: false,
@pulse/api:test:   foreignKeyViolationCountBefore: 1,
@pulse/api:test:   mapSha256: 'ffcfe1cb7e1acf87f0122d2cd063cd1cf035d8759838991951bc94f4a49483ba',
@pulse/api:test:   missingExerciseCount: 1,
@pulse/api:test:   orphanLinkCount: 1,
@pulse/api:test:   proposedRepairCount: 1,
@pulse/api:test:   remainingForeignKeyViolationCount: 0,
@pulse/api:test:   sessionSetOrphanCount: 0,
@pulse/api:test:   templateExerciseOrphanCount: 1,
@pulse/api:test:   unresolvedExerciseCount: 0
@pulse/api:test: } Workout exercise link repair preflight complete
@pulse/api:test: {
@pulse/api:test:   alreadyAppliedCount: 1,
@pulse/api:test:   dryRun: false,
@pulse/api:test:   foreignKeyViolationCountBefore: 0,
@pulse/api:test:   mapSha256: 'ffcfe1cb7e1acf87f0122d2cd063cd1cf035d8759838991951bc94f4a49483ba',
@pulse/api:test:   missingExerciseCount: 0,
@pulse/api:test:   orphanLinkCount: 0,
@pulse/api:test:   proposedRepairCount: 0,
@pulse/api:test:   remainingForeignKeyViolationCount: 0,
@pulse/api:test:   sessionSetOrphanCount: 0,
@pulse/api:test:   templateExerciseOrphanCount: 0,
@pulse/api:test:   unresolvedExerciseCount: 0
@pulse/api:test: } Workout exercise link repair preflight complete
@pulse/api:test: 
@pulse/api:test: stdout | src/scripts/repair-workout-exercise-links.test.ts > repair-workout-exercise-links > refuses ambiguous ownership, incomplete maps, and unrelated violations
@pulse/api:test: {
@pulse/api:test:   alreadyAppliedCount: 0,
@pulse/api:test:   dryRun: true,
@pulse/api:test:   foreignKeyViolationCountBefore: 2,
@pulse/api:test:   mapSha256: '33363e5be74a423945de2208b335fe01d3bf19d2aecc820f91829b839b3ea2b1',
@pulse/api:test:   missingExerciseCount: 1,
@pulse/api:test:   orphanLinkCount: 2,
@pulse/api:test:   proposedRepairCount: 0,
@pulse/api:test:   remainingForeignKeyViolationCount: 2,
@pulse/api:test:   sessionSetOrphanCount: 1,
@pulse/api:test:   templateExerciseOrphanCount: 1,
@pulse/api:test:   unresolvedExerciseCount: 1
@pulse/api:test: } Workout exercise link repair preflight complete
@pulse/api:test: 
@pulse/api:test:  ✓ src/scripts/repair-workout-exercise-links.test.ts (7 tests) 47ms
@pulse/api:test:  ✓ src/db/adaptive-nutrition-migration.test.ts (3 tests) 120ms
@pulse/api:test:  ✓ src/routes/nutrition/store.test.ts (6 tests) 215ms
@pulse/api:test:  ✓ src/routes/workout-sessions/session-set-utils.test.ts (5 tests) 4ms
@pulse/api:test:  ✓ src/routes/v1/dashboard-store.test.ts (16 tests) 138ms
@pulse/api:test:  ✓ src/db/adaptive-program-revision-migration.test.ts (1 test) 15ms
@pulse/api:test:  ✓ src/db/schema.test.ts (47 tests) 16ms
@pulse/api:test:  ✓ src/lib/user-time-zone.test.ts (4 tests) 18ms
@pulse/api:test:  ✓ src/middleware/agent-transforms.test.ts (9 tests) 147ms
@pulse/api:test:  ✓ src/routes/foods/reuse-policy.test.ts (23 tests) 16ms
@pulse/api:test:  ✓ src/scripts/rehearse-adaptive-goal-migration.test.ts (1 test) 2ms
@pulse/api:test:  ✓ src/db/adaptive-program-revision-projection.test.ts (2 tests) 5ms
@pulse/api:test:  ✓ src/__tests__/placeholder.test.ts (1 test) 2ms
@pulse/api:test:  ✓ src/routes/workout-sessions/time-segments.test.ts (10 tests) 2ms
@pulse/api:test:  ✓ src/scripts/run-migration.test.ts (6 tests) 7ms
@pulse/api:test:  ✓ src/routes/nutrition-targets/store.test.ts (4 tests) 9ms
@pulse/api:test:  ✓ src/middleware/agent-enrichment.test.ts (9 tests) 4ms
@pulse/api:test:  ✓ src/routes/nutrition/store.food-usage.test.ts (11 tests) 26602ms
@pulse/api:test:      ✓ preserves exact links through append, metadata, all corrections, delete and retry  5427ms
@pulse/api:test:      ✓ rolls back create, append, correction and delete when usage persistence fails  7205ms
@pulse/api:test:      ✓ derives merge from links despite stale counters, with atomic restore and ownership failures  6559ms
@pulse/api:test:      ✓ keeps trashed food exact through linked-item edits, deletes, reconciliation and restore  1581ms
@pulse/api:test:      ✓ rejects unprefixed agent tokens and rolls back date route create failures  1765ms
@pulse/api:test:      ✓ falls back to the newest surviving timestamp and refuses foreign or partial purges  2603ms
@pulse/api:test:  ✓ src/__tests__/food-usage-reconciliation.test.ts (22 tests) 30399ms
@pulse/api:test:      ✓ defaults to a byte-identical dry run, isolates hostile links and deleted foods, then applies idempotently  7217ms
@pulse/api:test:      ✓ rejects malformed or broadened scope {"mode":"invalid"} without writes  1965ms
@pulse/api:test:      ✓ rejects malformed or broadened scope {"mode":null} without writes  1678ms
@pulse/api:test:      ✓ rejects malformed or broadened scope {"limit":0} without writes  1682ms
@pulse/api:test:      ✓ rejects malformed or broadened scope {"limit":501} without writes  1693ms
@pulse/api:test:      ✓ rejects malformed or broadened scope {"limit":1.5} without writes  1582ms
@pulse/api:test:      ✓ rejects malformed or broadened scope {"limit":"1"} without writes  1722ms
@pulse/api:test:      ✓ rejects malformed or broadened scope {"cursor":"anything"} without writes  1561ms
@pulse/api:test:      ✓ rejects malformed or broadened scope {"userId":"user-2"} without writes  1610ms
@pulse/api:test:      ✓ rejects malformed or broadened scope {"allUsers":true} without writes  1768ms
@pulse/api:test:      ✓ rejects malformed or broadened scope {"foodId":"foreign"} without writes  1645ms
@pulse/api:test:      ✓ fails closed on excessive scope, missing users and invalid JWT claims  885ms
@pulse/api:test:      ✓ rolls back earlier target writes when a later update fails  846ms
@pulse/api:test:      ✓ rejects query selectors and explicit null bodies without writes  787ms
@pulse/api:test:      ✓ previews and repairs malformed stored count -1 without a post-commit serialization error  789ms
@pulse/api:test:      ✓ previews and repairs malformed stored count 1.5 without a post-commit serialization error  818ms
@pulse/api:test:      ✓ rolls back all apply writes if a malformed source timestamp cannot produce a valid response  808ms
@pulse/api:test: 
@pulse/api:test:  Test Files  89 passed (89)
@pulse/api:test:       Tests  1194 passed (1194)
@pulse/api:test:    Start at  20:12:20
@pulse/api:test:    Duration  31.13s (transform 5.71s, setup 0ms, import 42.45s, tests 184.70s, environment 8ms)
@pulse/api:test: 
@pulse/web:test: cache bypass, force executing 340a36ba63c7d7ce
@pulse/web:test: 
@pulse/web:test: > @pulse/web@0.0.0 test /Users/meridian/Projects/pulse-food-reuse/apps/web
@pulse/web:test: > vitest run
@pulse/web:test: 
@pulse/web:test: 
@pulse/web:test:  RUN  v4.0.18 /Users/meridian/Projects/pulse-food-reuse/apps/web
@pulse/web:test: 
@pulse/web:test:  ✓ src/features/adaptive-nutrition/components/adaptive-setup-form.test.tsx (11 tests) 2173ms
@pulse/web:test:      ✓ updates a recommended gain projection live without mutating  331ms
@pulse/web:test:      ✓ explains a custom gain rate outside the recommended band without blocking it  302ms
@pulse/web:test:      ✓ updates protein and fat/carbohydrate results from accessible presets  301ms
@pulse/web:test:  ✓ src/features/adaptive-nutrition/components/adaptive-coach.test.tsx (33 tests) 2128ms
@pulse/web:test:  ✓ src/pages/weight-history.test.tsx (10 tests) 2337ms
@pulse/web:test:      ✓ renders maintenance semantics and off-measurement annotations from server facts  353ms
@pulse/web:test:      ✓ shows the chart, lists entries in reverse chronological order, and deletes with confirmation  331ms
@pulse/web:test:      ✓ adds a new weight entry from the quick-add form  305ms
@pulse/web:test:  ✓ src/pages/settings.test.tsx (11 tests) 2777ms
@pulse/web:test:      ✓ renders defaults and loads dashboard config from API  400ms
@pulse/web:test:      ✓ saves nutrition targets and dashboard config via API  364ms
@pulse/web:test:      ✓ shows a partial failure message when dashboard config save fails  300ms
@pulse/web:test:      ✓ shows a partial failure message when nutrition target save fails  306ms
@pulse/web:test:  ✓ src/pages/dashboard.test.tsx (23 tests) 3752ms
@pulse/web:test:      ✓ renders the dashboard title, greeting, and responsive column layout with API snapshot data  330ms
@pulse/web:test:      ✓ updates snapshot when a new calendar day is selected via the date popover  375ms
@pulse/web:test:      ✓ moves widgets to hidden in edit mode and saves via PUT  313ms
@pulse/web:test:  ✓ src/pages/nutrition.test.tsx (33 tests) 4031ms
@pulse/web:test:      ✓ renders log, Coach, foods, and trends tabs and syncs the active view to search params  498ms
@pulse/web:test:  ✓ src/pages/equipment.test.tsx (6 tests) 1603ms
@pulse/web:test:      ✓ adds a new location from the dialog into local state  384ms
@pulse/web:test:      ✓ adds an item to the selected category within a location card  398ms
@pulse/web:test:  ✓ src/features/workouts/components/scheduled-workout-detail.test.tsx (14 tests) 1169ms
@pulse/web:test:  ✓ src/features/workouts/components/exercise-library.test.tsx (16 tests) 4948ms
@pulse/web:test:      ✓ filters exercises by case-insensitive name search and syncs q to the URL  510ms
@pulse/web:test:      ✓ persists sort selection in URL search params and sends it to the API  302ms
@pulse/web:test:      ✓ toggles between card and table layouts  333ms
@pulse/web:test:      ✓ shows an empty state and still supports the unified exercise detail modal  758ms
@pulse/web:test:      ✓ falls back to the no-results state when the exercises request fails  1027ms
@pulse/web:test:  ✓ src/features/workouts/components/session-detail.test.tsx (22 tests) 2110ms
@pulse/web:test:      ✓ renders a not-found state for unknown sessions  1093ms
@pulse/web:test:  ✓ src/pages/activity.test.tsx (6 tests) 811ms
@pulse/web:test:  ✓ src/features/adaptive-nutrition/components/energy-balance-workspace.test.tsx (15 tests) 1072ms
@pulse/web:test:  ✓ src/features/dashboard/components/habit-chain.test.tsx (18 tests) 806ms
@pulse/web:test:  ✓ src/features/data-quality/components/data-quality-calendar-workspace.test.tsx (6 tests) 956ms
@pulse/web:test:  ✓ src/pages/workouts.test.tsx (13 tests) 1456ms
@pulse/web:test:      ✓ switches between the workouts views  340ms
@pulse/web:test:  ✓ src/features/workouts/components/session-summary.test.tsx (4 tests) 461ms
@pulse/web:test:      ✓ renders condensed shared-card exercise results and preserves summary actions  430ms
@pulse/web:test:  ✓ src/features/workouts/components/template-detail.test.tsx (23 tests) 5243ms
@pulse/web:test:      ✓ renders a fallback state when the template request returns 404  1019ms
@pulse/web:test:      ✓ treats legacy slug template IDs as not found when the request fails  1014ms
@pulse/web:test:      ✓ keeps generic error messaging for UUID template IDs on non-404 failures  1011ms
@pulse/web:test:  ✓ src/features/adaptive-nutrition/components/goal-trajectory-workspace.test.tsx (15 tests) 1234ms
@pulse/web:test:      ✓ renders server-owned loss pace, ETA, consent, revisions, and honest weekly evidence  337ms
@pulse/web:test:  ✓ src/features/workouts/components/template-browser.test.tsx (11 tests) 1016ms
@pulse/web:test:  ✓ src/features/habits/components/habit-form-dialog.test.tsx (8 tests) 788ms
@pulse/web:test:  ✓ src/features/adaptive-nutrition/components/weekly-decision-review.test.tsx (16 tests) 926ms
@pulse/web:test:  ✓ src/pages/habits.test.tsx (6 tests) 672ms
@pulse/web:test:  ✓ src/features/nutrition/components/daily-nutrition-note.test.tsx (7 tests) 629ms
@pulse/web:test:  ✓ src/App.test.tsx (25 tests) 7018ms
@pulse/web:test:      ✓ renders 'Welcome back' page for '/login' when signed out  359ms
@pulse/web:test:      ✓ renders 'Create account' page for '/register' when signed out  313ms
@pulse/web:test:      ✓ renders 'Dashboard' page for '/' when signed in  328ms
@pulse/web:test:      ✓ renders 'Design System' page for '/design-system' when signed in  342ms
@pulse/web:test:      ✓ renders 'Workouts' page for '/workouts' when signed in  328ms
@pulse/web:test:      ✓ renders 'No active workout' page for '/workouts/active' when signed in  340ms
@pulse/web:test:      ✓ renders 'Upper Push' page for '/workouts/session/session-upper-push-…' when signed in  360ms
@pulse/web:test:      ✓ renders 'Upper Push' page for '/workouts/template/upper-push' when signed in  342ms
@pulse/web:test:      ✓ renders 'Nutrition' page for '/nutrition' when signed in  327ms
@pulse/web:test:      ✓ renders 'Energy Balance & Expenditure' page for '/nutrition/energy-balance' when signed in  326ms
@pulse/web:test:      ✓ renders 'Habits' page for '/habits' when signed in  330ms
@pulse/web:test:      ✓ renders 'Activity' page for '/activity' when signed in  337ms
@pulse/web:test:      ✓ renders 'Journal' page for '/journal' when signed in  328ms
@pulse/web:test:      ✓ renders 'Trend Weight' page for '/weight' when signed in  322ms
@pulse/web:test:      ✓ renders 'Profile' page for '/profile' when signed in  320ms
@pulse/web:test:      ✓ renders 'Equipment' page for '/profile/equipment' when signed in  337ms
@pulse/web:test:      ✓ renders 'Health Tracking' page for '/profile/injuries' when signed in  333ms
@pulse/web:test:      ✓ renders 'Resources' page for '/profile/resources' when signed in  333ms
@pulse/web:test:      ✓ renders 'McGill Big 3' page for '/profile/resources/mcgill-big-3' when signed in  332ms
@pulse/web:test:      ✓ renders 'Settings' page for '/settings' when signed in  371ms
@pulse/web:test:  ✓ src/features/workouts/components/workout-calendar.test.tsx (8 tests) 1029ms
@pulse/web:test:  ✓ src/features/workouts/components/exercise-trend-chart.test.tsx (17 tests) 890ms
@pulse/web:test:      ✓ renders metric selector and switches metric values  423ms
@pulse/web:test:  ✓ src/features/habits/components/daily-habits.test.tsx (8 tests) 866ms
@pulse/web:test:  ✓ src/features/workouts/components/rir-picker.test.tsx (14 tests) 1087ms
@pulse/web:test:  ✓ src/features/workouts/components/scheduled-start-surfaces.test.tsx (14 tests) 2160ms
@pulse/web:test:  ✓ src/pages/workout-session-detail.test.tsx (7 tests) 1609ms
@pulse/web:test:      ✓ renders not-found state for unknown sessionId  1227ms
@pulse/web:test:  ✓ src/features/nutrition/components/nutrition-trends.test.tsx (5 tests) 825ms
@pulse/web:test:      ✓ renders synchronized averages, gaps, and exact keyboard-operable rows  679ms
@pulse/web:test:  ✓ src/features/workouts/components/workout-list.test.tsx (13 tests) 742ms
@pulse/web:test:      ✓ renders sections in order and includes in-progress actions  303ms
@pulse/web:test:  ✓ src/features/workouts/components/set-row.test.tsx (26 tests) 356ms
@pulse/web:test:  ✓ src/features/foods/components/food-analytics-workspace.test.tsx (5 tests) 523ms
@pulse/web:test:  ✓ src/features/dashboard/components/weight-trend-chart.test.tsx (5 tests) 580ms
@pulse/web:test:  ✓ src/features/workouts/components/session-feedback.test.tsx (7 tests) 475ms
@pulse/web:test:  ✓ src/features/habits/components/habit-card-menu.test.tsx (12 tests) 667ms
@pulse/web:test:  ✓ src/features/weight/api/weight.test.tsx (17 tests) 811ms
@pulse/web:test:  ✓ src/features/habits/components/habit-history.test.tsx (4 tests) 750ms
@pulse/web:test:      ✓ loads a 90-day range from API hooks and renders history grids  396ms
@pulse/web:test:  ✓ src/features/workouts/components/workout-progression-review.test.tsx (14 tests) 802ms
@pulse/web:test:  ✓ src/features/workouts/components/exercise-detail-modal.test.tsx (12 tests) 783ms
@pulse/web:test:  ✓ src/pages/active-workout.remove-set.test.tsx (2 tests) 1141ms
@pulse/web:test:      ✓ calls delete with session/set ids, removes optimistically, and stays removed after refetch  812ms
@pulse/web:test:      ✓ rolls back optimistic set removal and shows an error when delete fails  327ms
@pulse/web:test:  ✓ src/pages/design-system.test.tsx (3 tests) 636ms
@pulse/web:test:      ✓ switches themes live using light, dark, and midnight controls  372ms
@pulse/web:test:  ✓ src/__tests__/components/daily-habits.test.tsx (8 tests) 732ms
@pulse/web:test:  ✓ src/features/adaptive-nutrition/api/adaptive-nutrition.test.tsx (8 tests) 290ms
@pulse/web:test:  ✓ src/features/habits/components/habit-day-modal.test.tsx (6 tests) 443ms
@pulse/web:test:  ✓ src/features/injuries/components/severity-chart.test.tsx (6 tests) 502ms
@pulse/web:test:      ✓ renders a responsive chart with exact ordinary and event point inspection  345ms
@pulse/web:test:  ✓ src/pages/journal.test.tsx (4 tests) 595ms
@pulse/web:test:  ✓ src/features/nutrition/components/nutrition-macro-rings.test.tsx (12 tests) 524ms
@pulse/web:test:  ✓ src/features/dashboard/components/trend-sparkline.test.tsx (16 tests) 588ms
@pulse/web:test:  ✓ src/features/nutrition/components/meal-card.test.tsx (14 tests) 395ms
@pulse/web:test:  ✓ src/features/workouts/components/muscle-analytics.test.tsx (2 tests) 463ms
@pulse/web:test:      ✓ renders versioned honest exposure, keyboard-operable exact values, and source links  347ms
@pulse/web:test:  ✓ src/components/ui/confirmation-dialog.test.tsx (9 tests) 598ms
@pulse/web:test:  ✓ src/features/nutrition/api/nutrition.test.tsx (10 tests) 501ms
@pulse/web:test:  ✓ src/pages/profile.test.tsx (4 tests) 337ms
@pulse/web:test:  ✓ src/components/layout/sidebar.test.tsx (6 tests) 497ms
@pulse/web:test:  ✓ src/features/workouts/components/swap-exercise-dialog.test.tsx (2 tests) 304ms
@pulse/web:test:  ✓ src/components/ui/per-page-selector.test.tsx (2 tests) 239ms
@pulse/web:test:  ✓ src/features/settings/components/trash-manager.test.tsx (3 tests) 382ms
@pulse/web:test:  ✓ src/features/nutrition/components/daily-energy-adherence-card.test.tsx (17 tests) 411ms
@pulse/web:test:  ✓ src/features/workouts/components/effort-display.test.tsx (5 tests) 327ms
@pulse/web:test:  ✓ src/components/layout/bottom-nav.test.tsx (3 tests) 391ms
@pulse/web:test:  ✓ src/features/auth/components/register-form.test.tsx (8 tests) 362ms
@pulse/web:test:  ✓ src/features/adaptive-nutrition/components/nutrition-day-status-control.test.tsx (4 tests) 370ms
@pulse/web:test:  ✓ src/features/nutrition/api/daily-note.test.tsx (4 tests) 449ms
@pulse/web:test:  ✓ src/components/ui/sort-selector.test.tsx (2 tests) 299ms
@pulse/web:test:  ✓ src/features/dashboard/components/recent-workouts.test.tsx (9 tests) 292ms
@pulse/web:test:  ✓ src/features/workouts/components/workout-exercise-card/last-performance-chip.test.tsx (5 tests) 186ms
@pulse/web:test:  ✓ src/features/dashboard/components/snapshot-cards.test.tsx (15 tests) 348ms
@pulse/web:test:  ✓ src/features/habits/api/habits.test.tsx (10 tests) 346ms
@pulse/web:test:  ✓ src/components/ui/help-modal.test.tsx (2 tests) 136ms
@pulse/web:test:  ✓ src/features/auth/components/login-form.test.tsx (8 tests) 297ms
@pulse/web:test:  ✓ src/features/resources/components/resource-grid.test.tsx (1 test) 320ms
@pulse/web:test:      ✓ filters resources by type and search query, then navigates to the detail route  318ms
@pulse/web:test:  ✓ src/features/workouts/components/session-header.test.tsx (3 tests) 350ms
@pulse/web:test:  ✓ src/hooks/use-last-performance.test.tsx (6 tests) 387ms
@pulse/web:test:  ✓ src/features/nutrition/components/nutrition-week-strip.test.tsx (6 tests) 265ms
@pulse/web:test:  ✓ src/features/dashboard/components/habit-daily-status-card.test.tsx (8 tests) 315ms
@pulse/web:test:  ✓ src/features/workouts/components/session-comparison.test.tsx (6 tests) 256ms
@pulse/web:test:  ✓ src/features/workouts/api/workouts.optimistic.test.tsx (4 tests) 321ms
@pulse/web:test:  ✓ src/lib/optimistic.test.tsx (3 tests) 250ms
@pulse/web:test:  ✓ src/components/workouts/active-session-resume-gate.test.tsx (4 tests) 268ms
@pulse/web:test:  ✓ src/features/workouts/components/workout-exercise-card/workout-exercise-set-list.test.tsx (3 tests) 286ms
@pulse/web:test:  ✓ src/hooks/use-session-sets.test.tsx (3 tests) 293ms
@pulse/web:test:  ✓ src/features/workouts/components/session-context.test.tsx (4 tests) 257ms
@pulse/web:test:  ✓ src/features/dashboard/components/calendar-picker.test.tsx (7 tests) 238ms
@pulse/web:test:  ✓ src/components/ui/notes-indicator.test.tsx (3 tests) 250ms
@pulse/web:test:  ✓ src/hooks/use-dashboard-snapshot.test.tsx (4 tests) 272ms
@pulse/web:test:  ✓ src/pages/journal-entry.test.tsx (3 tests) 151ms
@pulse/web:test:  ✓ src/hooks/use-exercise-history.test.tsx (5 tests) 248ms
@pulse/web:test:  ✓ src/features/workouts/api/workouts.test.tsx (2 tests) 269ms
@pulse/web:test:  ✓ src/features/dashboard/components/macro-rings.test.tsx (7 tests) 292ms
@pulse/web:test:  ✓ src/features/activity/components/activity-list.test.tsx (2 tests) 265ms
@pulse/web:test:  ✓ src/features/workouts/components/workout-exercise-card/index.test.tsx (5 tests) 440ms
@pulse/web:test:  ✓ src/features/workouts/components/session-exercise-list.test.tsx (34 tests) 13066ms
@pulse/web:test:      ✓ renders prescribed set targets from session set data  417ms
@pulse/web:test:      ✓ shows editable set rows and renders an inline rest timer after the completed set  967ms
@pulse/web:test:      ✓ applies distinct section badge styles for complete, partial, and zero-complete sections  583ms
@pulse/web:test:      ✓ renders programming notes separately from editable session notes  366ms
@pulse/web:test:      ✓ opens swap dialog from the exercise actions menu and calls session swap endpoint  598ms
@pulse/web:test:      ✓ still renders template form cues and omits injury warnings when enhanced injury data is unavailable  310ms
@pulse/web:test:      ✓ supports grouping and ungrouping supersets from workout sections  625ms
@pulse/web:test:      ✓ keeps section open state manual when workout progress moves into the next section  781ms
@pulse/web:test:      ✓ persists section and exercise collapse state across remounts for the same session id  1121ms
@pulse/web:test:      ✓ scopes persisted section state by session id  965ms
@pulse/web:test:      ✓ collapses sections, toggles exercise details, and focuses the requested next set input  1126ms
@pulse/web:test:      ✓ renders up to 3 inline history entries when API history is enabled  419ms
@pulse/web:test:      ✓ opens and closes full history modal from active workout exercise rows  839ms
@pulse/web:test:      ✓ renders related history collapsed by default and expands on demand  307ms
@pulse/web:test:  ✓ src/features/habits/components/weekly-habit-date-picker.test.tsx (4 tests) 244ms
@pulse/web:test:  ✓ src/components/ui/view-toggle.test.tsx (2 tests) 163ms
@pulse/web:test:  ✓ src/pages/active-workout.test.tsx (39 tests) 20388ms
@pulse/web:test:      ✓ renders the active workout UI and does not auto-focus any set after rest timer completion  2229ms
@pulse/web:test:      ✓ keeps focus unchanged when a superset rest timer expires  336ms
@pulse/web:test:      ✓ moves from session logging to feedback, summary, and back to workouts  5595ms
@pulse/web:test:      ✓ controls per-section timers and switches sections via section-timer endpoint  573ms
@pulse/web:test:      ✓ starts the completed set section timer when saving a set from another section  350ms
@pulse/web:test:      ✓ supports manually finishing an active workout with confirmation and set summary ratio  1057ms
@pulse/web:test:      ✓ keeps the session active after the last set until completion is explicitly confirmed  6146ms
@pulse/web:test:      ✓ shows standard feedback controls and requires pain details when pain is yes  834ms
@pulse/web:test:      ✓ creates a completed session without a pre-stored token by using dev auto-session auth  521ms
@pulse/web:test:  ✓ src/features/workouts/components/rest-timer.test.tsx (3 tests) 245ms
@pulse/web:test:  ✓ src/features/workouts/components/scheduled-workout-header.test.tsx (2 tests) 230ms
@pulse/web:test:  ✓ src/components/ui/help-icon.test.tsx (2 tests) 261ms
@pulse/web:test:  ✓ src/components/charts/chart-primitives.test.tsx (7 tests) 257ms
@pulse/web:test:  ✓ src/features/workouts/components/form-cue-chips.test.tsx (3 tests) 200ms
@pulse/web:test:  ✓ src/components/ui/button.test.tsx (4 tests) 190ms
@pulse/web:test:  ✓ src/features/resources/components/resource-detail.test.tsx (3 tests) 269ms
@pulse/web:test:  ✓ src/components/ui/data-table.test.tsx (4 tests) 171ms
@pulse/web:test:  ✓ src/components/ui/column-picker.test.tsx (1 test) 285ms
@pulse/web:test:  ✓ src/components/ui/dialog.test.tsx (1 test) 193ms
@pulse/web:test:  ✓ src/features/workouts/components/workout-exercise-card/form-cues-block.test.tsx (2 tests) 202ms
@pulse/web:test:  ✓ src/features/dashboard/components/trend-sparkline-responsive.test.tsx (1 test) 213ms
@pulse/web:test:  ✓ src/hooks/use-weight-trend.test.tsx (4 tests) 212ms
@pulse/web:test:  ✓ src/features/foods/api/foods.test.tsx (2 tests) 183ms
@pulse/web:test:  ✓ src/components/ui/pagination-bar.test.tsx (2 tests) 137ms
@pulse/web:test:  ✓ src/hooks/use-habit-chains.test.tsx (3 tests) 217ms
@pulse/web:test:  ✓ src/components/layout/page-header.test.tsx (4 tests) 157ms
@pulse/web:test:  ✓ src/features/foods/components/food-list.test.tsx (14 tests) 12672ms
@pulse/web:test:      ✓ shows loading placeholders, then renders the first server page with pagination  892ms
@pulse/web:test:      ✓ does not normalize the URL with a default sort param on initial load  317ms
@pulse/web:test:      ✓ debounces search and sends the query to the foods API  715ms
@pulse/web:test:      ✓ paginates while preserving sort query params  1026ms
@pulse/web:test:      ✓ persists per-page in URL params and resets to page 1 when changed  775ms
@pulse/web:test:      ✓ keeps the inline editor open if a pending save blurs before the API fails  1151ms
@pulse/web:test:      ✓ filters foods by tag chips and supports tag add/remove edits  1118ms
@pulse/web:test:      ✓ removes foods optimistically and keeps the total count in sync  1303ms
@pulse/web:test:      ✓ renders card and table views and persists the selected view  1692ms
@pulse/web:test:      ✓ paginates in table mode  628ms
@pulse/web:test:      ✓ shows and hides table columns through the shared column picker integration  849ms
@pulse/web:test:      ✓ opens table inline editing only from the food name cell  828ms
@pulse/web:test:      ✓ preserves filter and sort state when switching between card and table views  1307ms
@pulse/web:test:  ✓ src/components/auth/guest-route.test.tsx (3 tests) 158ms
@pulse/web:test:  ✓ src/components/ui/preview-banner.test.tsx (5 tests) 236ms
@pulse/web:test:  ✓ src/components/error-boundary.test.tsx (2 tests) 200ms
@pulse/web:test:  ✓ src/components/theme-provider.test.tsx (2 tests) 177ms
@pulse/web:test:  ✓ src/pages/resources.test.tsx (1 test) 165ms
@pulse/web:test:  ✓ src/components/ui/progress-bar.test.tsx (4 tests) 137ms
@pulse/web:test:  ✓ src/hooks/use-recent-workouts.test.tsx (2 tests) 154ms
@pulse/web:test:  ✓ src/components/auth/protected-route.test.tsx (3 tests) 122ms
@pulse/web:test:  ✓ src/__tests__/components/progress-ring.test.tsx (5 tests) 126ms
@pulse/web:test:  ✓ src/components/ui/empty-state.test.tsx (2 tests) 189ms
@pulse/web:test:  ✓ src/features/workouts/components/workout-exercise-card/exercise-header.test.tsx (2 tests) 125ms
@pulse/web:test:  ✓ src/features/nutrition/api/targets.test.tsx (3 tests) 172ms
@pulse/web:test:  ✓ src/hooks/use-macro-trend.test.tsx (3 tests) 141ms
@pulse/web:test:  ✓ src/__tests__/components/theme-toggle.test.tsx (3 tests) 105ms
@pulse/web:test:  ✓ src/components/ui/input.test.tsx (3 tests) 123ms
@pulse/web:test:  ✓ src/components/layout/app-layout.test.tsx (2 tests) 82ms
@pulse/web:test:  ✓ src/__tests__/components/progress-bar.test.tsx (4 tests) 180ms
@pulse/web:test:  ✓ src/components/ui/progress-ring.test.tsx (5 tests) 203ms
@pulse/web:test:  ✓ src/hooks/use-user.test.tsx (2 tests) 156ms
@pulse/web:test:  ✓ src/features/workouts/api/progression.test.tsx (2 tests) 164ms
@pulse/web:test:  ✓ src/pages/login.test.tsx (1 test) 145ms
@pulse/web:test:  ✓ src/components/skeletons/skeleton-variants.test.tsx (2 tests) 93ms
@pulse/web:test:  ✓ src/features/workouts/api/workouts.mutations.test.tsx (8 tests) 97ms
@pulse/web:test:  ✓ src/hooks/use-workout-session.test.tsx (7 tests) 153ms
@pulse/web:test:  ✓ src/hooks/use-pull-to-refresh.test.tsx (6 tests) 109ms
@pulse/web:test:  ✓ src/components/ui/stat-card.test.tsx (8 tests) 110ms
@pulse/web:test:  ✓ src/pages/injuries.test.tsx (1 test) 249ms
@pulse/web:test:  ✓ src/features/settings/api/trash.test.tsx (4 tests) 110ms
@pulse/web:test:  ✓ src/hooks/use-dashboard-config.test.tsx (2 tests) 107ms
@pulse/web:test:  ✓ src/features/workouts/components/workout-exercise-card/prescription-block.test.tsx (3 tests) 73ms
@pulse/web:test:  ✓ src/hooks/use-sync-sets.test.tsx (4 tests) 85ms
@pulse/web:test:  ✓ src/features/dashboard/lib/program-date.test.ts (2 tests) 17ms
@pulse/web:test:  ✓ src/hooks/useTheme.test.tsx (5 tests) 41ms
@pulse/web:test:  ✓ src/components/ui/checkbox.test.tsx (1 test) 133ms
@pulse/web:test:  ✓ src/hooks/usePersistedState.test.tsx (5 tests) 38ms
@pulse/web:test:  ✓ src/features/workouts/components/workout-exercise-card/programming-notes-block.test.tsx (2 tests) 65ms
@pulse/web:test:  ✓ src/components/ui/pull-to-refresh.test.tsx (3 tests) 111ms
@pulse/web:test:  ✓ src/__tests__/components/stat-card.test.tsx (3 tests) 93ms
@pulse/web:test:  ✓ src/features/workouts/components/tag-chips.test.tsx (2 tests) 59ms
@pulse/web:test:  ✓ src/components/ui/filter-bar.test.tsx (1 test) 40ms
@pulse/web:test:  ✓ src/features/workouts/components/workout-exercise-card/agent-notes-block.test.tsx (3 tests) 67ms
@pulse/web:test:  ✓ src/hooks/use-complete-session.test.tsx (2 tests) 44ms
@pulse/web:test:  ✓ src/lib/use-debounced-callback.test.tsx (6 tests) 38ms
@pulse/web:test:  ✓ src/hooks/use-save-as-template.test.tsx (2 tests) 50ms
@pulse/web:test:  ✓ src/hooks/use-date-authority.test.tsx (3 tests) 63ms
@pulse/web:test:  ✓ src/features/nutrition/lib/nutrition-utils.test.ts (12 tests) 19ms
@pulse/web:test:  ✓ src/components/ui/skeleton.test.tsx (1 test) 51ms
@pulse/web:test:  ✓ src/lib/query-client.test.ts (6 tests) 18ms
@pulse/web:test:  ✓ src/features/nutrition/lib/program-local-midnight.test.ts (3 tests) 17ms
@pulse/web:test:  ✓ src/features/workouts/lib/effort.test.ts (61 tests) 31ms
@pulse/web:test:  ✓ src/components/ui/card.test.tsx (1 test) 32ms
@pulse/web:test:  ✓ src/features/workouts/lib/session-persistence.test.ts (18 tests) 13ms
@pulse/web:test:  ✓ src/lib/api-client.test.ts (14 tests) 26ms
@pulse/web:test:  ✓ src/lib/utils.test.ts (3 tests) 11ms
@pulse/web:test:  ✓ src/store/auth-store.test.ts (7 tests) 27ms
@pulse/web:test:  ✓ src/lib/query-invalidation.test.ts (6 tests) 6ms
@pulse/web:test:  ✓ src/features/weight/lib/trend-weight-date.test.ts (10 tests) 8ms
@pulse/web:test:  ✓ src/lib/api-error.test.ts (6 tests) 5ms
@pulse/web:test:  ✓ src/features/dashboard/lib/widget-utils.test.ts (10 tests) 3ms
@pulse/web:test:  ✓ src/lib/format-utils.test.ts (8 tests) 5ms
@pulse/web:test:  ✓ src/features/workouts/lib/time-estimates.test.ts (9 tests) 9ms
@pulse/web:test:  ✓ src/features/workouts/lib/active-session.test.ts (8 tests) 12ms
@pulse/web:test:  ✓ src/styles/globals.test.ts (2 tests) 6ms
@pulse/web:test:  ✓ src/features/workouts/lib/tracking.test.ts (15 tests) 5ms
@pulse/web:test:  ✓ src/features/workouts/api/workouts.keys.test.ts (5 tests) 5ms
@pulse/web:test:  ✓ src/features/workouts/lib/workout-session-sets.test.ts (2 tests) 2ms
@pulse/web:test:  ✓ src/features/nutrition/api/keys.test.ts (3 tests) 3ms
@pulse/web:test:  ✓ src/lib/date-utils.test.ts (3 tests) 4ms
@pulse/web:test:  ✓ src/lib/date.test.ts (5 tests) 5ms
@pulse/web:test:  ✓ src/features/activity/lib/mock-data.test.ts (3 tests) 2ms
@pulse/web:test:  ✓ src/features/foods/api/keys.test.ts (1 test) 5ms
@pulse/web:test:  ✓ src/__tests__/placeholder.test.ts (1 test) 3ms
@pulse/web:test:  ✓ src/features/adaptive-nutrition/lib/format-adaptive-nutrition.test.ts (2 tests) 2ms
@pulse/web:test: 
@pulse/web:test:  Test Files  188 passed (188)
@pulse/web:test:       Tests  1348 passed (1348)
@pulse/web:test:    Start at  20:12:51
@pulse/web:test:    Duration  47.36s (transform 10.11s, setup 36.85s, import 104.70s, tests 140.24s, environment 98.58s)
@pulse/web:test: 

 Tasks:    6 successful, 6 total
Cached:    0 cached, 6 total
  Time:    1m35.837s 

