^D[?25l
 RUN  v4.0.18 /Users/meridian/Projects/pulse-body-check-in-foundation/packages/shared

[?2026h
 ❯ src/schemas/body-check-ins.test.ts [queued]

 Test Files 0 passed (2)
      Tests 0 passed (0)
   Start at 23:40:07
   Duration 101ms
[?2026l[?2026h[K
 ❯ src/schemas/body-check-ins.test.ts 1/4

 Test Files 0 passed (2)
      Tests 1 passed (4)
   Start at 23:40:07
   Duration 201ms
[?2026l[?2026h[K ✓ src/schemas/body-check-ins.test.ts (4 tests) 9ms

 ❯ src/utils/body-reading-quality.test.ts [queued]

 Test Files 1 passed (2)
      Tests 4 passed (4)
   Start at 23:40:07
   Duration 302ms
[?2026l[K ✓ src/utils/body-reading-quality.test.ts (3 tests) 6ms

 Test Files  2 passed (2)
      Tests  7 passed (7)
   Start at  23:40:07
   Duration  398ms (transform 67ms, setup 0ms, import 108ms, tests 15ms, environment 0ms)

[?25h[?25l
 RUN  v4.0.18 /Users/meridian/Projects/pulse-body-check-in-foundation/apps/api

[?2026h
 ❯ src/routes/body-measurements/api.integration.test.ts [queued]

 Test Files 0 passed (4)
      Tests 0 passed (0)
   Start at 23:40:08
   Duration 102ms
[?2026l[?2026h[K
 ❯ src/routes/body-measurements/api.integration.test.ts 0/3

 Test Files 0 passed (4)
      Tests 0 passed (3)
   Start at 23:40:08
   Duration 910ms
[?2026l[?2026h[K
 ❯ src/routes/body-measurements/api.integration.test.ts 1/3

 Test Files 0 passed (4)
      Tests 1 passed (3)
   Start at 23:40:08
   Duration 1.73s
[?2026l[?2026h[K
 ❯ src/routes/body-measurements/api.integration.test.ts 2/3

 Test Files 0 passed (4)
      Tests 2 passed (3)
   Start at 23:40:08
   Duration 1.83s
[?2026l[?2026h[K ✓ src/routes/body-measurements/api.integration.test.ts (3 tests) 1721ms
     ✓ merges same-date partial writes, isolates owners, and preserves facts atomically  1519ms

 ❯ src/routes/body-check-ins/api.integration.test.ts [queued]

 Test Files 1 passed (4)
      Tests 3 passed (3)
   Start at 23:40:08
   Duration 1.93s
[?2026l[?2026h[K
 ❯ src/routes/body-check-ins/api.integration.test.ts 1/6

 Test Files 1 passed (4)
      Tests 4 passed (9)
   Start at 23:40:08
   Duration 2.84s
[?2026l[?2026h[K
 ❯ src/routes/body-check-ins/api.integration.test.ts 1/6

 Test Files 1 passed (4)
      Tests 4 passed (9)
   Start at 23:40:08
   Duration 2.94s
[?2026l[?2026h[K
 ❯ src/routes/body-check-ins/api.integration.test.ts 2/6

 Test Files 1 passed (4)
      Tests 5 passed (9)
   Start at 23:40:08
   Duration 3.04s
[?2026l[?2026h[K
 ❯ src/routes/body-check-ins/api.integration.test.ts 3/6

 Test Files 1 passed (4)
      Tests 6 passed (9)
   Start at 23:40:08
   Duration 3.14s
[?2026l[?2026h[K
 ❯ src/routes/body-check-ins/api.integration.test.ts 4/6

 Test Files 1 passed (4)
      Tests 7 passed (9)
   Start at 23:40:08
   Duration 3.34s
[?2026l[?2026h[K
 ❯ src/routes/body-check-ins/api.integration.test.ts 5/6

 Test Files 1 passed (4)
      Tests 8 passed (9)
   Start at 23:40:08
   Duration 3.44s
[?2026l[?2026h[K ✓ src/routes/body-check-ins/api.integration.test.ts (6 tests) 1442ms
     ✓ persists preferences, due lifecycle, drafts, completion, raw readings, provenance, and context  700ms

 ❯ src/db/body-check-in-migration.test.ts [queued]

 Test Files 2 passed (4)
      Tests 9 passed (9)
   Start at 23:40:08
   Duration 3.55s
[?2026l[?2026h[K
 ❯ src/db/body-check-in-migration.test.ts 0/3

 Test Files 2 passed (4)
      Tests 9 passed (12)
   Start at 23:40:08
   Duration 3.65s
[?2026l[?2026h[K
 ❯ src/db/body-check-in-migration.test.ts 1/3

 Test Files 2 passed (4)
      Tests 10 passed (12)
   Start at 23:40:08
   Duration 3.85s
[?2026l[?2026h[K
 ❯ src/db/body-check-in-migration.test.ts 1/3

 Test Files 2 passed (4)
      Tests 10 passed (12)
   Start at 23:40:08
   Duration 3.95s
[?2026l[?2026h[K ✓ src/db/body-check-in-migration.test.ts (3 tests) 286ms

 ❯ src/db/migration-0065.lifecycle.test.ts [queued]

 Test Files 3 passed (4)
      Tests 12 passed (12)
   Start at 23:40:08
   Duration 4.05s
[?2026l[?2026h[K
 ❯ src/db/migration-0065.lifecycle.test.ts 1/3

 Test Files 3 passed (4)
      Tests 13 passed (15)
   Start at 23:40:08
   Duration 4.35s
[?2026l[?2026h[K
 ❯ src/db/migration-0065.lifecycle.test.ts 2/3

 Test Files 3 passed (4)
      Tests 14 passed (15)
   Start at 23:40:08
   Duration 4.45s
[?2026l[K ✓ src/db/migration-0065.lifecycle.test.ts (3 tests) 277ms

 Test Files  4 passed (4)
      Tests  15 passed (15)
   Start at  23:40:08
   Duration  4.51s (transform 837ms, setup 0ms, import 270ms, tests 3.73s, environment 0ms)

[?25h