^D
> pulse@ build /Users/meridian/Projects/pulse-body-check-in-foundation
> turbo run build


Update available v2.8.13 ≫ v2.10.13
Changelog: https://github.com/vercel/turborepo/releases/tag/v2.10.13
Run "pnpm dlx @turbo/codemod@latest update" to update

Follow [38;2;0;153;247m@[0m[38;2;88;145;235mt[0m[38;2;122;137;221mu[0m[38;2;147;127;206mr[0m[38;2;167;117;190mb[0m[38;2;185;106;172mo[0m[38;2;201;94;152mr[0m[38;2;215;78;126me[0m[38;2;229;58;92mp[0m[38;2;241;23;18mo[0m for updates: https://x.com/turborepo
• turbo 2.8.13
[2m• Packages in scope: @pulse/api, @pulse/shared, @pulse/web[0m
[2m• Running [0m[1m[2mbuild[0m[2m in 3 packages
[0m[2m• Remote caching disabled, using shared worktree cache[0m
[32m@pulse/shared:build: [0mcache bypass, force executing [2m59773bf0cfc29ea2[0m
[32m@pulse/shared:build: [0m
[32m@pulse/shared:build: [0m> @pulse/shared@0.0.0 build /Users/meridian/Projects/pulse-body-check-in-foundation/packages/shared
[32m@pulse/shared:build: [0m> tsc -p tsconfig.json
[32m@pulse/shared:build: [0m
[33m@pulse/web:build: [0mcache bypass, force executing [2m9efcae7fc9a5f1ab[0m
[35m@pulse/api:build: [0mcache bypass, force executing [2m8985607333110aba[0m
[33m@pulse/web:build: [0m
[33m@pulse/web:build: [0m> @pulse/web@0.0.0 build /Users/meridian/Projects/pulse-body-check-in-foundation/apps/web
[33m@pulse/web:build: [0m> tsc -b && vite build
[33m@pulse/web:build: [0m
[35m@pulse/api:build: [0m
[35m@pulse/api:build: [0m> @pulse/api@0.0.0 build /Users/meridian/Projects/pulse-body-check-in-foundation/apps/api
[35m@pulse/api:build: [0m> tsc
[35m@pulse/api:build: [0m
[33m@pulse/web:build: [0mvite v7.3.1 building client environment for production...
[33m@pulse/web:build: [0mtransforming...
[33m@pulse/web:build: [0m✓ 3925 modules transformed.
[33m@pulse/web:build: [0mrendering chunks...
[33m@pulse/web:build: [0mcomputing gzip size...
[33m@pulse/web:build: [0mdist/index.html                                         2.15 kB │ gzip:   0.75 kB
[33m@pulse/web:build: [0mdist/assets/index--uZa41wS.css                        174.41 kB │ gzip:  25.13 kB
[33m@pulse/web:build: [0mdist/assets/query-polling-CWrVhzp4.js                   0.09 kB │ gzip:   0.09 kB
[33m@pulse/web:build: [0mdist/assets/plus-CIG2CVqm.js                            0.15 kB │ gzip:   0.15 kB
[33m@pulse/web:build: [0mdist/assets/arrow-up-DSXZSg8Q.js                        0.16 kB │ gzip:   0.16 kB
[33m@pulse/web:build: [0mdist/assets/clock-3-BG3lflsO.js                         0.17 kB │ gzip:   0.17 kB
[33m@pulse/web:build: [0mdist/assets/arrow-right-C_S-k2I7.js                     0.17 kB │ gzip:   0.16 kB
[33m@pulse/web:build: [0mdist/assets/search-CPfglVRw.js                          0.17 kB │ gzip:   0.17 kB
[33m@pulse/web:build: [0mdist/assets/circle-check-Bap09d_Y.js                    0.17 kB │ gzip:   0.17 kB
[33m@pulse/web:build: [0mdist/assets/trending-up-qXi_u7BA.js                     0.18 kB │ gzip:   0.17 kB
[33m@pulse/web:build: [0mdist/assets/gauge-Db0WBx04.js                           0.18 kB │ gzip:   0.17 kB
[33m@pulse/web:build: [0mdist/assets/trending-down--S73C6pn.js                   0.18 kB │ gzip:   0.17 kB
[33m@pulse/web:build: [0mdist/assets/flame-D5duhxRa.js                           0.20 kB │ gzip:   0.18 kB
[33m@pulse/web:build: [0mdist/assets/info-AfTFkrNJ.js                            0.20 kB │ gzip:   0.18 kB
[33m@pulse/web:build: [0mdist/assets/rotate-ccw-DaZub7WL.js                      0.20 kB │ gzip:   0.18 kB
[33m@pulse/web:build: [0mdist/assets/useThemeContext-BoCuPUaP.js                 0.23 kB │ gzip:   0.19 kB
[33m@pulse/web:build: [0mdist/assets/history-Dc4kc4Rw.js                         0.24 kB │ gzip:   0.20 kB
[33m@pulse/web:build: [0mdist/assets/timer-7ljnxytI.js                           0.24 kB │ gzip:   0.19 kB
[33m@pulse/web:build: [0mdist/assets/circle-question-mark-Dpq3WNK-.js            0.24 kB │ gzip:   0.20 kB
[33m@pulse/web:build: [0mdist/assets/arrow-up-down-CJAvwpPO.js                   0.25 kB │ gzip:   0.19 kB
[33m@pulse/web:build: [0mdist/assets/route-B0As72wW.js                           0.25 kB │ gzip:   0.20 kB
[33m@pulse/web:build: [0mdist/assets/circle-alert-BM3zD2f8.js                    0.25 kB │ gzip:   0.19 kB
[33m@pulse/web:build: [0mdist/assets/chart-column-D5bbUzVS.js                    0.25 kB │ gzip:   0.20 kB
[33m@pulse/web:build: [0mdist/assets/heart-lXG3HrFB.js                           0.26 kB │ gzip:   0.22 kB
[33m@pulse/web:build: [0mdist/assets/pencil-DANOWct6.js                          0.28 kB │ gzip:   0.23 kB
[33m@pulse/web:build: [0mdist/assets/book-open-DyMzmcPd.js                       0.28 kB │ gzip:   0.21 kB
[33m@pulse/web:build: [0mdist/assets/arrow-up-right-Bhbj2w8P.js                  0.29 kB │ gzip:   0.21 kB
[33m@pulse/web:build: [0mdist/assets/pencil-line-BPN4NpnW.js                     0.32 kB │ gzip:   0.24 kB
[33m@pulse/web:build: [0mdist/assets/refresh-cw-R7Pz3xLY.js                      0.32 kB │ gzip:   0.22 kB
[33m@pulse/web:build: [0mdist/assets/trash-2-BUi5am88.js                         0.33 kB │ gzip:   0.22 kB
[33m@pulse/web:build: [0mdist/assets/program-local-midnight-D2pCqe36.js          0.33 kB │ gzip:   0.27 kB
[33m@pulse/web:build: [0mdist/assets/scale-Ceo2zDqK.js                           0.33 kB │ gzip:   0.22 kB
[33m@pulse/web:build: [0mdist/assets/grip-vertical-UtBx4WPv.js                   0.37 kB │ gzip:   0.19 kB
[33m@pulse/web:build: [0mdist/assets/calendar-clock-x5-VHhOG.js                  0.37 kB │ gzip:   0.25 kB
[33m@pulse/web:build: [0mdist/assets/label-CbWdK-ws.js                           0.37 kB │ gzip:   0.28 kB
[33m@pulse/web:build: [0mdist/assets/use-today-key-BR4OaooP.js                   0.39 kB │ gzip:   0.27 kB
[33m@pulse/web:build: [0mdist/assets/sliders-horizontal-ByOPh7Z6.js              0.43 kB │ gzip:   0.24 kB
[33m@pulse/web:build: [0mdist/assets/index-Jc0hl4U2.js                           0.43 kB │ gzip:   0.29 kB
[33m@pulse/web:build: [0mdist/assets/template-tags-Ce0Nr_b0.js                   0.43 kB │ gzip:   0.29 kB
[33m@pulse/web:build: [0mdist/assets/accent-card-styles-juGWYX3b.js              0.48 kB │ gzip:   0.21 kB
[33m@pulse/web:build: [0mdist/assets/calendar-days-BmNAAaPp.js                   0.50 kB │ gzip:   0.27 kB
[33m@pulse/web:build: [0mdist/assets/sparkles-DQbHy60z.js                        0.50 kB │ gzip:   0.28 kB
[33m@pulse/web:build: [0mdist/assets/date-utils-hJv2Zwft.js                      0.52 kB │ gzip:   0.30 kB
[33m@pulse/web:build: [0mdist/assets/workout-session-sets-CqGuqGnY.js            0.57 kB │ gzip:   0.34 kB
[33m@pulse/web:build: [0mdist/assets/circle-dashed-BdCkqxPE.js                   0.58 kB │ gzip:   0.29 kB
[33m@pulse/web:build: [0mdist/assets/textarea-DFvqIl6D.js                        0.64 kB │ gzip:   0.39 kB
[33m@pulse/web:build: [0mdist/assets/markdown-note-DzRnpRm0.js                   0.65 kB │ gzip:   0.39 kB
[33m@pulse/web:build: [0mdist/assets/chart-range-control-DMMYnLpN.js             0.66 kB │ gzip:   0.41 kB
[33m@pulse/web:build: [0mdist/assets/empty-state-BYFO4KID.js                     0.69 kB │ gzip:   0.43 kB
[33m@pulse/web:build: [0mdist/assets/superset-utils-BjbfLqvr.js                  0.70 kB │ gzip:   0.43 kB
[33m@pulse/web:build: [0mdist/assets/save-Ctxc4hno.js                            0.70 kB │ gzip:   0.34 kB
[33m@pulse/web:build: [0mdist/assets/format-utils-Bsyxf4FY.js                    0.73 kB │ gzip:   0.35 kB
[33m@pulse/web:build: [0mdist/assets/wrench-CKdYwH6i.js                          0.74 kB │ gzip:   0.38 kB
[33m@pulse/web:build: [0mdist/assets/separator-Fuq0YGix.js                       0.78 kB │ gzip:   0.42 kB
[33m@pulse/web:build: [0mdist/assets/chart-legend-CfbYHvTB.js                    0.85 kB │ gzip:   0.49 kB
[33m@pulse/web:build: [0mdist/assets/markdown-aUL2GTqK.js                        0.87 kB │ gzip:   0.43 kB
[33m@pulse/web:build: [0mdist/assets/page-header-D1YHiyMz.js                     0.90 kB │ gzip:   0.42 kB
[33m@pulse/web:build: [0mdist/assets/rename-exercise-dialog-Qab8AIqd.js          0.94 kB │ gzip:   0.56 kB
[33m@pulse/web:build: [0mdist/assets/input-CF90X9QW.js                           0.95 kB │ gzip:   0.54 kB
[33m@pulse/web:build: [0mdist/assets/use-date-authority-DNTDW26E.js              0.96 kB │ gzip:   0.53 kB
[33m@pulse/web:build: [0mdist/assets/trend-weight-date-vlormCn4.js               1.00 kB │ gzip:   0.50 kB
[33m@pulse/web:build: [0mdist/assets/progress-bar-Dog-8STI.js                    1.04 kB │ gzip:   0.58 kB
[33m@pulse/web:build: [0mdist/assets/progress-ring-Cc-snI5b.js                   1.21 kB │ gzip:   0.64 kB
[33m@pulse/web:build: [0mdist/assets/index-i16T_aT2.js                           1.31 kB │ gzip:   0.66 kB
[33m@pulse/web:build: [0mdist/assets/use-debounced-callback-DptrUXpx.js          1.32 kB │ gzip:   0.61 kB
[33m@pulse/web:build: [0mdist/assets/badge-BkAwZydY.js                           1.34 kB │ gzip:   0.64 kB
[33m@pulse/web:build: [0mdist/assets/preview-banner-CvJJBmc5.js                  1.40 kB │ gzip:   0.77 kB
[33m@pulse/web:build: [0mdist/assets/progression-CyNYw2Wo.js                     1.47 kB │ gzip:   0.73 kB
[33m@pulse/web:build: [0mdist/assets/chart-exploration-CIVsEJBu.js               1.70 kB │ gzip:   0.76 kB
[33m@pulse/web:build: [0mdist/assets/adaptive-weekly-review-DM2n-0F4.js          1.80 kB │ gzip:   0.97 kB
[33m@pulse/web:build: [0mdist/assets/stat-card-BUJWCAdN.js                       2.30 kB │ gzip:   1.08 kB
[33m@pulse/web:build: [0mdist/assets/chart-tooltip-fYuBvAF1.js                   2.49 kB │ gzip:   1.04 kB
[33m@pulse/web:build: [0mdist/assets/help-icon-BxSUpsiK.js                       2.66 kB │ gzip:   1.06 kB
[33m@pulse/web:build: [0mdist/assets/dialog-DL1A5AlJ.js                          2.79 kB │ gzip:   1.07 kB
[33m@pulse/web:build: [0mdist/assets/login-_nGDG5B9.js                           3.12 kB │ gzip:   1.30 kB
[33m@pulse/web:build: [0mdist/assets/chart-summary-DCU1rpXt.js                   3.16 kB │ gzip:   1.38 kB
[33m@pulse/web:build: [0mdist/assets/journal-entry-vGC1pTsv.js                   3.45 kB │ gzip:   1.36 kB
[33m@pulse/web:build: [0mdist/assets/habit-chain-dot-C0dGgt55.js                 3.45 kB │ gzip:   1.63 kB
[33m@pulse/web:build: [0mdist/assets/mock-data-C5acpO0F.js                       3.71 kB │ gzip:   1.57 kB
[33m@pulse/web:build: [0mdist/assets/profile-B1kiRbsv.js                         4.10 kB │ gzip:   1.62 kB
[33m@pulse/web:build: [0mdist/assets/register-ChRvuYiF.js                        4.17 kB │ gzip:   1.53 kB
[33m@pulse/web:build: [0mdist/assets/resources-L2yiwKJf.js                       4.22 kB │ gzip:   1.74 kB
[33m@pulse/web:build: [0mdist/assets/swap-exercise-dialog-D-dlvdH0.js            4.43 kB │ gzip:   1.81 kB
[33m@pulse/web:build: [0mdist/assets/journal-CzPKzx-C.js                         5.46 kB │ gzip:   2.07 kB
[33m@pulse/web:build: [0mdist/assets/resource-detail-Bi-dBeQY.js                 5.60 kB │ gzip:   1.80 kB
[33m@pulse/web:build: [0mdist/assets/popover-DOpEr4vh.js                         6.03 kB │ gzip:   2.18 kB
[33m@pulse/web:build: [0mdist/assets/use-dashboard-config-CSomlSk3.js            6.31 kB │ gzip:   2.06 kB
[33m@pulse/web:build: [0mdist/assets/nutrition-day-status-control-3nbdu_YO.js    7.40 kB │ gzip:   2.50 kB
[33m@pulse/web:build: [0mdist/assets/view-toggle-C7OIvWB5.js                     8.76 kB │ gzip:   3.22 kB
[33m@pulse/web:build: [0mdist/assets/injuries-vDM6gBA2.js                        9.27 kB │ gzip:   3.25 kB
[33m@pulse/web:build: [0mdist/assets/weight-history-DbHBUlNh.js                  9.86 kB │ gzip:   3.55 kB
[33m@pulse/web:build: [0mdist/assets/design-system-KAKmr35c.js                   9.95 kB │ gzip:   3.14 kB
[33m@pulse/web:build: [0mdist/assets/mock-data-_2FU3g6o.js                      10.15 kB │ gzip:   4.27 kB
[33m@pulse/web:build: [0mdist/assets/mock-data-Stw0I5Nf.js                      14.00 kB │ gzip:   4.60 kB
[33m@pulse/web:build: [0mdist/assets/session-feedback-CVE_B_i3.js               14.49 kB │ gzip:   4.70 kB
[33m@pulse/web:build: [0mdist/assets/equipment-B7mP5I3N.js                      15.22 kB │ gzip:   4.76 kB
[33m@pulse/web:build: [0mdist/assets/activity-CqLdvBER.js                       15.87 kB │ gzip:   5.16 kB
[33m@pulse/web:build: [0mdist/assets/trend-weight-workspace-BKVn8Q_C.js         17.30 kB │ gzip:   5.29 kB
[33m@pulse/web:build: [0mdist/assets/workouts-CZD9tCYb.js                       19.70 kB │ gzip:   4.74 kB
[33m@pulse/web:build: [0mdist/assets/select-BQDA2ob7.js                         20.60 kB │ gzip:   7.29 kB
[33m@pulse/web:build: [0mdist/assets/active-session-D0PlouIq.js                 21.30 kB │ gzip:   6.53 kB
[33m@pulse/web:build: [0mdist/assets/dropdown-menu-CTuV5bDc.js                  21.90 kB │ gzip:   6.83 kB
[33m@pulse/web:build: [0mdist/assets/energy-balance-BPLcsYsz.js                 21.98 kB │ gzip:   6.57 kB
[33m@pulse/web:build: [0mdist/assets/injury-detail-CS-PaDkj.js                  23.40 kB │ gzip:   7.26 kB
[33m@pulse/web:build: [0mdist/assets/data-quality-DFBpnGsQ.js                   24.95 kB │ gzip:   7.73 kB
[33m@pulse/web:build: [0mdist/assets/workout-template-detail-Dzq95ji-.js        24.96 kB │ gzip:   7.82 kB
[33m@pulse/web:build: [0mdist/assets/settings-CtkXobM_.js                       29.74 kB │ gzip:   8.12 kB
[33m@pulse/web:build: [0mdist/assets/zod-CS_2uH66.js                            29.90 kB │ gzip:  10.78 kB
[33m@pulse/web:build: [0mdist/assets/goal-trajectory-VEqKHu7G.js                30.30 kB │ gzip:   8.65 kB
[33m@pulse/web:build: [0mdist/assets/weekly-decision-review-B_xWfm3v.js         32.94 kB │ gzip:   8.63 kB
[33m@pulse/web:build: [0mdist/assets/workout-session-detail-D6XC9a5S.js         36.77 kB │ gzip:  10.91 kB
[33m@pulse/web:build: [0mdist/assets/vendor-router-D-aEi-ws.js                  37.19 kB │ gzip:  13.40 kB
[33m@pulse/web:build: [0mdist/assets/habits-e80OLSL4.js                         39.34 kB │ gzip:  11.79 kB
[33m@pulse/web:build: [0mdist/assets/scheduled-workout-detail-CLAAE27a.js       41.62 kB │ gzip:  12.58 kB
[33m@pulse/web:build: [0mdist/assets/vendor-query-Y28iZGx7.js                   45.14 kB │ gzip:  13.84 kB
[33m@pulse/web:build: [0mdist/assets/sortable.esm-CQlFXows.js                   51.01 kB │ gzip:  17.09 kB
[33m@pulse/web:build: [0mdist/assets/use-workout-session-B8Ez5XD4.js            56.60 kB │ gzip:  16.44 kB
[33m@pulse/web:build: [0mdist/assets/vendor-zod-HKtZy-kK.js                     57.87 kB │ gzip:  13.50 kB
[33m@pulse/web:build: [0mdist/assets/workouts-CLy_gQyU.js                       67.54 kB │ gzip:  18.35 kB
[33m@pulse/web:build: [0mdist/assets/dashboard-DwXLnBPe.js                      69.23 kB │ gzip:  20.11 kB
[33m@pulse/web:build: [0mdist/assets/goal-editor-dialog-CfTF7iMN.js             69.87 kB │ gzip:  20.11 kB
[33m@pulse/web:build: [0mdist/assets/schedule-workout-dialog-BPwAxAJw.js        71.22 kB │ gzip:  21.27 kB
[33m@pulse/web:build: [0mdist/assets/active-workout-Bher6Iys.js                 97.90 kB │ gzip:  28.29 kB
[33m@pulse/web:build: [0mdist/assets/nutrition-Bl3eDK1Q.js                     158.96 kB │ gzip:  42.84 kB
[33m@pulse/web:build: [0mdist/assets/vendor-recharts-vi3UUqYC.js               397.49 kB │ gzip: 115.25 kB
[33m@pulse/web:build: [0mdist/assets/index-CUSeDicP.js                         554.24 kB │ gzip: 163.26 kB
[33m@pulse/web:build: [0m
[33m@pulse/web:build: [0m(!) Some chunks are larger than 500 kB after minification. Consider:
[33m@pulse/web:build: [0m- Using dynamic import() to code-split the application
[33m@pulse/web:build: [0m- Use build.rollupOptions.output.manualChunks to improve chunking: https://rollupjs.org/configuration-options/#output-manualchunks
[33m@pulse/web:build: [0m- Adjust chunk size limit for this warning via build.chunkSizeWarningLimit.
[33m@pulse/web:build: [0m✓ built in 4.29s

[1m Tasks:    [32m[1m3 successful[0m, 3 total[0m
[1mCached:    [1m0 cached[0m, 3 total[0m
[1m  Time:    [1m17.469s[0m [0m

    ...Finishing writing to cache...                                            [2K>   ...Finishing writing to cache...                                            [2K