RECEIPT_FORMAT: pulse-150-raw-v1
TESTED_COMMIT: ea4ca7688c5c022abfa38affba424d150b07ee5a
BRANCH: feat/workout-feedback-questions
WORKTREE: /Users/meridian/Projects/pulse-workout-feedback-questions
STARTED_UTC: 2026-09-08T17:57:23Z
COMMAND: env TURBO_FORCE=true pnpm typecheck 
STDOUT_STDERR_BEGIN

> pulse@ typecheck /Users/meridian/Projects/pulse-workout-feedback-questions
> turbo run typecheck

• turbo 2.8.13
• Packages in scope: @pulse/api, @pulse/shared, @pulse/web
• Running typecheck in 3 packages
• Remote caching disabled, using shared worktree cache
@pulse/shared:typecheck: cache bypass, force executing 19d0ad41ba40bc90
@pulse/web:typecheck: cache bypass, force executing b3c69ce7e3bee09a
@pulse/api:typecheck: cache bypass, force executing 7ae23440857d3db8
@pulse/shared:typecheck: 
@pulse/shared:typecheck: > @pulse/shared@0.0.0 typecheck /Users/meridian/Projects/pulse-workout-feedback-questions/packages/shared
@pulse/shared:typecheck: > tsc --noEmit -p tsconfig.json
@pulse/shared:typecheck: 
@pulse/api:typecheck: 
@pulse/api:typecheck: > @pulse/api@0.0.0 typecheck /Users/meridian/Projects/pulse-workout-feedback-questions/apps/api
@pulse/api:typecheck: > tsc --noEmit -p tsconfig.json && tsc --noEmit -p tsconfig.test.json
@pulse/api:typecheck: 
@pulse/web:typecheck: 
@pulse/web:typecheck: > @pulse/web@0.0.0 typecheck /Users/meridian/Projects/pulse-workout-feedback-questions/apps/web
@pulse/web:typecheck: > tsc --noEmit
@pulse/web:typecheck: 

 Tasks:    3 successful, 3 total
Cached:    0 cached, 3 total
  Time:    15.497s 

STDOUT_STDERR_END
EXIT_CODE: 0
FINISHED_UTC: 2026-09-08T17:57:39Z
