RECEIPT_FORMAT: pulse-150-raw-v1
TESTED_COMMIT: ea4ca7688c5c022abfa38affba424d150b07ee5a
BRANCH: feat/workout-feedback-questions
WORKTREE: /Users/meridian/Projects/pulse-workout-feedback-questions
STARTED_UTC: 2026-09-08T17:57:50Z
COMMAND: env TURBO_FORCE=true pnpm lint 
STDOUT_STDERR_BEGIN

> pulse@ lint /Users/meridian/Projects/pulse-workout-feedback-questions
> turbo run lint

• turbo 2.8.13
• Packages in scope: @pulse/api, @pulse/shared, @pulse/web
• Running lint in 3 packages
• Remote caching disabled, using shared worktree cache
@pulse/shared:lint: cache bypass, force executing c34018a2f7a64145
@pulse/web:lint: cache bypass, force executing 3764fa6a5628ab3f
@pulse/api:lint: cache bypass, force executing c7346424af577b2b
@pulse/web:lint: 
@pulse/web:lint: > @pulse/web@0.0.0 lint /Users/meridian/Projects/pulse-workout-feedback-questions/apps/web
@pulse/web:lint: > eslint .
@pulse/web:lint: 
@pulse/shared:lint: 
@pulse/shared:lint: > @pulse/shared@0.0.0 lint /Users/meridian/Projects/pulse-workout-feedback-questions/packages/shared
@pulse/shared:lint: > eslint .
@pulse/shared:lint: 
@pulse/api:lint: 
@pulse/api:lint: > @pulse/api@0.0.0 lint /Users/meridian/Projects/pulse-workout-feedback-questions/apps/api
@pulse/api:lint: > eslint .
@pulse/api:lint: 
@pulse/web:lint: 
@pulse/web:lint: /Users/meridian/Projects/pulse-workout-feedback-questions/apps/web/src/features/adaptive-nutrition/components/energy-balance-workspace.tsx
@pulse/web:lint:   129:17  warning  Fast refresh only works when a file only exports components. Use a new file to share constants or functions between components  react-refresh/only-export-components
@pulse/web:lint:   158:17  warning  Fast refresh only works when a file only exports components. Use a new file to share constants or functions between components  react-refresh/only-export-components
@pulse/web:lint: 
@pulse/web:lint: /Users/meridian/Projects/pulse-workout-feedback-questions/apps/web/src/features/workouts/components/session-detail-exercise-card.tsx
@pulse/web:lint:   352:17  warning  Fast refresh only works when a file only exports components. Use a new file to share constants or functions between components  react-refresh/only-export-components
@pulse/web:lint: 
@pulse/web:lint: /Users/meridian/Projects/pulse-workout-feedback-questions/apps/web/src/features/workouts/components/workout-exercise-card/index.tsx
@pulse/web:lint:   23:17  warning  Fast refresh only works when a file only exports components. Use a new file to share constants or functions between components  react-refresh/only-export-components
@pulse/web:lint:   27:17  warning  Fast refresh only works when a file only exports components. Use a new file to share constants or functions between components  react-refresh/only-export-components
@pulse/web:lint: 
@pulse/web:lint: /Users/meridian/Projects/pulse-workout-feedback-questions/apps/web/src/pages/active-workout.tsx
@pulse/web:lint:   2501:17  warning  Fast refresh only works when a file only exports components. Use a new file to share constants or functions between components  react-refresh/only-export-components
@pulse/web:lint: 
@pulse/web:lint: ✖ 6 problems (0 errors, 6 warnings)
@pulse/web:lint: 

 Tasks:    3 successful, 3 total
Cached:    0 cached, 3 total
  Time:    16.017s 

STDOUT_STDERR_END
EXIT_CODE: 0
FINISHED_UTC: 2026-09-08T17:58:06Z
