RECEIPT_FORMAT: pulse-150-raw-v1
TESTED_COMMIT: ea4ca7688c5c022abfa38affba424d150b07ee5a
BRANCH: feat/workout-feedback-questions
WORKTREE: /Users/meridian/Projects/pulse-workout-feedback-questions
STARTED_UTC: 2026-09-08T17:59:26Z
COMMAND: env PULSE_WORKOUT_FEEDBACK_SYNTHETIC=I_ACKNOWLEDGE_SYNTHETIC_FIXTURE_ONLY pnpm --filter web exec playwright test --config playwright.workout-feedback.config.ts 
STDOUT_STDERR_BEGIN
[WebServer] (node:77736) Warning: The 'NO_COLOR' env is ignored due to the 'FORCE_COLOR' env being set.
[WebServer] (Use `node --trace-warnings ...` to show where the warning was created)
[WebServer] (node:77737) Warning: The 'NO_COLOR' env is ignored due to the 'FORCE_COLOR' env being set.
[WebServer] (Use `node --trace-warnings ...` to show where the warning was created)
[WebServer] (node:77743) Warning: The 'NO_COLOR' env is ignored due to the 'FORCE_COLOR' env being set.
[WebServer] (Use `node --trace-warnings ...` to show where the warning was created)
[WebServer] (node:77743) Warning: The 'NO_COLOR' env is ignored due to the 'FORCE_COLOR' env being set.
[WebServer] (Use `node --trace-warnings ...` to show where the warning was created)
[WebServer] (node:77748) Warning: The 'NO_COLOR' env is ignored due to the 'FORCE_COLOR' env being set.
[WebServer] (Use `node --trace-warnings ...` to show where the warning was created)
[WebServer] (node:77761) Warning: The 'NO_COLOR' env is ignored due to the 'FORCE_COLOR' env being set.
[WebServer] (Use `node --trace-warnings ...` to show where the warning was created)

Running 1 test using 1 worker

(node:77768) Warning: The 'NO_COLOR' env is ignored due to the 'FORCE_COLOR' env being set.
(Use `node --trace-warnings ...` to show where the warning was created)
  ✓  1 e2e/workout-feedback-questions.spec.ts:143:7 › workout feedback questions frozen acceptance › freezes both scheduled launch surfaces and retains draft, correction, and raw evidence (6.7s)

  1 passed (10.6s)
STDOUT_STDERR_END
EXIT_CODE: 0
FINISHED_UTC: 2026-09-08T17:59:37Z
