→ lint-staged could not find any staged files matching configured tasks.
• turbo 2.8.13
• Packages in scope: @pulse/api, @pulse/shared, @pulse/web
• Running typecheck in 3 packages
• Remote caching disabled, using shared worktree cache
@pulse/shared:typecheck: cache hit, replaying logs a0cd02e3ddc4a5ba
@pulse/shared:typecheck: 
@pulse/shared:typecheck: > @pulse/shared@0.0.0 typecheck /Users/meridian/Projects/pulse-food-reuse/packages/shared
@pulse/shared:typecheck: > tsc --noEmit -p tsconfig.json
@pulse/shared:typecheck: 
@pulse/web:typecheck: cache hit, replaying logs 055e7da7b029c09c
@pulse/api:typecheck: cache hit, replaying logs 4103d72c854729a0
@pulse/web:typecheck: 
@pulse/api:typecheck: 
@pulse/api:typecheck: > @pulse/api@0.0.0 typecheck /Users/meridian/Projects/pulse-food-reuse/apps/api
@pulse/api:typecheck: > tsc --noEmit -p tsconfig.json && tsc --noEmit -p tsconfig.test.json
@pulse/api:typecheck: 
@pulse/web:typecheck: > @pulse/web@0.0.0 typecheck /Users/meridian/Projects/pulse-food-reuse/apps/web
@pulse/web:typecheck: > tsc --noEmit
@pulse/web:typecheck: 

 Tasks:    3 successful, 3 total
Cached:    3 cached, 3 total
  Time:    275ms >>> FULL TURBO

• turbo 2.8.13
• Packages in scope: @pulse/api, @pulse/shared, @pulse/web
• Running test in 3 packages
• Remote caching disabled, using shared worktree cache
@pulse/shared:build: cache hit, replaying logs 71d99d871ea51217
@pulse/shared:build: 
@pulse/shared:build: > @pulse/shared@0.0.0 build /Users/meridian/Projects/pulse-food-reuse/packages/shared
@pulse/shared:build: > tsc -p tsconfig.json
@pulse/shared:build: 
@pulse/api:build: cache hit, replaying logs 8d736b4c734f1c10
@pulse/api:build: 
@pulse/api:build: > @pulse/api@0.0.0 build /Users/meridian/Projects/pulse-food-reuse/apps/api
@pulse/api:build: > tsc
@pulse/api:build: 
@pulse/shared:test: cache hit, replaying logs 52e0aae1a98d1334
@pulse/shared:test: 
@pulse/shared:test: > @pulse/shared@0.0.0 test /Users/meridian/Projects/pulse-food-reuse/packages/shared
@pulse/shared:test: > vitest run
@pulse/shared:test: 
@pulse/shared:test: 
@pulse/shared:test:  RUN  v4.0.18 /Users/meridian/Projects/pulse-food-reuse/packages/shared
@pulse/shared:test: 
@pulse/shared:test:  ✓ src/monorepo-config.test.ts (2 tests) 10ms
@pulse/shared:test:  ✓ src/unified-api-docs.test.ts (4 tests) 12ms
@pulse/shared:test:  ✓ src/schemas/auth.test.ts (7 tests) 20ms
@pulse/shared:test:  ✓ src/utils/ewma.test.ts (14 tests) 57ms
@pulse/shared:test:  ✓ src/schemas/workout-progression.test.ts (6 tests) 29ms
@pulse/shared:test:  ✓ src/schemas/workout-sessions.test.ts (47 tests) 21ms
@pulse/shared:test:  ✓ src/schemas/agent.test.ts (11 tests) 9ms
@pulse/shared:test:  ✓ src/utils/adaptive-goal-trajectory.test.ts (37 tests) 66ms
@pulse/shared:test:  ✓ src/schemas/data-quality-calendar.test.ts (8 tests) 51ms
@pulse/shared:test:  ✓ src/schemas/adaptive-nutrition.test.ts (18 tests) 45ms
@pulse/shared:test:  ✓ src/utils/chart-exploration.test.ts (19 tests) 51ms
@pulse/shared:test:  ✓ src/utils/daily-energy-adherence.test.ts (44 tests) 58ms
@pulse/shared:test:  ✓ src/schemas/weight.test.ts (26 tests) 21ms
@pulse/shared:test:  ✓ src/schemas/food-analytics.test.ts (4 tests) 96ms
@pulse/shared:test:  ✓ src/schemas/adaptive-weekly-review.test.ts (6 tests) 35ms
@pulse/shared:test:  ✓ src/schemas/nutrition.test.ts (45 tests) 9ms
@pulse/shared:test:  ✓ src/utils/adaptive-tdee.test.ts (56 tests) 354ms
@pulse/shared:test:  ✓ src/schemas/common.test.ts (4 tests) 7ms
@pulse/shared:test:  ✓ src/utils/adaptive-goal-progress.test.ts (8 tests) 11ms
@pulse/shared:test:  ✓ src/utils/adaptive-setup-projection.test.ts (15 tests) 17ms
@pulse/shared:test:  ✓ src/schemas/foods.test.ts (19 tests) 12ms
@pulse/shared:test:  ✓ src/schemas/workout-templates.test.ts (19 tests) 6ms
@pulse/shared:test:  ✓ src/schemas/dashboard.test.ts (15 tests) 5ms
@pulse/shared:test:  ✓ src/schemas/nutrition-targets.test.ts (7 tests) 13ms
@pulse/shared:test:  ✓ src/conventions-docs.test.ts (6 tests) 82ms
@pulse/shared:test:  ✓ src/schemas/activities.test.ts (3 tests) 7ms
@pulse/shared:test:  ✓ src/schemas/energy-balance.test.ts (3 tests) 10ms
@pulse/shared:test:  ✓ src/schemas/habit-entries.test.ts (12 tests) 9ms
@pulse/shared:test:  ✓ src/utils/energy-balance.test.ts (9 tests) 21ms
@pulse/shared:test:  ✓ src/schemas/journal.test.ts (3 tests) 8ms
@pulse/shared:test:  ✓ src/schemas/scheduled-workouts.test.ts (23 tests) 12ms
@pulse/shared:test:  ✓ src/schemas/session-set.test.ts (9 tests) 4ms
@pulse/shared:test:  ✓ src/schemas/habits.test.ts (21 tests) 6ms
@pulse/shared:test:  ✓ src/utils/food-analytics.test.ts (6 tests) 6ms
@pulse/shared:test:  ✓ src/index.test.ts (5 tests) 3ms
@pulse/shared:test:  ✓ src/schemas/resources.test.ts (3 tests) 5ms
@pulse/shared:test:  ✓ src/schemas/health-conditions.test.ts (13 tests) 9ms
@pulse/shared:test:  ✓ src/schemas/agent-tokens.test.ts (4 tests) 2ms
@pulse/shared:test:  ✓ src/schemas/equipment.test.ts (5 tests) 3ms
@pulse/shared:test:  ✓ src/schemas/exercises.test.ts (24 tests) 46ms
@pulse/shared:test:  ✓ src/utils/protein-floor.test.ts (24 tests) 7ms
@pulse/shared:test:  ✓ src/schemas/entity-links.test.ts (3 tests) 5ms
@pulse/shared:test:  ✓ src/schemas/workout-progression-compatibility.test.ts (19 tests) 31ms
@pulse/shared:test:  ✓ src/schemas/dashboard-config.test.ts (8 tests) 6ms
@pulse/shared:test:  ✓ src/utils/workout-progression.test.ts (30 tests) 5ms
@pulse/shared:test:  ✓ src/utils/weight-unit.test.ts (4 tests) 2ms
@pulse/shared:test:  ✓ src/utils/habit-scheduling.test.ts (5 tests) 1ms
@pulse/shared:test: 
@pulse/shared:test:  Test Files  47 passed (47)
@pulse/shared:test:       Tests  683 passed (683)
@pulse/shared:test:    Start at  20:50:38
@pulse/shared:test:    Duration  1.62s (transform 1.47s, setup 0ms, import 3.69s, tests 1.31s, environment 7ms)
@pulse/shared:test: 
@pulse/web:build: cache hit, replaying logs 5ebfb532651007b7
@pulse/web:build: 
@pulse/web:build: > @pulse/web@0.0.0 build /Users/meridian/Projects/pulse-food-reuse/apps/web
@pulse/web:build: > tsc -b && vite build
@pulse/web:build: 
@pulse/web:build: vite v7.3.1 building client environment for production...
@pulse/web:build: transforming...
@pulse/web:build: ✓ 3912 modules transformed.
@pulse/web:build: rendering chunks...
@pulse/web:build: computing gzip size...
@pulse/web:build: dist/index.html                                         2.15 kB │ gzip:   0.76 kB
@pulse/web:build: dist/assets/index-DeVSiqxV.css                        174.22 kB │ gzip:  25.11 kB
@pulse/web:build: dist/assets/query-polling-CWrVhzp4.js                   0.09 kB │ gzip:   0.09 kB
@pulse/web:build: dist/assets/plus-CoApFexL.js                            0.15 kB │ gzip:   0.15 kB
@pulse/web:build: dist/assets/arrow-up-98W1kpP5.js                        0.16 kB │ gzip:   0.16 kB
@pulse/web:build: dist/assets/clock-3-CMoMgpvV.js                         0.17 kB │ gzip:   0.16 kB
@pulse/web:build: dist/assets/arrow-right-BnnOrusp.js                     0.17 kB │ gzip:   0.16 kB
@pulse/web:build: dist/assets/search-D2znfMHr.js                          0.17 kB │ gzip:   0.17 kB
@pulse/web:build: dist/assets/circle-check-D2LXWHDV.js                    0.17 kB │ gzip:   0.17 kB
@pulse/web:build: dist/assets/trending-up-D8NjleMB.js                     0.18 kB │ gzip:   0.17 kB
@pulse/web:build: dist/assets/gauge-BSXpn8XO.js                           0.18 kB │ gzip:   0.17 kB
@pulse/web:build: dist/assets/trending-down-DG1bBVGY.js                   0.18 kB │ gzip:   0.17 kB
@pulse/web:build: dist/assets/flame-DFQ7diRM.js                           0.20 kB │ gzip:   0.18 kB
@pulse/web:build: dist/assets/info-gFkPDJ2m.js                            0.20 kB │ gzip:   0.18 kB
@pulse/web:build: dist/assets/rotate-ccw-naRUd1_g.js                      0.20 kB │ gzip:   0.18 kB
@pulse/web:build: dist/assets/useThemeContext-D25lGSN5.js                 0.23 kB │ gzip:   0.19 kB
@pulse/web:build: dist/assets/history-CmWNVhYW.js                         0.24 kB │ gzip:   0.20 kB
@pulse/web:build: dist/assets/timer-CD5Q78ez.js                           0.24 kB │ gzip:   0.19 kB
@pulse/web:build: dist/assets/circle-question-mark-DDXOcnPl.js            0.24 kB │ gzip:   0.21 kB
@pulse/web:build: dist/assets/arrow-up-down-DDt0Vfvi.js                   0.25 kB │ gzip:   0.19 kB
@pulse/web:build: dist/assets/route-DpBf_jE_.js                           0.25 kB │ gzip:   0.20 kB
@pulse/web:build: dist/assets/circle-alert-CAjLYtWv.js                    0.25 kB │ gzip:   0.19 kB
@pulse/web:build: dist/assets/chart-column-DjjiWvRV.js                    0.25 kB │ gzip:   0.20 kB
@pulse/web:build: dist/assets/heart-C9ShVOI5.js                           0.26 kB │ gzip:   0.22 kB
@pulse/web:build: dist/assets/pencil-Dg1m1fhq.js                          0.28 kB │ gzip:   0.23 kB
@pulse/web:build: dist/assets/book-open-BGUQR-yt.js                       0.28 kB │ gzip:   0.21 kB
@pulse/web:build: dist/assets/arrow-up-right-Cyg8fGa4.js                  0.29 kB │ gzip:   0.21 kB
@pulse/web:build: dist/assets/pencil-line-CCeUZEb2.js                     0.32 kB │ gzip:   0.24 kB
@pulse/web:build: dist/assets/refresh-cw-Cg9KMRix.js                      0.32 kB │ gzip:   0.22 kB
@pulse/web:build: dist/assets/trash-2-Dx5jm4oc.js                         0.33 kB │ gzip:   0.22 kB
@pulse/web:build: dist/assets/program-local-midnight-D4s8hZBf.js          0.33 kB │ gzip:   0.27 kB
@pulse/web:build: dist/assets/scale-C3nX9zMc.js                           0.33 kB │ gzip:   0.22 kB
@pulse/web:build: dist/assets/grip-vertical-zxgDPLdl.js                   0.37 kB │ gzip:   0.19 kB
@pulse/web:build: dist/assets/calendar-clock-CqDB-irq.js                  0.37 kB │ gzip:   0.25 kB
@pulse/web:build: dist/assets/label-DSdtJgqp.js                           0.37 kB │ gzip:   0.28 kB
@pulse/web:build: dist/assets/use-today-key-CG44cgN_.js                   0.39 kB │ gzip:   0.27 kB
@pulse/web:build: dist/assets/index-D4hvhrTo.js                           0.43 kB │ gzip:   0.29 kB
@pulse/web:build: dist/assets/template-tags-Ce0Nr_b0.js                   0.43 kB │ gzip:   0.29 kB
@pulse/web:build: dist/assets/accent-card-styles-juGWYX3b.js              0.48 kB │ gzip:   0.21 kB
@pulse/web:build: dist/assets/calendar-days-f_73A8w6.js                   0.50 kB │ gzip:   0.27 kB
@pulse/web:build: dist/assets/sparkles-etN0UUS6.js                        0.50 kB │ gzip:   0.28 kB
@pulse/web:build: dist/assets/date-utils-hJv2Zwft.js                      0.52 kB │ gzip:   0.30 kB
@pulse/web:build: dist/assets/workout-session-sets-CqGuqGnY.js            0.57 kB │ gzip:   0.34 kB
@pulse/web:build: dist/assets/circle-dashed-D3RBTIsi.js                   0.58 kB │ gzip:   0.29 kB
@pulse/web:build: dist/assets/textarea-DSDNKLVy.js                        0.64 kB │ gzip:   0.39 kB
@pulse/web:build: dist/assets/markdown-note-CyIX6Rv7.js                   0.65 kB │ gzip:   0.39 kB
@pulse/web:build: dist/assets/chart-range-control-XH5wrT28.js             0.66 kB │ gzip:   0.41 kB
@pulse/web:build: dist/assets/empty-state-BgNe8MsJ.js                     0.69 kB │ gzip:   0.42 kB
@pulse/web:build: dist/assets/superset-utils-CtC4-7UV.js                  0.70 kB │ gzip:   0.42 kB
@pulse/web:build: dist/assets/save-B3U5Ng48.js                            0.70 kB │ gzip:   0.34 kB
@pulse/web:build: dist/assets/format-utils-Bsyxf4FY.js                    0.73 kB │ gzip:   0.35 kB
@pulse/web:build: dist/assets/wrench-DxUt7XG4.js                          0.74 kB │ gzip:   0.38 kB
@pulse/web:build: dist/assets/separator-D630Lbib.js                       0.78 kB │ gzip:   0.43 kB
@pulse/web:build: dist/assets/chart-legend-MGruvUI6.js                    0.85 kB │ gzip:   0.49 kB
@pulse/web:build: dist/assets/markdown-aUL2GTqK.js                        0.87 kB │ gzip:   0.43 kB
@pulse/web:build: dist/assets/page-header-xHy05oE2.js                     0.90 kB │ gzip:   0.42 kB
@pulse/web:build: dist/assets/rename-exercise-dialog-Ba8w2rHC.js          0.94 kB │ gzip:   0.56 kB
@pulse/web:build: dist/assets/input-BKrQi7vL.js                           0.95 kB │ gzip:   0.54 kB
@pulse/web:build: dist/assets/use-date-authority-BDDq47q4.js              0.96 kB │ gzip:   0.53 kB
@pulse/web:build: dist/assets/trend-weight-date-vlormCn4.js               1.00 kB │ gzip:   0.50 kB
@pulse/web:build: dist/assets/progress-bar-CyyDPG4q.js                    1.04 kB │ gzip:   0.58 kB
@pulse/web:build: dist/assets/progress-ring-By9X-T3K.js                   1.21 kB │ gzip:   0.64 kB
@pulse/web:build: dist/assets/index-B2vKJhtH.js                           1.31 kB │ gzip:   0.66 kB
@pulse/web:build: dist/assets/use-debounced-callback-DoX5UMhQ.js          1.32 kB │ gzip:   0.61 kB
@pulse/web:build: dist/assets/badge-T92kluJm.js                           1.34 kB │ gzip:   0.64 kB
@pulse/web:build: dist/assets/preview-banner-juk6Sne9.js                  1.40 kB │ gzip:   0.77 kB
@pulse/web:build: dist/assets/progression-Tdtwc_tC.js                     1.47 kB │ gzip:   0.73 kB
@pulse/web:build: dist/assets/chart-exploration-CIVsEJBu.js               1.70 kB │ gzip:   0.76 kB
@pulse/web:build: dist/assets/adaptive-weekly-review-D4UPU8Ai.js          1.80 kB │ gzip:   0.96 kB
@pulse/web:build: dist/assets/stat-card-Ztfu4pHG.js                       2.30 kB │ gzip:   1.08 kB
@pulse/web:build: dist/assets/chart-tooltip-DQuoDvxy.js                   2.49 kB │ gzip:   1.04 kB
@pulse/web:build: dist/assets/help-icon-En6DZXyr.js                       2.66 kB │ gzip:   1.06 kB
@pulse/web:build: dist/assets/dialog-CKSabhZu.js                          2.79 kB │ gzip:   1.07 kB
@pulse/web:build: dist/assets/login-E2vnGuyA.js                           3.12 kB │ gzip:   1.30 kB
@pulse/web:build: dist/assets/chart-summary-B8TPBXRk.js                   3.16 kB │ gzip:   1.38 kB
@pulse/web:build: dist/assets/journal-entry-DLvJmXGn.js                   3.45 kB │ gzip:   1.37 kB
@pulse/web:build: dist/assets/habit-chain-dot-BbYuMskE.js                 3.45 kB │ gzip:   1.62 kB
@pulse/web:build: dist/assets/mock-data-C5acpO0F.js                       3.71 kB │ gzip:   1.57 kB
@pulse/web:build: dist/assets/profile-CHHH4TH7.js                         4.10 kB │ gzip:   1.63 kB
@pulse/web:build: dist/assets/register-HSPptGRb.js                        4.17 kB │ gzip:   1.53 kB
@pulse/web:build: dist/assets/resources-CBx-NUYe.js                       4.22 kB │ gzip:   1.73 kB
@pulse/web:build: dist/assets/swap-exercise-dialog-DV4o-aVQ.js            4.43 kB │ gzip:   1.81 kB
@pulse/web:build: dist/assets/journal-DbdEUz6S.js                         5.46 kB │ gzip:   2.07 kB
@pulse/web:build: dist/assets/resource-detail-BK_EB2lm.js                 5.60 kB │ gzip:   1.80 kB
@pulse/web:build: dist/assets/popover-D79cXxdL.js                         6.04 kB │ gzip:   2.18 kB
@pulse/web:build: dist/assets/use-dashboard-config-yby-dNJN.js            6.31 kB │ gzip:   2.06 kB
@pulse/web:build: dist/assets/nutrition-day-status-control-CFYrNHVc.js    7.40 kB │ gzip:   2.51 kB
@pulse/web:build: dist/assets/view-toggle-BHRKNBoI.js                     8.76 kB │ gzip:   3.22 kB
@pulse/web:build: dist/assets/injuries-BAWccHUd.js                        9.27 kB │ gzip:   3.25 kB
@pulse/web:build: dist/assets/weight-history-DmSXHxpg.js                  9.86 kB │ gzip:   3.55 kB
@pulse/web:build: dist/assets/design-system-DLUy9vBP.js                   9.94 kB │ gzip:   3.14 kB
@pulse/web:build: dist/assets/mock-data-B0NZZZjj.js                      10.15 kB │ gzip:   4.27 kB
@pulse/web:build: dist/assets/mock-data-C2F0F2C7.js                      14.00 kB │ gzip:   4.60 kB
@pulse/web:build: dist/assets/equipment-C8wuME9Z.js                      15.22 kB │ gzip:   4.76 kB
@pulse/web:build: dist/assets/activity-BJzQXAOf.js                       16.18 kB │ gzip:   5.24 kB
@pulse/web:build: dist/assets/trend-weight-workspace-XxbAr_Fy.js         17.30 kB │ gzip:   5.29 kB
@pulse/web:build: dist/assets/workouts-C3KyfE6f.js                       19.70 kB │ gzip:   4.74 kB
@pulse/web:build: dist/assets/select-DKMdKQGN.js                         20.60 kB │ gzip:   7.29 kB
@pulse/web:build: dist/assets/active-session-COkvpo6z.js                 21.20 kB │ gzip:   6.52 kB
@pulse/web:build: dist/assets/dropdown-menu-CxGfOJ00.js                  21.90 kB │ gzip:   6.83 kB
@pulse/web:build: dist/assets/energy-balance-i_nLwmrb.js                 21.98 kB │ gzip:   6.58 kB
@pulse/web:build: dist/assets/injury-detail-C1HAZvfy.js                  23.40 kB │ gzip:   7.27 kB
@pulse/web:build: dist/assets/workout-template-detail-CAZBIfJj.js        24.78 kB │ gzip:   7.74 kB
@pulse/web:build: dist/assets/data-quality-wOy_A0uL.js                   24.95 kB │ gzip:   7.73 kB
@pulse/web:build: dist/assets/settings-1TQBtiSg.js                       29.75 kB │ gzip:   8.12 kB
@pulse/web:build: dist/assets/zod-DXL12IUs.js                            29.90 kB │ gzip:  10.78 kB
@pulse/web:build: dist/assets/goal-trajectory-DrVXKaf3.js                30.30 kB │ gzip:   8.65 kB
@pulse/web:build: dist/assets/workout-session-detail-CWMc5fIk.js         32.61 kB │ gzip:   9.71 kB
@pulse/web:build: dist/assets/weekly-decision-review-5gKdDDHy.js         32.94 kB │ gzip:   8.62 kB
@pulse/web:build: dist/assets/vendor-router-D-aEi-ws.js                  37.19 kB │ gzip:  13.40 kB
@pulse/web:build: dist/assets/scheduled-workout-detail-CSqh60p1.js       37.62 kB │ gzip:  11.62 kB
@pulse/web:build: dist/assets/habits-BnYA6PgW.js                         39.34 kB │ gzip:  11.79 kB
@pulse/web:build: dist/assets/vendor-query-Y28iZGx7.js                   45.14 kB │ gzip:  13.84 kB
@pulse/web:build: dist/assets/sortable.esm-CaVFjQnh.js                   51.01 kB │ gzip:  17.09 kB
@pulse/web:build: dist/assets/use-workout-session-DJ1Ubv1W.js            52.96 kB │ gzip:  15.40 kB
@pulse/web:build: dist/assets/vendor-zod-CxxuDTfS.js                     57.83 kB │ gzip:  13.48 kB
@pulse/web:build: 
@pulse/web:build: (!) Some chunks are larger than 500 kB after minification. Consider:
@pulse/web:build: - Using dynamic import() to code-split the application
@pulse/web:build: dist/assets/workouts-DKlM5Dsl.js                       67.54 kB │ gzip:  18.35 kB
@pulse/web:build: dist/assets/dashboard-Btsv0TSv.js                      69.23 kB │ gzip:  20.12 kB
@pulse/web:build: - Use build.rollupOptions.output.manualChunks to improve chunking: https://rollupjs.org/configuration-options/#output-manualchunks
@pulse/web:build: dist/assets/goal-editor-dialog-D2L99ax_.js             69.87 kB │ gzip:  20.12 kB
@pulse/web:build: dist/assets/schedule-workout-dialog-Cq9cRGNm.js        71.22 kB │ gzip:  21.27 kB
@pulse/web:build: dist/assets/active-workout-D2ODMN_V.js                107.86 kB │ gzip:  30.61 kB
@pulse/web:build: - Adjust chunk size limit for this warning via build.chunkSizeWarningLimit.
@pulse/web:build: dist/assets/nutrition-C907WTfg.js                     153.12 kB │ gzip:  41.27 kB
@pulse/web:build: dist/assets/vendor-recharts-vi3UUqYC.js               397.49 kB │ gzip: 115.25 kB
@pulse/web:build: dist/assets/index-BZJ76bi3.js                         518.76 kB │ gzip: 154.26 kB
@pulse/web:build: ✓ built in 2.90s
@pulse/api:test: cache hit, replaying logs f7fc21e06a775f93
@pulse/api:test: 
@pulse/api:test: > @pulse/api@0.0.0 test /Users/meridian/Projects/pulse-food-reuse/apps/api
@pulse/api:test: > vitest run
@pulse/api:test: 
@pulse/api:test: 
@pulse/api:test:  RUN  v4.0.18 /Users/meridian/Projects/pulse-food-reuse/apps/api
@pulse/api:test: 
@pulse/api:test: stdout | src/scripts/migrate-static.test.ts > migrate-static script > derives food usage from imported links and preserves exact usage on reimport
@pulse/api:test: Skipping duplicate food "Large Eggs" for user user-1.
@pulse/api:test: Foods migration summary: inserted 2, skipped 1, lastUsedAt updated 0.
@pulse/api:test: 
@pulse/api:test: stdout | src/scripts/migrate-static.test.ts > migrate-static script > derives food usage from imported links and preserves exact usage on reimport
@pulse/api:test: stderr | src/scripts/migrate-static.test.ts > migrate-static script > derives food usage from imported links and preserves exact usage on reimport
@pulse/api:test: Missing food reference for "Mystery Food" on 2026-03-05; item imported without linked foodId.
@pulse/api:test: Missing habit reference for "Unknown Habit" on 2026-03-05; entry skipped for this day.
@pulse/api:test: Processed 2026-03-05: 2 meals, 2 habit entries, weight: 181.9
@pulse/api:test: Processed 2026-03-06: 1 meals, 1 habit entries, weight: 180.8
@pulse/api:test: Processed 2026-03-07: 0 meals, 0 habit entries, weight: 181.1
@pulse/api:test: Migration summary: processed 3 day(s), failed 0, meals 3, habit entries 3, weight entries 3.
@pulse/api:test: 
@pulse/api:test: 
@pulse/api:test: stderr | src/scripts/migrate-static.test.ts > migrate-static script > derives food usage from imported links and preserves exact usage on reimport
@pulse/api:test: stdout | src/scripts/migrate-static.test.ts > migrate-static script > derives food usage from imported links and preserves exact usage on reimport
@pulse/api:test: Processed 2026-03-05: 2 meals, 2 habit entries, weight: 181.9
@pulse/api:test: Processed 2026-03-06: 1 meals, 1 habit entries, weight: 180.8
@pulse/api:test: Missing food reference for "Mystery Food" on 2026-03-05; item imported without linked foodId.
@pulse/api:test: Missing habit reference for "Unknown Habit" on 2026-03-05; entry skipped for this day.
@pulse/api:test: 
@pulse/api:test: Processed 2026-03-07: 0 meals, 0 habit entries, weight: 181.1
@pulse/api:test: Migration summary: processed 3 day(s), failed 0, meals 3, habit entries 3, weight entries 3.
@pulse/api:test: 
@pulse/api:test: stdout | src/scripts/migrate-static.test.ts > migrate-static script > derives food usage from imported links and preserves exact usage on reimport
@pulse/api:test: Skipping duplicate food "Greek Yogurt" (Fage) for user user-1.
@pulse/api:test: Skipping duplicate food "Oat Bran" for user user-1.
@pulse/api:test: Skipping duplicate food "Large Eggs" for user user-1.
@pulse/api:test: Foods migration summary: inserted 0, skipped 3, lastUsedAt updated 0.
@pulse/api:test: 
@pulse/api:test: stdout | src/scripts/migrate-static.test.ts > migrate-static script > is idempotent for foods migration when re-run
@pulse/api:test: Skipping duplicate food "Large Eggs" for user user-1.
@pulse/api:test: Foods migration summary: inserted 2, skipped 1, lastUsedAt updated 0.
@pulse/api:test: 
@pulse/api:test: stdout | src/scripts/migrate-static.test.ts > migrate-static script > is idempotent for foods migration when re-run
@pulse/api:test: Skipping duplicate food "Greek Yogurt" (Fage) for user user-1.
@pulse/api:test: Skipping duplicate food "Oat Bran" for user user-1.
@pulse/api:test: Skipping duplicate food "Large Eggs" for user user-1.
@pulse/api:test: Foods migration summary: inserted 0, skipped 3, lastUsedAt updated 0.
@pulse/api:test: 
@pulse/api:test:  ✓ src/scripts/migrate-static.test.ts (8 tests) 3642ms
@pulse/api:test:      ✓ migrates daily logs with nutrition, habits, and merged body weight history  346ms
@pulse/api:test:      ✓ derives food usage from imported links and preserves exact usage on reimport  2175ms
@pulse/api:test:  ✓ src/routes/workout-progression/store.integration.test.ts (27 tests) 5272ms
@pulse/api:test:      ✓ keeps a legacy recommendation {"action":"accept","both":false} after material canonicalization  442ms
@pulse/api:test:      ✓ isolates conflicting current evidence and blocks material actions  327ms
@pulse/api:test:      ✓ isolates conflicting historical evidence and blocks material actions  389ms
@pulse/api:test: stdout | src/routes/nutrition/food-reuse-process.integration.test.ts > independent API processes serialize owner-local food creation
@pulse/api:test: Independent worker startup phases: [
@pulse/api:test:   [
@pulse/api:test:     {
@pulse/api:test:       kind: 'phase',
@pulse/api:test:       phase: 'bootstrap',
@pulse/api:test:       elapsedMs: 0.06737499999999841,
@pulse/api:test:       sinceForkMs: 223.255084
@pulse/api:test:     },
@pulse/api:test:     {
@pulse/api:test:       kind: 'phase',
@pulse/api:test:       phase: 'database-open',
@pulse/api:test:       elapsedMs: 772.302375,
@pulse/api:test:       sinceForkMs: 995.2659590000001
@pulse/api:test:     },
@pulse/api:test:     {
@pulse/api:test:       kind: 'phase',
@pulse/api:test:       phase: 'api-imported',
@pulse/api:test:       elapsedMs: 1271.075791,
@pulse/api:test:       sinceForkMs: 1493.998292
@pulse/api:test:     },
@pulse/api:test:     {
@pulse/api:test:       kind: 'phase',
@pulse/api:test:       phase: 'api-ready',
@pulse/api:test:       elapsedMs: 1541.888458,
@pulse/api:test:       sinceForkMs: 1764.7827089999998
@pulse/api:test:     },
@pulse/api:test:     {
@pulse/api:test:       kind: 'online',
@pulse/api:test:       pid: 83121,
@pulse/api:test:       apiReady: true,
@pulse/api:test:       elapsedMs: 1541.9408329999999,
@pulse/api:test:       sinceForkMs: 1764.8121669999998
@pulse/api:test:     }
@pulse/api:test:   ],
@pulse/api:test:   [
@pulse/api:test:     {
@pulse/api:test:       kind: 'phase',
@pulse/api:test:       phase: 'bootstrap',
@pulse/api:test:       elapsedMs: 0.09591699999998582,
@pulse/api:test:       sinceForkMs: 226.66104200000007
@pulse/api:test:     },
@pulse/api:test:     {
@pulse/api:test:       kind: 'phase',
@pulse/api:test:       phase: 'database-open',
@pulse/api:test:       elapsedMs: 797.919917,
@pulse/api:test:       sinceForkMs: 1023.688792
@pulse/api:test:     },
@pulse/api:test:     {
@pulse/api:test:       kind: 'phase',
@pulse/api:test:       phase: 'api-imported',
@pulse/api:test:       elapsedMs: 1309.130667,
@pulse/api:test:       sinceForkMs: 1534.8700840000001
@pulse/api:test:     },
@pulse/api:test:     {
@pulse/api:test:       kind: 'phase',
@pulse/api:test:       phase: 'api-ready',
@pulse/api:test:       elapsedMs: 1518.010667,
@pulse/api:test:       sinceForkMs: 1743.8010840000002
@pulse/api:test:     },
@pulse/api:test:     {
@pulse/api:test:       kind: 'online',
@pulse/api:test:       pid: 83122,
@pulse/api:test:       apiReady: true,
@pulse/api:test:       elapsedMs: 1518.04875,
@pulse/api:test:       sinceForkMs: 1743.8610840000001
@pulse/api:test:     }
@pulse/api:test:   ]
@pulse/api:test: ]
@pulse/api:test: 
@pulse/api:test:  ✓ src/routes/auth/index.test.ts (6 tests) 3502ms
@pulse/api:test:      ✓ registers a new user, normalizes the username, hashes the password, and returns a 7-day JWT  1144ms
@pulse/api:test:      ✓ logs in a user and returns the auth envelope  1185ms
@pulse/api:test:      ✓ returns INVALID_CREDENTIALS for incorrect passwords  1097ms
@pulse/api:test:  ✓ src/db/nutrition-target-event-migration.test.ts (78 tests) 8419ms
@pulse/api:test:  ✓ src/routes/nutrition/food-reuse-process.integration.test.ts (7 tests) 2712ms
@pulse/api:test:  ✓ src/index.test.ts (8 tests) 931ms
@pulse/api:test:  ✓ src/routes/nutrition/store.food-usage.test.ts (12 tests) 1364ms
@pulse/api:test:  ✓ src/routes/data-quality/store.integration.test.ts (18 tests) 10395ms
@pulse/api:test:      ✓ projects nutrition and weight corrections as stale through the authoritative review store  412ms
@pulse/api:test:      ✓ reduces large revision and action histories before Data Quality materialization  5867ms
@pulse/api:test:      ✓ returns deterministic bounded truth instead of failing strict response caps on dense days  319ms
@pulse/api:test:      ✓ preserves every date cap and exact omission count across a fully dense 42-day range  511ms
@pulse/api:test:      ✓ preserves per-date context and event caps across a fully dense 42-day range  975ms
@pulse/api:test:  ✓ src/routes/adaptive-nutrition/review-store.integration.test.ts (78 tests) 10559ms
@pulse/api:test:      ✓ makes matched context edits and deletion stale, then refreshes deterministically  397ms
@pulse/api:test:      ✓ serializes simultaneous accepts in separate processes into one transition  1449ms
@pulse/api:test:  ✓ src/db/adaptive-goal-migration.test.ts (11 tests) 676ms
@pulse/api:test:  ✓ src/routes/workout-progression/muscle-store.integration.test.ts (9 tests) 3120ms
@pulse/api:test:      ✓ distinguishes planned, completed, primary, and secondary exposure with exact sources  330ms
@pulse/api:test:      ✓ keeps dense 90-day totals exact while bounding source references  1359ms
@pulse/api:test:  ✓ src/__tests__/habits-weight-targets.test.ts (6 tests) 12983ms
@pulse/api:test:      ✓ logs weight, supports range and latest reads, and scopes results per user  3560ms
@pulse/api:test:      ✓ filters weight entries by days lookback  1010ms
@pulse/api:test:      ✓ upserts weight entries by user and date without leaking across users  1846ms
@pulse/api:test:      ✓ deletes weight entries, updates latest/list reads, and enforces ownership  2334ms
@pulse/api:test:      ✓ returns the current nutrition target based on the latest effective date on or before today  2115ms
@pulse/api:test:      ✓ upserts nutrition targets by user and effective date without crossing user boundaries  2117ms
@pulse/api:test:  ✓ src/routes/nutrition/index.test.ts (15 tests) 760ms
@pulse/api:test:  ✓ src/scripts/seed-adaptive-tdee-preview.test.ts (3 tests) 12525ms
@pulse/api:test:      ✓ rebuilds every Coach state and keeps goal completion explicit  8757ms
@pulse/api:test:      ✓ matches the independent 2026-08-23 fixture contract across all repaired domains  3762ms
@pulse/api:test:  ✓ src/routes/workout-sessions/index.test.ts (119 tests) 2110ms
@pulse/api:test:  ✓ src/routes/nutrition/daily-energy-store.integration.test.ts (23 tests) 1177ms
@pulse/api:test:      ✓ uses constant-row indexed lookups across dense pre-date revision history  664ms
@pulse/api:test:  ✓ src/routes/nutrition/ranked-food-reuse.integration.test.ts (23 tests) 1259ms
@pulse/api:test:  ✓ src/routes/foods/analytics-store.integration.test.ts (11 tests) 2117ms
@pulse/api:test:      ✓ keeps bounded presets insensitive to 100,000 old linked occurrences  382ms
@pulse/api:test:      ✓ selects one indexed program revision and fails closed when the latest projection is missing  376ms
@pulse/api:test:  ✓ src/routes/adaptive-nutrition/analytics-store.integration.test.ts (17 tests) 672ms
@pulse/api:test:  ✓ src/routes/workout-sessions/store.test.ts (9 tests) 900ms
@pulse/api:test:  ✓ src/routes/weight/index.test.ts (17 tests) 671ms
@pulse/api:test:  ✓ src/routes/foods/store.test.ts (6 tests) 511ms
@pulse/api:test:      ✓ creates a food and normalizes omitted optional fields to null  498ms
@pulse/api:test:  ✓ src/routes/meals/index.test.ts (15 tests) 745ms
@pulse/api:test:  ✓ src/__tests__/workouts.test.ts (4 tests) 1020ms
@pulse/api:test:  ✓ src/routes/v1/dashboard-store.integration.test.ts (6 tests) 1145ms
@pulse/api:test:      ✓ returns no weight snapshot when the user has never logged weight  407ms
@pulse/api:test:  ✓ src/routes/scheduled-workouts/index.test.ts (44 tests) 1871ms
@pulse/api:test:  ✓ src/routes/adaptive-nutrition/index.test.ts (20 tests) 1762ms
@pulse/api:test:      ✓ documents every lifecycle route with the correct security scheme  322ms
@pulse/api:test:  ✓ src/routes/nutrition/daily-notes.integration.test.ts (26 tests) 2639ms
@pulse/api:test:    ✓ publishes unified generated OpenAPI schemas and an explicit nullable daily response  456ms
@pulse/api:test:      ✓ keeps an absent historical day out of energy, quality, analytics, and adaptive evidence after add and clear  365ms
@pulse/api:test:  ✓ src/__tests__/auth.test.ts (20 tests) 17534ms
@pulse/api:test:      ✓ registers a user, returns a JWT, and stores a hashed password  2589ms
@pulse/api:test:      ✓ rejects duplicate usernames with a 409 conflict  518ms
@pulse/api:test:      ✓ logs in with valid credentials and returns a JWT  879ms
@pulse/api:test:      ✓ returns INVALID_CREDENTIALS for the wrong password  934ms
@pulse/api:test:      ✓ accepts a valid JWT on a protected route  929ms
@pulse/api:test:      ✓ rejects expired JWTs on protected routes  1211ms
@pulse/api:test:      ✓ rejects JWTs without the required type claim  1135ms
@pulse/api:test:      ✓ rejects JWTs with the wrong type claim  1046ms
@pulse/api:test:      ✓ rejects JWTs without the required issuer claim  1116ms
@pulse/api:test:      ✓ creates and lists agent tokens without exposing stored hashes  973ms
@pulse/api:test:      ✓ authenticates unified /api/v1 routes with an agent token and updates lastUsedAt  1050ms
@pulse/api:test:      ✓ rejects expired agent tokens on unified /api/v1 routes  1018ms
@pulse/api:test:      ✓ accepts agent tokens with null expiresAt for backward compatibility  1074ms
@pulse/api:test:      ✓ extends expiring agent tokens from the new rotation time  998ms
@pulse/api:test:      ✓ rejects deleted agent tokens on subsequent use  1619ms
@pulse/api:test:  ✓ src/routes/agent/context-store.test.ts (9 tests) 712ms
@pulse/api:test:      ✓ returns user profile name when user exists  703ms
@pulse/api:test: {"level":30,"time":1788828662143,"pid":83242,"hostname":"Meridians-Mac-Mini.local","reqId":"req-1","req":{"method":"POST","url":"/api/v1/habits","host":"localhost:80","remoteAddress":"127.0.0.1"},"msg":"incoming request"}
@pulse/api:test: {"level":30,"time":1788828662143,"pid":83242,"hostname":"Meridians-Mac-Mini.local","reqId":"req-1","res":{"statusCode":401},"responseTime":0.2897920608520508,"msg":"request completed"}
@pulse/api:test: {"level":30,"time":1788828662246,"pid":83242,"hostname":"Meridians-Mac-Mini.local","reqId":"req-1","req":{"method":"GET","url":"/api/v1/habits","host":"localhost:80","remoteAddress":"127.0.0.1"},"msg":"incoming request"}
@pulse/api:test: {"level":30,"time":1788828662249,"pid":83242,"hostname":"Meridians-Mac-Mini.local","reqId":"req-1","res":{"statusCode":200},"responseTime":2.6760830879211426,"msg":"request completed"}
@pulse/api:test:  ✓ src/routes/exercises/index.test.ts (40 tests) 1384ms
@pulse/api:test:  ✓ src/routes/habits/index.test.ts (14 tests) 922ms
@pulse/api:test:  ✓ src/db/workout-progression-migration.test.ts (4 tests) 916ms
@pulse/api:test:  ✓ src/routes/trash/index.test.ts (4 tests) 1336ms
@pulse/api:test:  ✓ src/routes/nutrition/logging-context.integration.test.ts (3 tests) 1308ms
@pulse/api:test:  ✓ src/routes/adaptive-nutrition/goal-trajectory-store.integration.test.ts (16 tests) 2592ms
@pulse/api:test:      ✓ allows completion only when the latest accepted active-revision check-in reached the goal  354ms
@pulse/api:test:  ✓ src/routes/weight/trend-store.integration.test.ts (8 tests) 2805ms
@pulse/api:test:      ✓ returns one range-invariant canonical series with a visible raw spike  542ms
@pulse/api:test:      ✓ returns explicit no-data and scale-only states without trend precision  303ms
@pulse/api:test:      ✓ resolves historical loss, maintenance, and gain goals with distinct pace and position  569ms
@pulse/api:test:      ✓ uses the server-resolved IANA zone across Detroit midnight and DST  399ms
@pulse/api:test:  ✓ src/routes/auth/starter-habits.test.ts (1 test) 2344ms
@pulse/api:test:      ✓ seeds five starter habits on register and returns them from GET /api/v1/habits  1097ms
@pulse/api:test:  ✓ src/__tests__/foods-nutrition.test.ts (4 tests) 2692ms
@pulse/api:test:      ✓ covers foods CRUD, search, deletion, and recency sorting  1923ms
@pulse/api:test:  ✓ src/lib/habit-resolvers.test.ts (4 tests) 1459ms
@pulse/api:test:      ✓ returns completed for weight resolver when a body weight row exists for the date  1456ms
@pulse/api:test:  ✓ src/routes/workout-templates/index.test.ts (14 tests) 2034ms
@pulse/api:test:  ✓ src/routes/adaptive-nutrition/goal-store.integration.test.ts (4 tests) 1857ms
@pulse/api:test:      ✓ returns current, paginated history, revision detail, and linked accepted check-ins  565ms
@pulse/api:test:      ✓ keeps historical progress revision-effective and uses the canonical maintenance range  534ms
@pulse/api:test:      ✓ fails cross-user and missing current reads closed  493ms
@pulse/api:test:  ✓ src/routes/foods/index.test.ts (27 tests) 2536ms
@pulse/api:test:      ✓ returns identical server-owned analytics facts for JWT and AgentToken callers  363ms
@pulse/api:test:  ✓ src/routes/habit-entries/store.test.ts (4 tests) 1271ms
@pulse/api:test:      ✓ inserts a new habit entry when no entry exists for the habit and date  1269ms
@pulse/api:test:  ✓ src/routes/v1/dashboard.test.ts (12 tests) 1445ms
@pulse/api:test:      ✓ returns the dashboard snapshot for an explicit date  565ms
@pulse/api:test:  ✓ src/routes/adaptive-nutrition/store.integration.test.ts (35 tests) 3944ms
@pulse/api:test:      ✓ replays the immutable accepted snapshot after a later same-id adaptive replacement  351ms
@pulse/api:test:  ✓ src/db/adaptive-weekly-review-migration.test.ts (3 tests) 1034ms
@pulse/api:test:      ✓ upgrades a populated real 0048 database and enforces ownership and revision guards  486ms
@pulse/api:test:      ✓ upgrades populated 0049 review data without inventing structured resolution semantics  320ms
@pulse/api:test:  ✓ src/routes/users/index.test.ts (8 tests) 919ms
@pulse/api:test:      ✓ GET /api/v1/users/me returns the authenticated user  341ms
@pulse/api:test:  ✓ src/routes/scheduled-workouts/store.test.ts (13 tests) 780ms
@pulse/api:test:  ✓ src/routes/nutrition/status-store.test.ts (3 tests) 1045ms
@pulse/api:test:      ✓ writes every explicit status with an audit timestamp in user scope  557ms
@pulse/api:test:  ✓ src/db/index.test.ts (3 tests) 1177ms
@pulse/api:test:      ✓ enables foreign key enforcement on the sqlite connection  1138ms
@pulse/api:test:  ✓ src/scripts/backtest-adaptive-tdee.test.ts (10 tests) 908ms
@pulse/api:test:      ✓ preserves the presence and bytes of a WAL-mode source database family  700ms
@pulse/api:test:  ✓ src/db/adaptive-program-revision-causal-migration.test.ts (10 tests) 3459ms
@pulse/api:test:      ✓ upgrades a real 0046 database and repairs an already-applied 0047 ledger  473ms
@pulse/api:test:      ✓ installs the complete journal with the causal trigger on a fresh database  537ms
@pulse/api:test:      ✓ atomically rejects 0056 when 'a full snapshot contains an invalid I…'  344ms
@pulse/api:test:      ✓ rolls back an injected interruption before 0056 commits and retries cleanly  503ms
@pulse/api:test:      ✓ retries cleanly after an operator corrects a rejected source ledger  359ms
@pulse/api:test:      ✓ installs the full journal on a fresh empty database through the canonical runner  328ms
@pulse/api:test:  ✓ src/routes/nutrition/completeness-mutations.integration.test.ts (5 tests) 1199ms
@pulse/api:test:      ✓ merges more owned occurrences than the SQLite variable limit without leaking ownership  434ms
@pulse/api:test:  ✓ src/routes/habit-entries/index.test.ts (9 tests) 1020ms
@pulse/api:test:      ✓ upserts a habit entry for a habit within the authenticated user scope  388ms
@pulse/api:test:  ✓ src/routes/agent-tokens/index.test.ts (9 tests) 927ms
@pulse/api:test:      ✓ creates an agent token, stores only its SHA-256 hash, and returns the plain token once  454ms
@pulse/api:test:  ✓ src/routes/nutrition-targets/index.test.ts (5 tests) 770ms
@pulse/api:test:      ✓ upserts a nutrition target for the authenticated user  345ms
@pulse/api:test:  ✓ src/routes/workout-progression/index.test.ts (6 tests) 942ms
@pulse/api:test:      ✓ returns the same strict recommendation and muscle facts to JWT and AgentToken callers  532ms
@pulse/api:test:  ✓ src/routes/nutrition-targets/provenance.integration.test.ts (4 tests) 721ms
@pulse/api:test:  ✓ src/db/canonical-weight-migration.test.ts (16 tests) 267ms
@pulse/api:test:  ✓ src/routes/scheduled-workouts/snapshot-store.test.ts (2 tests) 698ms
@pulse/api:test:      ✓ writeSnapshot copies template exercises, sets, and stores templateVersion hash  491ms
@pulse/api:test:  ✓ src/routes/data-quality/index.test.ts (3 tests) 478ms
@pulse/api:test:      ✓ returns identical strict data for JWT and AgentToken callers  331ms
@pulse/api:test:  ✓ src/db/scheduled-session-prescriptions-migration.test.ts (1 test) 231ms
@pulse/api:test:  ✓ src/routes/v1/context.test.ts (2 tests) 376ms
@pulse/api:test:      ✓ returns context for agent-token requests and 404s legacy /api/agent/context  322ms
@pulse/api:test:  ✓ src/middleware/auth.test.ts (19 tests) 446ms
@pulse/api:test:  ✓ src/routes/nutrition/store.test.ts (6 tests) 562ms
@pulse/api:test:      ✓ returns a daily summary using aggregated actuals and effective target macros  550ms
@pulse/api:test:  ✓ src/routes/weight/store.test.ts (10 tests) 431ms
@pulse/api:test:      ✓ upserts by user and date and returns the persisted entry  426ms
@pulse/api:test:  ✓ src/db/adaptive-nutrition-migration.test.ts (3 tests) 374ms
@pulse/api:test:      ✓ applies the complete migration chain to a fresh database  317ms
@pulse/api:test:  ✓ src/db/backfill/scheduled-workout-snapshots.test.ts (1 test) 354ms
@pulse/api:test:      ✓ backfills snapshots for live templates and skips soft-deleted templates with warnings  353ms
@pulse/api:test:  ✓ src/db/rir-migration.test.ts (1 test) 377ms
@pulse/api:test:      ✓ preserves populated 0058 session sets and every relational guard  377ms
@pulse/api:test:  ✓ src/db/migrations.test.ts (19 tests) 100ms
@pulse/api:test:  ✓ src/db/adaptive-program-revision-migration.test.ts (1 test) 27ms
@pulse/api:test: stdout | src/scripts/repair-workout-exercise-links.test.ts > repair-workout-exercise-links > restores original parent IDs transactionally without rewriting child links
@pulse/api:test: {
@pulse/api:test:   alreadyAppliedCount: 0,
@pulse/api:test:   dryRun: false,
@pulse/api:test:   foreignKeyViolationCountBefore: 2,
@pulse/api:test:   mapSha256: '4225ccbe5c1e2df09de67991dcd8d4a42826fb5dd199d51de7908071820e0f92',
@pulse/api:test:   missingExerciseCount: 2,
@pulse/api:test:   orphanLinkCount: 2,
@pulse/api:test:   proposedRepairCount: 2,
@pulse/api:test:   remainingForeignKeyViolationCount: 0,
@pulse/api:test:   sessionSetOrphanCount: 1,
@pulse/api:test:   templateExerciseOrphanCount: 1,
@pulse/api:test:   unresolvedExerciseCount: 0
@pulse/api:test: } Workout exercise link repair preflight complete
@pulse/api:test: 
@pulse/api:test: stdout | src/scripts/repair-workout-exercise-links.test.ts > repair-workout-exercise-links > is replayable and makes no changes after the map has already been applied
@pulse/api:test: {
@pulse/api:test:   alreadyAppliedCount: 0,
@pulse/api:test:   dryRun: false,
@pulse/api:test:   foreignKeyViolationCountBefore: 1,
@pulse/api:test:   mapSha256: 'a2c728a915f6c0ad2db9373de9439e7b0f824d01471cb380e065562a53720c01',
@pulse/api:test:   missingExerciseCount: 1,
@pulse/api:test:   orphanLinkCount: 1,
@pulse/api:test:   proposedRepairCount: 1,
@pulse/api:test:   remainingForeignKeyViolationCount: 0,
@pulse/api:test:   sessionSetOrphanCount: 1,
@pulse/api:test:   templateExerciseOrphanCount: 0,
@pulse/api:test:   unresolvedExerciseCount: 0
@pulse/api:test: } Workout exercise link repair preflight complete
@pulse/api:test: {
@pulse/api:test:   alreadyAppliedCount: 1,
@pulse/api:test:   dryRun: false,
@pulse/api:test:   foreignKeyViolationCountBefore: 0,
@pulse/api:test:   mapSha256: 'a2c728a915f6c0ad2db9373de9439e7b0f824d01471cb380e065562a53720c01',
@pulse/api:test:   missingExerciseCount: 0,
@pulse/api:test:   orphanLinkCount: 0,
@pulse/api:test:   proposedRepairCount: 0,
@pulse/api:test:   remainingForeignKeyViolationCount: 0,
@pulse/api:test:   sessionSetOrphanCount: 0,
@pulse/api:test:   templateExerciseOrphanCount: 0,
@pulse/api:test:   unresolvedExerciseCount: 0
@pulse/api:test: } Workout exercise link repair preflight complete
@pulse/api:test: 
@pulse/api:test: stdout | src/scripts/repair-workout-exercise-links.test.ts > repair-workout-exercise-links > relinks an exact canonical match while preserving the template row
@pulse/api:test: {
@pulse/api:test:   alreadyAppliedCount: 0,
@pulse/api:test:   dryRun: false,
@pulse/api:test:   foreignKeyViolationCountBefore: 1,
@pulse/api:test:   mapSha256: 'ffcfe1cb7e1acf87f0122d2cd063cd1cf035d8759838991951bc94f4a49483ba',
@pulse/api:test:   missingExerciseCount: 1,
@pulse/api:test:   orphanLinkCount: 1,
@pulse/api:test:   proposedRepairCount: 1,
@pulse/api:test:   remainingForeignKeyViolationCount: 0,
@pulse/api:test:   sessionSetOrphanCount: 0,
@pulse/api:test:   templateExerciseOrphanCount: 1,
@pulse/api:test:   unresolvedExerciseCount: 0
@pulse/api:test: } Workout exercise link repair preflight complete
@pulse/api:test: {
@pulse/api:test:   alreadyAppliedCount: 1,
@pulse/api:test:   dryRun: false,
@pulse/api:test:   foreignKeyViolationCountBefore: 0,
@pulse/api:test:   mapSha256: 'ffcfe1cb7e1acf87f0122d2cd063cd1cf035d8759838991951bc94f4a49483ba',
@pulse/api:test:   missingExerciseCount: 0,
@pulse/api:test:   orphanLinkCount: 0,
@pulse/api:test:   proposedRepairCount: 0,
@pulse/api:test:   remainingForeignKeyViolationCount: 0,
@pulse/api:test:   sessionSetOrphanCount: 0,
@pulse/api:test:   templateExerciseOrphanCount: 0,
@pulse/api:test:   unresolvedExerciseCount: 0
@pulse/api:test: } Workout exercise link repair preflight complete
@pulse/api:test: 
@pulse/api:test: stdout | src/scripts/repair-workout-exercise-links.test.ts > repair-workout-exercise-links > refuses ambiguous ownership, incomplete maps, and unrelated violations
@pulse/api:test: {
@pulse/api:test:   alreadyAppliedCount: 0,
@pulse/api:test:   dryRun: true,
@pulse/api:test:   foreignKeyViolationCountBefore: 2,
@pulse/api:test:   mapSha256: '33363e5be74a423945de2208b335fe01d3bf19d2aecc820f91829b839b3ea2b1',
@pulse/api:test:   missingExerciseCount: 1,
@pulse/api:test:   orphanLinkCount: 2,
@pulse/api:test:   proposedRepairCount: 0,
@pulse/api:test:   remainingForeignKeyViolationCount: 2,
@pulse/api:test:   sessionSetOrphanCount: 1,
@pulse/api:test:   templateExerciseOrphanCount: 1,
@pulse/api:test:   unresolvedExerciseCount: 1
@pulse/api:test: } Workout exercise link repair preflight complete
@pulse/api:test: 
@pulse/api:test:  ✓ src/scripts/repair-workout-exercise-links.test.ts (7 tests) 61ms
@pulse/api:test:  ✓ src/middleware/agent-transforms.test.ts (9 tests) 174ms
@pulse/api:test:  ✓ src/routes/nutrition/store.display-fields.test.ts (3 tests) 355ms
@pulse/api:test:      ✓ persists displayQuantity/displayUnit when provided  354ms
@pulse/api:test:  ✓ src/routes/foods/reuse-policy.test.ts (23 tests) 98ms
@pulse/api:test:  ✓ src/lib/user-time-zone.test.ts (4 tests) 101ms
@pulse/api:test:  ✓ src/db/integrity.test.ts (5 tests) 9ms
@pulse/api:test:  ✓ src/routes/workout-sessions/time-segments.test.ts (10 tests) 5ms
@pulse/api:test:  ✓ src/db/adaptive-program-revision-projection.test.ts (2 tests) 12ms
@pulse/api:test:  ✓ src/routes/workout-sessions/session-set-utils.test.ts (5 tests) 6ms
@pulse/api:test:  ✓ src/scripts/rehearse-adaptive-goal-migration.test.ts (1 test) 2ms
@pulse/api:test:  ✓ src/routes/v1/dashboard-store.test.ts (16 tests) 342ms
@pulse/api:test:  ✓ src/__tests__/placeholder.test.ts (1 test) 3ms
@pulse/api:test:  ✓ src/db/schema.test.ts (47 tests) 13ms
@pulse/api:test:  ✓ src/routes/nutrition-targets/store.test.ts (4 tests) 11ms
@pulse/api:test:  ✓ src/middleware/agent-enrichment.test.ts (9 tests) 9ms
@pulse/api:test:  ✓ src/scripts/run-migration.test.ts (6 tests) 8ms
@pulse/api:test:  ✓ src/__tests__/food-usage-reconciliation.test.ts (22 tests) 47374ms
@pulse/api:test:      ✓ defaults to a byte-identical dry run, isolates hostile links and deleted foods, then applies idempotently  7939ms
@pulse/api:test:      ✓ rejects malformed or broadened scope {"mode":"invalid"} without writes  2158ms
@pulse/api:test:      ✓ rejects malformed or broadened scope {"mode":null} without writes  1961ms
@pulse/api:test:      ✓ rejects malformed or broadened scope {"limit":0} without writes  1813ms
@pulse/api:test:      ✓ rejects malformed or broadened scope {"limit":501} without writes  2764ms
@pulse/api:test:      ✓ rejects malformed or broadened scope {"limit":1.5} without writes  3282ms
@pulse/api:test:      ✓ rejects malformed or broadened scope {"limit":"1"} without writes  3881ms
@pulse/api:test:      ✓ rejects malformed or broadened scope {"cursor":"anything"} without writes  3977ms
@pulse/api:test:      ✓ rejects malformed or broadened scope {"userId":"user-2"} without writes  3546ms
@pulse/api:test:      ✓ rejects malformed or broadened scope {"allUsers":true} without writes  1639ms
@pulse/api:test:      ✓ rejects malformed or broadened scope {"foodId":"foreign"} without writes  1857ms
@pulse/api:test:      ✓ fails closed on excessive scope, missing users and invalid JWT claims  2074ms
@pulse/api:test:      ✓ rolls back earlier target writes when a later update fails  1878ms
@pulse/api:test:      ✓ rejects query selectors and explicit null bodies without writes  1551ms
@pulse/api:test:      ✓ previews and repairs malformed stored count -1 without a post-commit serialization error  1726ms
@pulse/api:test:      ✓ previews and repairs malformed stored count 1.5 without a post-commit serialization error  1964ms
@pulse/api:test:      ✓ rolls back all apply writes if a malformed source timestamp cannot produce a valid response  1885ms
@pulse/api:test: 
@pulse/api:test:  Test Files  89 passed (89)
@pulse/api:test:       Tests  1195 passed (1195)
@pulse/api:test:    Start at  20:50:43
@pulse/api:test:    Duration  48.10s (transform 5.97s, setup 0ms, import 76.23s, tests 212.75s, environment 11ms)
@pulse/api:test: 
@pulse/web:test: cache hit, replaying logs 340a36ba63c7d7ce
@pulse/web:test: 
@pulse/web:test: > @pulse/web@0.0.0 test /Users/meridian/Projects/pulse-food-reuse/apps/web
@pulse/web:test: > vitest run
@pulse/web:test: 
@pulse/web:test: 
@pulse/web:test:  RUN  v4.0.18 /Users/meridian/Projects/pulse-food-reuse/apps/web
@pulse/web:test: 
@pulse/web:test:  ✓ src/pages/settings.test.tsx (11 tests) 6935ms
@pulse/web:test:      ✓ renders defaults and loads dashboard config from API  1099ms
@pulse/web:test:      ✓ reflects persisted widget visibility choices from dashboard config  578ms
@pulse/web:test:      ✓ saves nutrition targets and dashboard config via API  1043ms
@pulse/web:test:      ✓ shows a partial failure message when dashboard config save fails  887ms
@pulse/web:test:      ✓ shows a partial failure message when nutrition target save fails  881ms
@pulse/web:test:      ✓ shows the user profile with real data from the API  372ms
@pulse/web:test:      ✓ saves profile changes via PATCH /api/v1/users/me  518ms
@pulse/web:test:      ✓ saves weight unit changes via PATCH /api/v1/users/me  645ms
@pulse/web:test:      ✓ shows an error message when profile save fails  632ms
@pulse/web:test:  ✓ src/features/workouts/components/exercise-library.test.tsx (16 tests) 10658ms
@pulse/web:test:      ✓ filters exercises by case-insensitive name search and syncs q to the URL  789ms
@pulse/web:test:      ✓ filters exercises by muscle group, equipment, and category together  921ms
@pulse/web:test:      ✓ shows paginated results and updates the page query param  613ms
@pulse/web:test:      ✓ persists per-page in the URL and resets to page 1 when changed  570ms
@pulse/web:test:      ✓ persists sort selection in URL search params and sends it to the API  815ms
@pulse/web:test:      ✓ toggles between card and table layouts  900ms
@pulse/web:test:      ✓ toggles exercise table columns with the shared column picker  429ms
@pulse/web:test:      ✓ does not write the initial view preference to localStorage on mount  308ms
@pulse/web:test:      ✓ persists the selected view in localStorage  742ms
@pulse/web:test:      ✓ renders exercise tags as muted chips in the library cards  355ms
@pulse/web:test:      ✓ loads trend data from the exercise history API  666ms
@pulse/web:test:      ✓ renames an exercise from the card actions menu  1055ms
@pulse/web:test:      ✓ shows an empty state and still supports the unified exercise detail modal  1079ms
@pulse/web:test:      ✓ falls back to the no-results state when the exercises request fails  1027ms
@pulse/web:test:  ✓ src/pages/nutrition.test.tsx (33 tests) 11554ms
@pulse/web:test:      ✓ renders log, Coach, foods, and trends tabs and syncs the active view to search params  1170ms
@pulse/web:test:      ✓ loads tab content from a foods view search param  320ms
@pulse/web:test:      ✓ loads tab content from a trends view search param  426ms
@pulse/web:test:      ✓ advances the trends reference date while Nutrition stays open across program midnight  358ms
@pulse/web:test:      ✓ preserves an intentionally selected historical date across midnight  464ms
@pulse/web:test:      ✓ never flashes a delayed prior-date energy response under a newer selected date  330ms
@pulse/web:test:      ✓ adds a day note before meals, keeps it after reload, and discovers and clears it in historical navigation  737ms
@pulse/web:test:      ✓ renders week strip above meals section and updates selected date when a strip day is tapped  428ms
@pulse/web:test:      ✓ replays a direct meal deep link through back and forward navigation and focuses once ready  591ms
@pulse/web:test:      ✓ shows date-aware empty-state copy and today shortcuts on non-today dates  530ms
@pulse/web:test:      ✓ renders selected-day meals sorted by time descending by default  332ms
@pulse/web:test:      ✓ shows an accessible meal sort toggle and reverses order when toggled  323ms
@pulse/web:test:      ✓ persists meal sort preference while navigating dates in the same session  559ms
@pulse/web:test:      ✓ shows grouped food rows and deletes a meal via the API mutation  797ms
@pulse/web:test:      ✓ renames a meal inline and keeps the updated name after reloading the page  614ms
@pulse/web:test:      ✓ marks a past day complete and shows the automatic partial downgrade after a meal edit  696ms
@pulse/web:test:      ✓ does not call rename mutation when editing is cancelled or name is empty  365ms
@pulse/web:test:  ✓ src/pages/dashboard.test.tsx (23 tests) 12229ms
@pulse/web:test:      ✓ renders the dashboard title, greeting, and responsive column layout with API snapshot data  911ms
@pulse/web:test:      ✓ opens contextual dashboard help from the page header  428ms
@pulse/web:test:      ✓ renders stat-card skeletons while the dashboard snapshot request is pending  490ms
@pulse/web:test:      ✓ updates snapshot when a new calendar day is selected via the date popover  1478ms
@pulse/web:test:      ✓ edits a logged weight entry and refreshes the body weight card  622ms
@pulse/web:test:      ✓ shows a log weight CTA for days without an entry and opens the inline form  884ms
@pulse/web:test:      ✓ renders habit daily cards from dashboard config and coexists with habit chains  302ms
@pulse/web:test:      ✓ enters inline dashboard edit mode when edit is clicked  570ms
@pulse/web:test:      ✓ moves widgets to hidden in edit mode and saves via PUT  1123ms
@pulse/web:test:      ✓ shows habit daily cards when the grouped widget is moved to active  727ms
@pulse/web:test:      ✓ updates visibleWidgets order when drag reorder completes in edit mode  672ms
@pulse/web:test:      ✓ keeps cross-container drop insertion position when dropping onto target widget  847ms
@pulse/web:test:      ✓ cancels inline edit changes without saving  753ms
@pulse/web:test:      ✓ keeps inline edit mode open on save failure  882ms
@pulse/web:test:      ✓ does not fabricate snapshot facts after an initial failure and recovers on retry  438ms
@pulse/web:test:  ✓ src/pages/weight-history.test.tsx (10 tests) 4188ms
@pulse/web:test:      ✓ renders maintenance semantics and off-measurement annotations from server facts  1300ms
@pulse/web:test:      ✓ shows the chart, lists entries in reverse chronological order, and deletes with confirmation  648ms
@pulse/web:test:      ✓ adds a new weight entry from the quick-add form  634ms
@pulse/web:test:      ✓ defaults a new entry to the local calendar date near a UTC day boundary  386ms
@pulse/web:test:      ✓ supports editing a weight value and note inline  334ms
@pulse/web:test:      ✓ keeps response units while using the active kg preference for new entries  326ms
@pulse/web:test:  ✓ src/features/adaptive-nutrition/components/adaptive-setup-form.test.tsx (11 tests) 1862ms
@pulse/web:test:      ✓ submits manual setup exactly once with an entered pound weight and maintenance rate  410ms
@pulse/web:test:  ✓ src/App.test.tsx (25 tests) 7443ms
@pulse/web:test:      ✓ renders 'Welcome back' page for '/login' when signed out  533ms
@pulse/web:test:      ✓ renders 'Create account' page for '/register' when signed out  331ms
@pulse/web:test:      ✓ renders 'Dashboard' page for '/' when signed in  441ms
@pulse/web:test:      ✓ renders 'Design System' page for '/design-system' when signed in  412ms
@pulse/web:test:      ✓ renders 'Workouts' page for '/workouts' when signed in  364ms
@pulse/web:test:      ✓ renders 'No active workout' page for '/workouts/active' when signed in  341ms
@pulse/web:test:      ✓ renders 'Upper Push' page for '/workouts/session/session-upper-push-…' when signed in  356ms
@pulse/web:test:      ✓ renders 'Upper Push' page for '/workouts/template/upper-push' when signed in  366ms
@pulse/web:test:      ✓ renders 'Nutrition' page for '/nutrition' when signed in  347ms
@pulse/web:test:      ✓ renders 'Energy Balance & Expenditure' page for '/nutrition/energy-balance' when signed in  382ms
@pulse/web:test:      ✓ renders 'Habits' page for '/habits' when signed in  326ms
@pulse/web:test:      ✓ renders 'Activity' page for '/activity' when signed in  337ms
@pulse/web:test:      ✓ renders 'Journal' page for '/journal' when signed in  334ms
@pulse/web:test:      ✓ renders 'Trend Weight' page for '/weight' when signed in  339ms
@pulse/web:test:      ✓ renders 'Profile' page for '/profile' when signed in  325ms
@pulse/web:test:      ✓ renders 'Equipment' page for '/profile/equipment' when signed in  336ms
@pulse/web:test:      ✓ renders 'Health Tracking' page for '/profile/injuries' when signed in  330ms
@pulse/web:test:      ✓ renders 'Resources' page for '/profile/resources' when signed in  322ms
@pulse/web:test:      ✓ renders 'McGill Big 3' page for '/profile/resources/mcgill-big-3' when signed in  331ms
@pulse/web:test:      ✓ renders 'Settings' page for '/settings' when signed in  352ms
@pulse/web:test:  ✓ src/features/foods/components/food-list.test.tsx (14 tests) 16086ms
@pulse/web:test:      ✓ shows loading placeholders, then renders the first server page with pagination  962ms
@pulse/web:test:      ✓ does not normalize the URL with a default sort param on initial load  555ms
@pulse/web:test:      ✓ debounces search and sends the query to the foods API  1238ms
@pulse/web:test:      ✓ paginates while preserving sort query params  2223ms
@pulse/web:test:      ✓ persists per-page in URL params and resets to page 1 when changed  1487ms
@pulse/web:test:      ✓ keeps the inline editor open if a pending save blurs before the API fails  2448ms
@pulse/web:test:      ✓ filters foods by tag chips and supports tag add/remove edits  2415ms
@pulse/web:test:      ✓ removes foods optimistically and keeps the total count in sync  2118ms
@pulse/web:test:      ✓ renders card and table views and persists the selected view  915ms
@pulse/web:test:      ✓ shows and hides table columns through the shared column picker integration  437ms
@pulse/web:test:      ✓ preserves filter and sort state when switching between card and table views  675ms
@pulse/web:test:  ✓ src/features/workouts/components/template-detail.test.tsx (23 tests) 9970ms
@pulse/web:test:      ✓ renders the selected template with real API data and exercise metadata  577ms
@pulse/web:test:      ✓ edits template exercise prescription fields from the exercise menu  547ms
@pulse/web:test:      ✓ renders add exercise button for each section and adds to selected section  470ms
@pulse/web:test:      ✓ creates a workout session before navigating to the active workout page  311ms
@pulse/web:test:      ✓ schedules a workout from the template detail view  353ms
@pulse/web:test:      ✓ shows duplicate warning before starting when the day already has workouts  467ms
@pulse/web:test:      ✓ does not start after date authority locks while duplicate confirmation is open  372ms
@pulse/web:test:      ✓ does not schedule after date authority locks while duplicate confirmation is open  392ms
@pulse/web:test:      ✓ opens swap dialog from template exercise menu and swaps to a related exercise  338ms
@pulse/web:test:      ✓ moves template exercises down from the exercise menu and calls reorder endpoint  319ms
@pulse/web:test:      ✓ creates and removes supersets from selected exercises  809ms
@pulse/web:test:      ✓ renders a fallback state when the template request returns 404  1016ms
@pulse/web:test:      ✓ treats legacy slug template IDs as not found when the request fails  1008ms
@pulse/web:test:      ✓ keeps generic error messaging for UUID template IDs on non-404 failures  1012ms
@pulse/web:test:  ✓ src/features/adaptive-nutrition/components/adaptive-coach.test.tsx (33 tests) 1855ms
@pulse/web:test:  ✓ src/features/workouts/components/session-exercise-list.test.tsx (34 tests) 16126ms
@pulse/web:test:      ✓ renders prescribed set targets from session set data  722ms
@pulse/web:test:      ✓ shows editable set rows and renders an inline rest timer after the completed set  2037ms
@pulse/web:test:      ✓ applies distinct section badge styles for complete, partial, and zero-complete sections  1302ms
@pulse/web:test:      ✓ debounces exercise notes updates until typing pauses  413ms
@pulse/web:test:      ✓ renders programming notes separately from editable session notes  764ms
@pulse/web:test:      ✓ renders agent notes inline beneath programming notes on active workout cards  419ms
@pulse/web:test:      ✓ does not render a programming notes block when programmingNotes is null  579ms
@pulse/web:test:      ✓ flushes pending exercise notes update on blur  524ms
@pulse/web:test:      ✓ opens exercise menu actions and disables remove when only one set remains  466ms
@pulse/web:test:      ✓ triggers remove exercise from the exercise actions menu  511ms
@pulse/web:test:      ✓ opens rename dialog from the exercise actions menu  638ms
@pulse/web:test:      ✓ toggles exercise expansion when clicking the exercise title text  698ms
@pulse/web:test:      ✓ opens swap dialog from the exercise actions menu and calls session swap endpoint  591ms
@pulse/web:test:      ✓ opens exercise details from the kebab menu without toggling the exercise card  890ms
@pulse/web:test:      ✓ shows move up/down actions and calls onReorderExercises for active workout lists  394ms
@pulse/web:test:      ✓ still renders template form cues and omits injury warnings when enhanced injury data is unavailable  448ms
@pulse/web:test:      ✓ renders superset rest timers between exercises in the superset group  343ms
@pulse/web:test:      ✓ collapses superset exercises independently  849ms
@pulse/web:test:      ✓ supports grouping and ungrouping supersets from workout sections  442ms
@pulse/web:test:      ✓ keeps section open state manual when workout progress moves into the next section  423ms
@pulse/web:test:      ✓ persists section and exercise collapse state across remounts for the same session id  530ms
@pulse/web:test:      ✓ scopes persisted section state by session id  385ms
@pulse/web:test:      ✓ collapses sections, toggles exercise details, and focuses the requested next set input  527ms
@pulse/web:test:  ✓ src/pages/equipment.test.tsx (6 tests) 1835ms
@pulse/web:test:      ✓ adds a new location from the dialog into local state  474ms
@pulse/web:test:      ✓ adds an item to the selected category within a location card  512ms
@pulse/web:test:      ✓ supports inline editing for an equipment item name and details  309ms
@pulse/web:test:  ✓ src/features/workouts/components/session-detail.test.tsx (22 tests) 2424ms
@pulse/web:test:      ✓ renders a not-found state for unknown sessions  1067ms
@pulse/web:test:  ✓ src/features/workouts/components/scheduled-workout-detail.test.tsx (14 tests) 1989ms
@pulse/web:test:      ✓ edits set targets through the set editor modal and saves to exercise-sets  316ms
@pulse/web:test:  ✓ src/features/adaptive-nutrition/components/goal-trajectory-workspace.test.tsx (15 tests) 1835ms
@pulse/web:test:      ✓ renders server-owned loss pace, ETA, consent, revisions, and honest weekly evidence  359ms
@pulse/web:test:  ✓ src/features/adaptive-nutrition/components/energy-balance-workspace.test.tsx (15 tests) 1807ms
@pulse/web:test:      ✓ renders transparent matched-day signs, provenance, and cutoff semantics  301ms
@pulse/web:test:      ✓ uses pressed range and comparison controls with real button semantics  349ms
@pulse/web:test:  ✓ src/features/data-quality/components/data-quality-calendar-workspace.test.tsx (6 tests) 1411ms
@pulse/web:test:      ✓ renders the authoritative bootstrap month without a browser-local range request  392ms
@pulse/web:test:      ✓ renders honest cross-domain facts, provenance, and exact algorithm treatment  350ms
@pulse/web:test:  ✓ src/pages/activity.test.tsx (6 tests) 1658ms
@pulse/web:test:      ✓ renders the activity list sorted newest first with formatted metadata  370ms
@pulse/web:test:      ✓ prepends a submitted activity to the list and shows a success message  377ms
@pulse/web:test:  ✓ src/features/adaptive-nutrition/components/weekly-decision-review.test.tsx (16 tests) 1000ms
@pulse/web:test:  ✓ src/pages/workouts.test.tsx (13 tests) 1748ms
@pulse/web:test:      ✓ switches between the workouts views  453ms
@pulse/web:test:      ✓ shows onboarding for users with no completed workouts and persists dismissal  335ms
@pulse/web:test:  ✓ src/features/dashboard/components/habit-chain.test.tsx (18 tests) 924ms
@pulse/web:test:      ✓ renders all habits with 30 day squares each when API data is provided  341ms
@pulse/web:test:  ✓ src/features/habits/components/habit-form-dialog.test.tsx (8 tests) 863ms
@pulse/web:test:  ✓ src/pages/workout-session-detail.test.tsx (7 tests) 1499ms
@pulse/web:test:      ✓ renders not-found state for unknown sessionId  1142ms
@pulse/web:test:  ✓ src/features/workouts/components/workout-calendar.test.tsx (8 tests) 916ms
@pulse/web:test:      ✓ disables rescheduling while date authority is stale  303ms
@pulse/web:test:  ✓ src/features/workouts/components/scheduled-start-surfaces.test.tsx (14 tests) 1264ms
@pulse/web:test:  ✓ src/features/weight/api/weight.test.tsx (17 tests) 785ms
@pulse/web:test:  ✓ src/features/nutrition/components/daily-nutrition-note.test.tsx (7 tests) 575ms
@pulse/web:test:  ✓ src/features/workouts/components/session-summary.test.tsx (4 tests) 556ms
@pulse/web:test:      ✓ renders condensed shared-card exercise results and preserves summary actions  463ms
@pulse/web:test:  ✓ src/pages/habits.test.tsx (6 tests) 726ms
@pulse/web:test:      ✓ lets users pick a past day and loads that day entries  329ms
@pulse/web:test:  ✓ src/features/dashboard/components/weight-trend-chart.test.tsx (5 tests) 623ms
@pulse/web:test:  ✓ src/features/workouts/components/template-browser.test.tsx (11 tests) 1140ms
@pulse/web:test:  ✓ src/features/habits/components/daily-habits.test.tsx (8 tests) 521ms
@pulse/web:test:  ✓ src/pages/active-workout.test.tsx (39 tests) 15808ms
@pulse/web:test:      ✓ renders the active workout UI and does not auto-focus any set after rest timer completion  4595ms
@pulse/web:test:      ✓ keeps focus unchanged when a superset rest timer expires  461ms
@pulse/web:test:      ✓ moves from session logging to feedback, summary, and back to workouts  2799ms
@pulse/web:test:      ✓ controls per-section timers and switches sections via section-timer endpoint  356ms
@pulse/web:test:      ✓ resumes a paused session in the section selected by the start button  352ms
@pulse/web:test:      ✓ supports manually finishing an active workout with confirmation and set summary ratio  890ms
@pulse/web:test:      ✓ keeps the session active after the last set until completion is explicitly confirmed  3281ms
@pulse/web:test:      ✓ shows standard feedback controls and requires pain details when pain is yes  429ms
@pulse/web:test:      ✓ creates a completed session without a pre-stored token by using dev auto-session auth  392ms
@pulse/web:test:  ✓ src/features/workouts/components/session-feedback.test.tsx (7 tests) 529ms
@pulse/web:test:  ✓ src/features/workouts/components/workout-list.test.tsx (13 tests) 632ms
@pulse/web:test:  ✓ src/features/workouts/components/workout-progression-review.test.tsx (14 tests) 431ms
@pulse/web:test:  ✓ src/features/nutrition/components/nutrition-trends.test.tsx (5 tests) 643ms
@pulse/web:test:      ✓ renders synchronized averages, gaps, and exact keyboard-operable rows  507ms
@pulse/web:test:  ✓ src/features/foods/components/food-analytics-workspace.test.tsx (5 tests) 618ms
@pulse/web:test:  ✓ src/features/habits/components/habit-history.test.tsx (4 tests) 681ms
@pulse/web:test:      ✓ loads a 90-day range from API hooks and renders history grids  377ms
@pulse/web:test:  ✓ src/features/workouts/components/exercise-trend-chart.test.tsx (17 tests) 541ms
@pulse/web:test:  ✓ src/pages/active-workout.remove-set.test.tsx (2 tests) 727ms
@pulse/web:test:      ✓ calls delete with session/set ids, removes optimistically, and stays removed after refetch  510ms
@pulse/web:test:  ✓ src/features/workouts/components/exercise-detail-modal.test.tsx (12 tests) 468ms
@pulse/web:test:  ✓ src/features/workouts/components/rir-picker.test.tsx (14 tests) 565ms
@pulse/web:test:  ✓ src/pages/journal.test.tsx (4 tests) 413ms
@pulse/web:test:  ✓ src/features/habits/components/habit-card-menu.test.tsx (12 tests) 541ms
@pulse/web:test:  ✓ src/features/nutrition/api/nutrition.test.tsx (10 tests) 474ms
@pulse/web:test:  ✓ src/__tests__/components/daily-habits.test.tsx (8 tests) 501ms
@pulse/web:test:  ✓ src/pages/design-system.test.tsx (3 tests) 433ms
@pulse/web:test:  ✓ src/components/ui/confirmation-dialog.test.tsx (9 tests) 326ms
@pulse/web:test:  ✓ src/features/nutrition/api/daily-note.test.tsx (4 tests) 435ms
@pulse/web:test:  ✓ src/features/habits/components/habit-day-modal.test.tsx (6 tests) 308ms
@pulse/web:test:  ✓ src/features/habits/api/habits.test.tsx (10 tests) 337ms
@pulse/web:test:  ✓ src/features/workouts/components/muscle-analytics.test.tsx (2 tests) 285ms
@pulse/web:test:  ✓ src/features/injuries/components/severity-chart.test.tsx (6 tests) 367ms
@pulse/web:test:  ✓ src/features/dashboard/components/trend-sparkline.test.tsx (16 tests) 421ms
@pulse/web:test:  ✓ src/components/layout/bottom-nav.test.tsx (3 tests) 267ms
@pulse/web:test:  ✓ src/features/nutrition/components/daily-energy-adherence-card.test.tsx (17 tests) 306ms
@pulse/web:test:  ✓ src/features/settings/components/trash-manager.test.tsx (3 tests) 275ms
@pulse/web:test:  ✓ src/features/workouts/components/set-row.test.tsx (26 tests) 347ms
@pulse/web:test:  ✓ src/components/layout/sidebar.test.tsx (6 tests) 346ms
@pulse/web:test:  ✓ src/features/nutrition/components/meal-card.test.tsx (14 tests) 265ms
@pulse/web:test:  ✓ src/features/workouts/components/effort-display.test.tsx (5 tests) 207ms
@pulse/web:test:  ✓ src/hooks/use-last-performance.test.tsx (6 tests) 305ms
@pulse/web:test:  ✓ src/features/adaptive-nutrition/components/nutrition-day-status-control.test.tsx (4 tests) 195ms
@pulse/web:test:  ✓ src/features/nutrition/components/nutrition-macro-rings.test.tsx (12 tests) 223ms
@pulse/web:test:  ✓ src/pages/profile.test.tsx (4 tests) 219ms
@pulse/web:test:  ✓ src/features/adaptive-nutrition/api/adaptive-nutrition.test.tsx (8 tests) 285ms
@pulse/web:test:  ✓ src/hooks/use-exercise-history.test.tsx (5 tests) 268ms
@pulse/web:test:  ✓ src/features/workouts/api/workouts.optimistic.test.tsx (4 tests) 255ms
@pulse/web:test:  ✓ src/hooks/use-session-sets.test.tsx (3 tests) 248ms
@pulse/web:test:  ✓ src/lib/optimistic.test.tsx (3 tests) 259ms
@pulse/web:test:  ✓ src/hooks/use-dashboard-snapshot.test.tsx (4 tests) 229ms
@pulse/web:test:  ✓ src/features/dashboard/components/snapshot-cards.test.tsx (15 tests) 214ms
@pulse/web:test:  ✓ src/features/auth/components/register-form.test.tsx (8 tests) 233ms
@pulse/web:test:  ✓ src/features/workouts/components/session-header.test.tsx (3 tests) 218ms
@pulse/web:test:  ✓ src/components/workouts/active-session-resume-gate.test.tsx (4 tests) 202ms
@pulse/web:test:  ✓ src/features/workouts/api/workouts.test.tsx (2 tests) 259ms
@pulse/web:test:  ✓ src/features/nutrition/components/nutrition-week-strip.test.tsx (6 tests) 169ms
@pulse/web:test:  ✓ src/components/ui/per-page-selector.test.tsx (2 tests) 256ms
@pulse/web:test:  ✓ src/features/resources/components/resource-grid.test.tsx (1 test) 161ms
@pulse/web:test:  ✓ src/components/ui/sort-selector.test.tsx (2 tests) 169ms
@pulse/web:test:  ✓ src/hooks/use-weight-trend.test.tsx (4 tests) 192ms
@pulse/web:test:  ✓ src/features/workouts/components/swap-exercise-dialog.test.tsx (2 tests) 222ms
@pulse/web:test:  ✓ src/features/workouts/components/workout-exercise-card/index.test.tsx (5 tests) 187ms
@pulse/web:test:  ✓ src/hooks/use-habit-chains.test.tsx (3 tests) 189ms
@pulse/web:test:  ✓ src/features/foods/api/foods.test.tsx (2 tests) 190ms
@pulse/web:test:  ✓ src/features/dashboard/components/habit-daily-status-card.test.tsx (8 tests) 179ms
@pulse/web:test:  ✓ src/components/ui/help-modal.test.tsx (2 tests) 96ms
@pulse/web:test:  ✓ src/features/auth/components/login-form.test.tsx (8 tests) 166ms
@pulse/web:test:  ✓ src/pages/injuries.test.tsx (1 test) 151ms
@pulse/web:test:  ✓ src/components/charts/chart-primitives.test.tsx (7 tests) 117ms
@pulse/web:test:  ✓ src/features/dashboard/components/recent-workouts.test.tsx (9 tests) 168ms
@pulse/web:test:  ✓ src/features/workouts/components/session-context.test.tsx (4 tests) 152ms
@pulse/web:test:  ✓ src/features/dashboard/components/calendar-picker.test.tsx (7 tests) 141ms
@pulse/web:test:  ✓ src/features/activity/components/activity-list.test.tsx (2 tests) 178ms
@pulse/web:test:  ✓ src/components/ui/notes-indicator.test.tsx (3 tests) 134ms
@pulse/web:test:  ✓ src/hooks/use-recent-workouts.test.tsx (2 tests) 133ms
@pulse/web:test:  ✓ src/hooks/use-pull-to-refresh.test.tsx (6 tests) 146ms
@pulse/web:test:  ✓ src/features/workouts/components/rest-timer.test.tsx (3 tests) 143ms
@pulse/web:test:  ✓ src/features/nutrition/api/targets.test.tsx (3 tests) 141ms
@pulse/web:test:  ✓ src/hooks/use-macro-trend.test.tsx (3 tests) 134ms
@pulse/web:test:  ✓ src/features/dashboard/components/macro-rings.test.tsx (7 tests) 116ms
@pulse/web:test:  ✓ src/features/workouts/api/progression.test.tsx (2 tests) 133ms
@pulse/web:test:  ✓ src/features/dashboard/components/trend-sparkline-responsive.test.tsx (1 test) 125ms
@pulse/web:test:  ✓ src/features/workouts/components/session-comparison.test.tsx (6 tests) 227ms
@pulse/web:test:  ✓ src/components/ui/help-icon.test.tsx (2 tests) 130ms
@pulse/web:test:  ✓ src/features/habits/components/weekly-habit-date-picker.test.tsx (4 tests) 195ms
@pulse/web:test:  ✓ src/features/resources/components/resource-detail.test.tsx (3 tests) 165ms
@pulse/web:test:  ✓ src/hooks/use-user.test.tsx (2 tests) 136ms
@pulse/web:test:  ✓ src/features/workouts/components/workout-exercise-card/form-cues-block.test.tsx (2 tests) 94ms
@pulse/web:test:  ✓ src/features/workouts/components/form-cue-chips.test.tsx (3 tests) 141ms
@pulse/web:test:  ✓ src/components/ui/view-toggle.test.tsx (2 tests) 81ms
@pulse/web:test:  ✓ src/features/workouts/components/scheduled-workout-header.test.tsx (2 tests) 132ms
@pulse/web:test:  ✓ src/__tests__/components/progress-ring.test.tsx (5 tests) 123ms
@pulse/web:test:  ✓ src/features/workouts/components/workout-exercise-card/workout-exercise-set-list.test.tsx (3 tests) 188ms
@pulse/web:test:  ✓ src/components/ui/dialog.test.tsx (1 test) 165ms
@pulse/web:test:  ✓ src/components/ui/data-table.test.tsx (4 tests) 120ms
@pulse/web:test:  ✓ src/components/ui/button.test.tsx (4 tests) 97ms
@pulse/web:test:  ✓ src/components/ui/column-picker.test.tsx (1 test) 158ms
@pulse/web:test:  ✓ src/features/workouts/components/workout-exercise-card/exercise-header.test.tsx (2 tests) 90ms
@pulse/web:test:  ✓ src/hooks/use-workout-session.test.tsx (7 tests) 117ms
@pulse/web:test:  ✓ src/components/ui/preview-banner.test.tsx (5 tests) 116ms
@pulse/web:test:  ✓ src/features/workouts/components/workout-exercise-card/last-performance-chip.test.tsx (5 tests) 178ms
@pulse/web:test:  ✓ src/components/ui/progress-bar.test.tsx (4 tests) 143ms
@pulse/web:test:  ✓ src/pages/resources.test.tsx (1 test) 80ms
@pulse/web:test:  ✓ src/components/ui/checkbox.test.tsx (1 test) 63ms
@pulse/web:test:  ✓ src/components/auth/guest-route.test.tsx (3 tests) 92ms
@pulse/web:test:  ✓ src/components/ui/empty-state.test.tsx (2 tests) 109ms
@pulse/web:test:  ✓ src/pages/journal-entry.test.tsx (3 tests) 96ms
@pulse/web:test:  ✓ src/features/settings/api/trash.test.tsx (4 tests) 106ms
@pulse/web:test:  ✓ src/components/error-boundary.test.tsx (2 tests) 72ms
@pulse/web:test:  ✓ src/components/auth/protected-route.test.tsx (3 tests) 116ms
@pulse/web:test:  ✓ src/hooks/use-dashboard-config.test.tsx (2 tests) 95ms
@pulse/web:test:  ✓ src/components/layout/app-layout.test.tsx (2 tests) 83ms
@pulse/web:test:  ✓ src/components/ui/progress-ring.test.tsx (5 tests) 114ms
@pulse/web:test:  ✓ src/components/layout/page-header.test.tsx (4 tests) 72ms
@pulse/web:test:  ✓ src/features/workouts/api/workouts.mutations.test.tsx (8 tests) 49ms
@pulse/web:test:  ✓ src/__tests__/components/theme-toggle.test.tsx (3 tests) 94ms
@pulse/web:test:  ✓ src/lib/use-debounced-callback.test.tsx (6 tests) 41ms
@pulse/web:test:  ✓ src/components/ui/pagination-bar.test.tsx (2 tests) 111ms
@pulse/web:test:  ✓ src/pages/login.test.tsx (1 test) 144ms
@pulse/web:test:  ✓ src/__tests__/components/progress-bar.test.tsx (4 tests) 106ms
@pulse/web:test:  ✓ src/components/ui/input.test.tsx (3 tests) 99ms
@pulse/web:test:  ✓ src/components/theme-provider.test.tsx (2 tests) 52ms
@pulse/web:test:  ✓ src/components/ui/stat-card.test.tsx (8 tests) 53ms
@pulse/web:test:  ✓ src/features/workouts/components/workout-exercise-card/prescription-block.test.tsx (3 tests) 21ms
@pulse/web:test:  ✓ src/features/workouts/components/workout-exercise-card/agent-notes-block.test.tsx (3 tests) 43ms
@pulse/web:test:  ✓ src/hooks/usePersistedState.test.tsx (5 tests) 39ms
@pulse/web:test:  ✓ src/components/ui/filter-bar.test.tsx (1 test) 39ms
@pulse/web:test:  ✓ src/hooks/use-sync-sets.test.tsx (4 tests) 53ms
@pulse/web:test:  ✓ src/hooks/use-complete-session.test.tsx (2 tests) 76ms
@pulse/web:test:  ✓ src/hooks/use-date-authority.test.tsx (3 tests) 36ms
@pulse/web:test:  ✓ src/hooks/useTheme.test.tsx (5 tests) 25ms
@pulse/web:test:  ✓ src/components/ui/card.test.tsx (1 test) 21ms
@pulse/web:test:  ✓ src/components/ui/skeleton.test.tsx (1 test) 30ms
@pulse/web:test:  ✓ src/__tests__/components/stat-card.test.tsx (3 tests) 38ms
@pulse/web:test:  ✓ src/components/skeletons/skeleton-variants.test.tsx (2 tests) 53ms
@pulse/web:test:  ✓ src/components/ui/pull-to-refresh.test.tsx (3 tests) 71ms
@pulse/web:test:  ✓ src/features/workouts/components/workout-exercise-card/programming-notes-block.test.tsx (2 tests) 30ms
@pulse/web:test:  ✓ src/features/workouts/lib/effort.test.ts (61 tests) 7ms
@pulse/web:test:  ✓ src/lib/api-client.test.ts (14 tests) 13ms
@pulse/web:test:  ✓ src/features/workouts/components/tag-chips.test.tsx (2 tests) 22ms
@pulse/web:test:  ✓ src/features/nutrition/lib/nutrition-utils.test.ts (12 tests) 19ms
@pulse/web:test:  ✓ src/lib/query-client.test.ts (6 tests) 16ms
@pulse/web:test:  ✓ src/features/nutrition/lib/program-local-midnight.test.ts (3 tests) 12ms
@pulse/web:test:  ✓ src/hooks/use-save-as-template.test.tsx (2 tests) 31ms
@pulse/web:test:  ✓ src/features/dashboard/lib/program-date.test.ts (2 tests) 8ms
@pulse/web:test:  ✓ src/store/auth-store.test.ts (7 tests) 26ms
@pulse/web:test:  ✓ src/lib/utils.test.ts (3 tests) 11ms
@pulse/web:test:  ✓ src/features/workouts/lib/active-session.test.ts (8 tests) 4ms
@pulse/web:test:  ✓ src/lib/api-error.test.ts (6 tests) 4ms
@pulse/web:test:  ✓ src/features/workouts/lib/time-estimates.test.ts (9 tests) 5ms
@pulse/web:test:  ✓ src/features/weight/lib/trend-weight-date.test.ts (10 tests) 11ms
@pulse/web:test:  ✓ src/features/workouts/lib/session-persistence.test.ts (18 tests) 13ms
@pulse/web:test:  ✓ src/features/workouts/lib/tracking.test.ts (15 tests) 3ms
@pulse/web:test:  ✓ src/features/nutrition/api/keys.test.ts (3 tests) 3ms
@pulse/web:test:  ✓ src/features/foods/api/keys.test.ts (1 test) 3ms
@pulse/web:test:  ✓ src/lib/format-utils.test.ts (8 tests) 2ms
@pulse/web:test:  ✓ src/styles/globals.test.ts (2 tests) 3ms
@pulse/web:test:  ✓ src/lib/query-invalidation.test.ts (6 tests) 2ms
@pulse/web:test:  ✓ src/lib/date.test.ts (5 tests) 5ms
@pulse/web:test:  ✓ src/features/dashboard/lib/widget-utils.test.ts (10 tests) 3ms
@pulse/web:test:  ✓ src/features/workouts/lib/workout-session-sets.test.ts (2 tests) 2ms
@pulse/web:test:  ✓ src/lib/date-utils.test.ts (3 tests) 3ms
@pulse/web:test:  ✓ src/features/workouts/api/workouts.keys.test.ts (5 tests) 3ms
@pulse/web:test:  ✓ src/features/adaptive-nutrition/lib/format-adaptive-nutrition.test.ts (2 tests) 1ms
@pulse/web:test:  ✓ src/features/activity/lib/mock-data.test.ts (3 tests) 2ms
@pulse/web:test:  ✓ src/__tests__/placeholder.test.ts (1 test) 1ms
@pulse/web:test: 
@pulse/web:test:  Test Files  188 passed (188)
@pulse/web:test:       Tests  1348 passed (1348)
@pulse/web:test:    Start at  20:50:59
@pulse/web:test:    Duration  44.04s (transform 17.33s, setup 25.35s, import 108.94s, tests 166.85s, environment 62.95s)
@pulse/web:test: 

 Tasks:    6 successful, 6 total
Cached:    6 cached, 6 total
  Time:    247ms >>> FULL TURBO

[feat/ranked-food-reuse 56bec51] test(nutrition): keep only owned acceptance servers
 1 file changed, 2 insertions(+), 1 deletion(-)
