
 RUN  v4.0.18 /Users/meridian/Projects/pulse-food-reuse/apps/api

 ✓ src/routes/nutrition/store.food-usage.test.ts (11 tests) 14392ms
     ✓ preserves exact links through append, metadata, all corrections, delete and retry  2776ms
     ✓ rolls back create, append, correction and delete when usage persistence fails  3684ms
     ✓ derives merge from links despite stale counters, with atomic restore and ownership failures  3396ms
     ✓ keeps trashed food exact through linked-item edits, deletes, reconciliation and restore  866ms
     ✓ rejects unprefixed agent tokens and rolls back date route create failures  880ms
     ✓ falls back to the newest surviving timestamp and refuses foreign or partial purges  1758ms
 ✓ src/routes/nutrition/logging-context.integration.test.ts (3 tests) 412ms
 ✓ src/routes/nutrition/ranked-food-reuse.integration.test.ts (23 tests) 448ms
 ✓ src/routes/nutrition/daily-notes.integration.test.ts (26 tests) 697ms
 ✓ src/routes/nutrition/index.test.ts (15 tests) 222ms
 ✓ src/routes/meals/index.test.ts (15 tests) 237ms
 ✓ src/middleware/agent-transforms.test.ts (9 tests) 37ms
 ✓ src/routes/foods/reuse-policy.test.ts (23 tests) 7ms
 ✓ src/middleware/agent-enrichment.test.ts (8 tests) 4ms

 Test Files  9 passed (9)
      Tests  133 passed (133)
   Start at  19:25:52
   Duration  19.96s (transform 693ms, setup 0ms, import 2.58s, tests 16.45s, environment 1ms)

