COMMAND: pnpm exec turbo run build --force --concurrency=1
• turbo 2.8.13
• Packages in scope: @pulse/api, @pulse/shared, @pulse/web
• Running build in 3 packages
• Remote caching disabled, using shared worktree cache
@pulse/shared:build: cache bypass, force executing f2de677e7ee29eae
@pulse/shared:build: 
@pulse/shared:build: > @pulse/shared@0.0.0 build /Users/meridian/Projects/pulse-daily-nutrition-notes/packages/shared
@pulse/shared:build: > tsc -p tsconfig.json
@pulse/shared:build: 
@pulse/web:build: cache bypass, force executing d2c5eef81321c166
@pulse/web:build: 
@pulse/web:build: > @pulse/web@0.0.0 build /Users/meridian/Projects/pulse-daily-nutrition-notes/apps/web
@pulse/web:build: > tsc -b && vite build
@pulse/web:build: 
@pulse/web:build: vite v7.3.1 building client environment for production...
@pulse/web:build: transforming...
@pulse/web:build: ✓ 3910 modules transformed.
@pulse/web:build: rendering chunks...
@pulse/web:build: computing gzip size...
@pulse/web:build: dist/index.html                                         2.15 kB │ gzip:   0.76 kB
@pulse/web:build: dist/assets/index-DkK2dXwc.css                        174.05 kB │ gzip:  25.07 kB
@pulse/web:build: dist/assets/query-polling-CWrVhzp4.js                   0.09 kB │ gzip:   0.09 kB
@pulse/web:build: dist/assets/plus-x99e1Uvw.js                            0.15 kB │ gzip:   0.15 kB
@pulse/web:build: dist/assets/arrow-up-Def8EGXo.js                        0.16 kB │ gzip:   0.16 kB
@pulse/web:build: dist/assets/clock-3-BY-mFLHj.js                         0.17 kB │ gzip:   0.17 kB
@pulse/web:build: dist/assets/arrow-right-Cfc-Z82k.js                     0.17 kB │ gzip:   0.16 kB
@pulse/web:build: dist/assets/search-BigruhsE.js                          0.17 kB │ gzip:   0.17 kB
@pulse/web:build: dist/assets/circle-check-BkJGWQdN.js                    0.17 kB │ gzip:   0.17 kB
@pulse/web:build: dist/assets/trending-up-Ct1rl3BC.js                     0.18 kB │ gzip:   0.17 kB
@pulse/web:build: dist/assets/gauge-7e1ZJ7f0.js                           0.18 kB │ gzip:   0.17 kB
@pulse/web:build: dist/assets/trending-down-CSTNiQzN.js                   0.18 kB │ gzip:   0.17 kB
@pulse/web:build: dist/assets/flame-1Zz06HEy.js                           0.20 kB │ gzip:   0.18 kB
@pulse/web:build: dist/assets/info-1msFqavY.js                            0.20 kB │ gzip:   0.18 kB
@pulse/web:build: dist/assets/rotate-ccw-D5QyR24G.js                      0.20 kB │ gzip:   0.18 kB
@pulse/web:build: dist/assets/useThemeContext-D1hjQM8H.js                 0.23 kB │ gzip:   0.19 kB
@pulse/web:build: dist/assets/history-Bv4JENT_.js                         0.24 kB │ gzip:   0.20 kB
@pulse/web:build: dist/assets/timer-cYkCKCdy.js                           0.24 kB │ gzip:   0.19 kB
@pulse/web:build: dist/assets/circle-question-mark-wfYsoVKb.js            0.24 kB │ gzip:   0.21 kB
@pulse/web:build: dist/assets/arrow-up-down-T-6F0egL.js                   0.25 kB │ gzip:   0.19 kB
@pulse/web:build: dist/assets/route-C2b3pNnT.js                           0.25 kB │ gzip:   0.20 kB
@pulse/web:build: dist/assets/circle-alert-zMcwSqp7.js                    0.25 kB │ gzip:   0.19 kB
@pulse/web:build: dist/assets/chart-column-CBD7W3d8.js                    0.25 kB │ gzip:   0.20 kB
@pulse/web:build: dist/assets/heart-BS8iKLDr.js                           0.26 kB │ gzip:   0.22 kB
@pulse/web:build: dist/assets/pencil-DehiK_gy.js                          0.28 kB │ gzip:   0.23 kB
@pulse/web:build: dist/assets/book-open-Cba0Y16F.js                       0.28 kB │ gzip:   0.21 kB
@pulse/web:build: dist/assets/arrow-up-right-BtzrNF--.js                  0.29 kB │ gzip:   0.21 kB
@pulse/web:build: dist/assets/pencil-line-okCJj1gH.js                     0.32 kB │ gzip:   0.25 kB
@pulse/web:build: dist/assets/refresh-cw-mX0xb407.js                      0.32 kB │ gzip:   0.22 kB
@pulse/web:build: dist/assets/trash-2-C6ggD2O6.js                         0.33 kB │ gzip:   0.22 kB
@pulse/web:build: dist/assets/program-local-midnight-DSrRcjcg.js          0.33 kB │ gzip:   0.27 kB
@pulse/web:build: dist/assets/scale-C4Jp5gw0.js                           0.33 kB │ gzip:   0.22 kB
@pulse/web:build: dist/assets/grip-vertical-lczv27j0.js                   0.37 kB │ gzip:   0.19 kB
@pulse/web:build: dist/assets/calendar-clock-BQ-A1sH4.js                  0.37 kB │ gzip:   0.25 kB
@pulse/web:build: dist/assets/label-CjQE09Zo.js                           0.37 kB │ gzip:   0.28 kB
@pulse/web:build: dist/assets/use-today-key-DpOz25XO.js                   0.39 kB │ gzip:   0.27 kB
@pulse/web:build: dist/assets/index-BYY6wVIh.js                           0.43 kB │ gzip:   0.29 kB
@pulse/web:build: dist/assets/template-tags-Ce0Nr_b0.js                   0.43 kB │ gzip:   0.29 kB
@pulse/web:build: dist/assets/accent-card-styles-juGWYX3b.js              0.48 kB │ gzip:   0.21 kB
@pulse/web:build: dist/assets/calendar-days-CqwbPnfV.js                   0.50 kB │ gzip:   0.27 kB
@pulse/web:build: dist/assets/sparkles-B_Bop8W5.js                        0.50 kB │ gzip:   0.28 kB
@pulse/web:build: dist/assets/date-utils-hJv2Zwft.js                      0.52 kB │ gzip:   0.30 kB
@pulse/web:build: dist/assets/workout-session-sets-CqGuqGnY.js            0.57 kB │ gzip:   0.34 kB
@pulse/web:build: dist/assets/circle-dashed-DJzg8p4U.js                   0.58 kB │ gzip:   0.29 kB
@pulse/web:build: dist/assets/textarea-g2Tj4a4D.js                        0.64 kB │ gzip:   0.39 kB
@pulse/web:build: dist/assets/markdown-note-BIB_g5lP.js                   0.65 kB │ gzip:   0.39 kB
@pulse/web:build: dist/assets/chart-range-control-CNscpQNW.js             0.66 kB │ gzip:   0.41 kB
@pulse/web:build: dist/assets/empty-state-BZm4_XGg.js                     0.69 kB │ gzip:   0.43 kB
@pulse/web:build: dist/assets/superset-utils-D_S-9rvx.js                  0.70 kB │ gzip:   0.43 kB
@pulse/web:build: dist/assets/save-CJGCatT5.js                            0.70 kB │ gzip:   0.34 kB
@pulse/web:build: dist/assets/format-utils-Bsyxf4FY.js                    0.73 kB │ gzip:   0.35 kB
@pulse/web:build: dist/assets/wrench-Ck0XUPSw.js                          0.74 kB │ gzip:   0.38 kB
@pulse/web:build: dist/assets/separator-Qhl05ivX.js                       0.78 kB │ gzip:   0.42 kB
@pulse/web:build: dist/assets/chart-legend-CrS1bZY9.js                    0.85 kB │ gzip:   0.49 kB
@pulse/web:build: dist/assets/markdown-aUL2GTqK.js                        0.87 kB │ gzip:   0.43 kB
@pulse/web:build: dist/assets/page-header-cXtU4pRH.js                     0.90 kB │ gzip:   0.42 kB
@pulse/web:build: dist/assets/rename-exercise-dialog-DkQUPELr.js          0.94 kB │ gzip:   0.56 kB
@pulse/web:build: dist/assets/input-Bk8f1UNI.js                           0.95 kB │ gzip:   0.55 kB
@pulse/web:build: dist/assets/use-date-authority-BOsqHFq9.js              0.96 kB │ gzip:   0.53 kB
@pulse/web:build: dist/assets/trend-weight-date-vlormCn4.js               1.00 kB │ gzip:   0.50 kB
@pulse/web:build: dist/assets/progress-bar-BwVIwHcg.js                    1.04 kB │ gzip:   0.58 kB
@pulse/web:build: dist/assets/progress-ring-CQ7su2Do.js                   1.21 kB │ gzip:   0.64 kB
@pulse/web:build: dist/assets/index-7fPA7RR4.js                           1.31 kB │ gzip:   0.66 kB
@pulse/web:build: dist/assets/use-debounced-callback-DneDOmm2.js          1.32 kB │ gzip:   0.61 kB
@pulse/web:build: dist/assets/badge-DzAjp0jc.js                           1.34 kB │ gzip:   0.64 kB
@pulse/web:build: dist/assets/preview-banner-Bon7PeUH.js                  1.40 kB │ gzip:   0.77 kB
@pulse/web:build: dist/assets/progression-C8Uq0M5t.js                     1.47 kB │ gzip:   0.73 kB
@pulse/web:build: dist/assets/chart-exploration-CIVsEJBu.js               1.70 kB │ gzip:   0.76 kB
@pulse/web:build: dist/assets/adaptive-weekly-review-jD-ylbI7.js          1.80 kB │ gzip:   0.97 kB
@pulse/web:build: dist/assets/stat-card-4xxpy2Ei.js                       2.30 kB │ gzip:   1.08 kB
@pulse/web:build: dist/assets/chart-tooltip-DMlkKf1G.js                   2.49 kB │ gzip:   1.04 kB
@pulse/web:build: dist/assets/help-icon-izUyi5JV.js                       2.66 kB │ gzip:   1.06 kB
@pulse/web:build: dist/assets/dialog-CAKY4W_b.js                          2.79 kB │ gzip:   1.07 kB
@pulse/web:build: dist/assets/login-6U0PESp0.js                           3.12 kB │ gzip:   1.30 kB
@pulse/web:build: dist/assets/chart-summary-BpeG20ux.js                   3.16 kB │ gzip:   1.38 kB
@pulse/web:build: dist/assets/journal-entry-DSOZ1fOn.js                   3.45 kB │ gzip:   1.36 kB
@pulse/web:build: dist/assets/habit-chain-dot-rtRf4KPG.js                 3.45 kB │ gzip:   1.62 kB
@pulse/web:build: dist/assets/mock-data-C5acpO0F.js                       3.71 kB │ gzip:   1.57 kB
@pulse/web:build: dist/assets/profile-Dt-6h9mP.js                         4.10 kB │ gzip:   1.62 kB
@pulse/web:build: dist/assets/register-BZ6nsHAs.js                        4.17 kB │ gzip:   1.53 kB
@pulse/web:build: dist/assets/resources-DE4vz0Ec.js                       4.22 kB │ gzip:   1.73 kB
@pulse/web:build: dist/assets/swap-exercise-dialog-ZrjldciI.js            4.43 kB │ gzip:   1.81 kB
@pulse/web:build: dist/assets/journal-D3N7q_7T.js                         5.46 kB │ gzip:   2.07 kB
@pulse/web:build: dist/assets/resource-detail-Dnqvl3Ae.js                 5.60 kB │ gzip:   1.80 kB
@pulse/web:build: dist/assets/popover-Dk0bUgPL.js                         6.04 kB │ gzip:   2.18 kB
@pulse/web:build: dist/assets/use-dashboard-config-Bi15M0cX.js            6.31 kB │ gzip:   2.06 kB
@pulse/web:build: dist/assets/nutrition-day-status-control-u34P8dfd.js    7.40 kB │ gzip:   2.51 kB
@pulse/web:build: dist/assets/view-toggle-CXdHq_Yr.js                     8.76 kB │ gzip:   3.22 kB
@pulse/web:build: dist/assets/injuries-B2OebHCe.js                        9.27 kB │ gzip:   3.25 kB
@pulse/web:build: dist/assets/weight-history-BR8d7HOM.js                  9.86 kB │ gzip:   3.55 kB
@pulse/web:build: dist/assets/design-system-7E-Y1dXf.js                   9.94 kB │ gzip:   3.14 kB
@pulse/web:build: dist/assets/mock-data-LfAjOMct.js                      10.15 kB │ gzip:   4.27 kB
@pulse/web:build: dist/assets/mock-data-B1yAkND2.js                      14.00 kB │ gzip:   4.60 kB
@pulse/web:build: dist/assets/equipment-CbGgs4QF.js                      15.22 kB │ gzip:   4.76 kB
@pulse/web:build: dist/assets/activity-BYGsz8Qi.js                       16.18 kB │ gzip:   5.24 kB
@pulse/web:build: dist/assets/trend-weight-workspace-CJrCSxh5.js         17.30 kB │ gzip:   5.29 kB
@pulse/web:build: dist/assets/workouts-BBS_zlFn.js                       19.70 kB │ gzip:   4.74 kB
@pulse/web:build: dist/assets/select-BIQlt9RI.js                         20.60 kB │ gzip:   7.29 kB
@pulse/web:build: dist/assets/active-session-B1hEZ0Ki.js                 21.20 kB │ gzip:   6.52 kB
@pulse/web:build: dist/assets/dropdown-menu-D0mFE2ID.js                  21.90 kB │ gzip:   6.83 kB
@pulse/web:build: dist/assets/energy-balance-DO-3FcBf.js                 21.98 kB │ gzip:   6.58 kB
@pulse/web:build: dist/assets/injury-detail-DO6YiyNv.js                  23.40 kB │ gzip:   7.27 kB
@pulse/web:build: dist/assets/workout-template-detail-DrtlaDEr.js        24.78 kB │ gzip:   7.74 kB
@pulse/web:build: dist/assets/data-quality-CTsnAS7C.js                   24.95 kB │ gzip:   7.73 kB
@pulse/web:build: dist/assets/settings-DeK1BUy-.js                       29.75 kB │ gzip:   8.12 kB
@pulse/web:build: dist/assets/zod-DXL12IUs.js                            29.90 kB │ gzip:  10.78 kB
@pulse/web:build: dist/assets/goal-trajectory-wAUOaAxv.js                30.30 kB │ gzip:   8.65 kB
@pulse/web:build: dist/assets/workout-session-detail-BU80U_yM.js         32.32 kB │ gzip:   9.65 kB
@pulse/web:build: dist/assets/weekly-decision-review-DcYbR_sy.js         32.94 kB │ gzip:   8.63 kB
@pulse/web:build: dist/assets/vendor-router-D-aEi-ws.js                  37.19 kB │ gzip:  13.40 kB
@pulse/web:build: dist/assets/scheduled-workout-detail-CqOZ8iWX.js       37.50 kB │ gzip:  11.55 kB
@pulse/web:build: dist/assets/habits-ISn_ADJq.js                         39.34 kB │ gzip:  11.80 kB
@pulse/web:build: dist/assets/vendor-query-Y28iZGx7.js                   45.14 kB │ gzip:  13.84 kB
@pulse/web:build: dist/assets/use-workout-session-CQGnrC2w.js            49.77 kB │ gzip:  14.35 kB
@pulse/web:build: dist/assets/sortable.esm-4ZKdY1Dn.js                   51.01 kB │ gzip:  17.09 kB
@pulse/web:build: dist/assets/vendor-zod-CxxuDTfS.js                     57.83 kB │ gzip:  13.48 kB
@pulse/web:build: dist/assets/workouts-B6caQVhL.js                       67.54 kB │ gzip:  18.36 kB
@pulse/web:build: dist/assets/dashboard-CsTIjN1O.js                      69.23 kB │ gzip:  20.12 kB
@pulse/web:build: dist/assets/goal-editor-dialog-_4U4saFP.js             69.87 kB │ gzip:  20.12 kB
@pulse/web:build: dist/assets/schedule-workout-dialog-03kwmTgT.js        71.22 kB │ gzip:  21.27 kB
@pulse/web:build: dist/assets/active-workout-BzRb4Eny.js                107.72 kB │ gzip:  30.56 kB
@pulse/web:build: dist/assets/nutrition-CPsbYf_v.js                     153.12 kB │ gzip:  41.27 kB
@pulse/web:build: dist/assets/vendor-recharts-vi3UUqYC.js               397.49 kB │ gzip: 115.25 kB
@pulse/web:build: dist/assets/index-BeSKGa91.js                         517.69 kB │ gzip: 153.81 kB
@pulse/web:build: 
@pulse/web:build: (!) Some chunks are larger than 500 kB after minification. Consider:
@pulse/web:build: - Using dynamic import() to code-split the application
@pulse/web:build: - Use build.rollupOptions.output.manualChunks to improve chunking: https://rollupjs.org/configuration-options/#output-manualchunks
@pulse/web:build: - Adjust chunk size limit for this warning via build.chunkSizeWarningLimit.
@pulse/web:build: ✓ built in 3.44s
@pulse/api:build: cache bypass, force executing 341ca4fd538c501b
@pulse/api:build: 
@pulse/api:build: > @pulse/api@0.0.0 build /Users/meridian/Projects/pulse-daily-nutrition-notes/apps/api
@pulse/api:build: > tsc
@pulse/api:build: 

 Tasks:    3 successful, 3 total
Cached:    0 cached, 3 total
  Time:    17.882s 


EXIT_CODE: 0
