RECEIPT_FORMAT: pulse-132-raw-v1
TESTED_COMMIT: 5281ee7ddef182589053ab61c11bfe3b107c47e6
TESTED_TREE: f891b9448d932a99106f216214967e88275f718f
BRANCH: feat/daily-nutrition-targets
WORKTREE: /Users/meridian/Projects/pulse-daily-nutrition-targets
WORKTREE_DIRTY_BEFORE: false
DIRTY_PATCH_SHA256: e3b0c44298fc1c149afbf4c8996fb92427ae41e4649b934ca495991b7852b855
STARTED_UTC: 2026-09-10T03:27:55.940Z
COMMAND_ARGV_JSON: ["pnpm","--filter","@pulse/web","exec","playwright","test","e2e/daily-target-adjustment.spec.ts","--workers=1","--reporter=line","--output=../../docs/implementation/daily-nutrition-targets-evidence/raw/playwright"]
COMMAND: "pnpm" "--filter" "@pulse/web" "exec" "playwright" "test" "e2e/daily-target-adjustment.spec.ts" "--workers=1" "--reporter=line" "--output=../../docs/implementation/daily-nutrition-targets-evidence/raw/playwright"
CACHE_CONTROLS_JSON: {"CI":"true"}
STDOUT_STDERR_BEGIN
[WebServer] (node:98167) Warning: The 'NO_COLOR' env is ignored due to the 'FORCE_COLOR' env being set.
[WebServer] (Use `node --trace-warnings ...` to show where the warning was created)

[WebServer] (node:98182) Warning: The 'NO_COLOR' env is ignored due to the 'FORCE_COLOR' env being set.
[WebServer] (Use `node --trace-warnings ...` to show where the warning was created)

[WebServer] (node:98188) Warning: The 'NO_COLOR' env is ignored due to the 'FORCE_COLOR' env being set.
[WebServer] (Use `node --trace-warnings ...` to show where the warning was created)

[WebServer] (node:98188) Warning: The 'NO_COLOR' env is ignored due to the 'FORCE_COLOR' env being set.
[WebServer] (Use `node --trace-warnings ...` to show where the warning was created)

[WebServer] (node:98191) Warning: The 'NO_COLOR' env is ignored due to the 'FORCE_COLOR' env being set.
[WebServer] (Use `node --trace-warnings ...` to show where the warning was created)

[WebServer] (node:98204) Warning: The 'NO_COLOR' env is ignored due to the 'FORCE_COLOR' env being set.
[WebServer] (Use `node --trace-warnings ...` to show where the warning was created)


Running 2 tests using 1 worker

(node:98212) Warning: The 'NO_COLOR' env is ignored due to the 'FORCE_COLOR' env being set.
(Use `node --trace-warnings ...` to show where the warning was created)


[1/2] [chromium] › e2e/daily-target-adjustment.spec.ts:76:7 › mobile-375: create, edit, reload, future-confine, and restore a daily adjustment
[WebServer] 11:28:03 PM [vite] http proxy error: /api/v1/users/me
[WebServer] Error: connect ECONNREFUSED 127.0.0.1:3122
[WebServer]     at TCPConnectWrap.afterConnect [as oncomplete] (node:net:1705:16)

[WebServer] 11:28:04 PM [vite] http proxy error: /api/v1/users/me
[WebServer] Error: connect ECONNREFUSED 127.0.0.1:3122
[WebServer]     at TCPConnectWrap.afterConnect [as oncomplete] (node:net:1705:16)

(node:98272) Warning: The 'NO_COLOR' env is ignored due to the 'FORCE_COLOR' env being set.
(Use `node --trace-warnings ...` to show where the warning was created)


[2/2] (retries) [chromium] › e2e/daily-target-adjustment.spec.ts:76:7 › mobile-375: create, edit, reload, future-confine, and restore a daily adjustment (retry #1)
[WebServer] 11:28:11 PM [vite] http proxy error: /api/v1/users/me
[WebServer] Error: connect ECONNREFUSED 127.0.0.1:3122
[WebServer]     at TCPConnectWrap.afterConnect [as oncomplete] (node:net:1705:16)

[WebServer] 11:28:12 PM [vite] http proxy error: /api/v1/users/me
[WebServer] Error: connect ECONNREFUSED 127.0.0.1:3122
[WebServer]     at TCPConnectWrap.afterConnect [as oncomplete] (node:net:1705:16)

(node:98358) Warning: The 'NO_COLOR' env is ignored due to the 'FORCE_COLOR' env being set.
(Use `node --trace-warnings ...` to show where the warning was created)


[3/2] (retries) [chromium] › e2e/daily-target-adjustment.spec.ts:76:7 › mobile-375: create, edit, reload, future-confine, and restore a daily adjustment (retry #2)
[WebServer] 11:28:19 PM [vite] http proxy error: /api/v1/users/me
[WebServer] Error: connect ECONNREFUSED 127.0.0.1:3122
[WebServer]     at TCPConnectWrap.afterConnect [as oncomplete] (node:net:1705:16)

[WebServer] 11:28:20 PM [vite] http proxy error: /api/v1/users/me
[WebServer] Error: connect ECONNREFUSED 127.0.0.1:3122
[WebServer]     at TCPConnectWrap.afterConnect [as oncomplete] (node:net:1705:16)

  1) [chromium] › e2e/daily-target-adjustment.spec.ts:76:7 › mobile-375: create, edit, reload, future-confine, and restore a daily adjustment 

    Error: expect(locator).toBeVisible() failed

    Locator: getByRole('heading', { name: 'Nutrition' })
    Expected: visible
    Timeout: 5000ms
    Error: element(s) not found

    Call log:
      - Expect "toBeVisible" with timeout 5000ms
      - waiting for getByRole('heading', { name: 'Nutrition' })


      66 |   await setAuthenticatedSession(page, token);
      67 |   await page.goto(`/nutrition?view=log&date=${date}`, { waitUntil: 'networkidle' });
    > 68 |   await expect(page.getByRole('heading', { name: 'Nutrition' })).toBeVisible();
         |                                                                  ^
      69 |   await expect(page.getByRole('heading', { name: 'Daily targets' })).toBeVisible();
      70 | }
      71 |
        at openDate (/Users/meridian/Projects/pulse-daily-nutrition-targets/apps/web/e2e/daily-target-adjustment.spec.ts:68:66)
        at /Users/meridian/Projects/pulse-daily-nutrition-targets/apps/web/e2e/daily-target-adjustment.spec.ts:88:7

    Error Context: ../../docs/implementation/daily-nutrition-targets-evidence/raw/playwright/daily-target-adjustment-mo-51ef0--restore-a-daily-adjustment-chromium/error-context.md

    Retry #1 ───────────────────────────────────────────────────────────────────────────────────────

    Error: expect(locator).toBeVisible() failed

    Locator: getByRole('heading', { name: 'Nutrition' })
    Expected: visible
    Timeout: 5000ms
    Error: element(s) not found

    Call log:
      - Expect "toBeVisible" with timeout 5000ms
      - waiting for getByRole('heading', { name: 'Nutrition' })


      66 |   await setAuthenticatedSession(page, token);
      67 |   await page.goto(`/nutrition?view=log&date=${date}`, { waitUntil: 'networkidle' });
    > 68 |   await expect(page.getByRole('heading', { name: 'Nutrition' })).toBeVisible();
         |                                                                  ^
      69 |   await expect(page.getByRole('heading', { name: 'Daily targets' })).toBeVisible();
      70 | }
      71 |
        at openDate (/Users/meridian/Projects/pulse-daily-nutrition-targets/apps/web/e2e/daily-target-adjustment.spec.ts:68:66)
        at /Users/meridian/Projects/pulse-daily-nutrition-targets/apps/web/e2e/daily-target-adjustment.spec.ts:88:7

    Error Context: ../../docs/implementation/daily-nutrition-targets-evidence/raw/playwright/daily-target-adjustment-mo-51ef0--restore-a-daily-adjustment-chromium-retry1/error-context.md

    Retry #2 ───────────────────────────────────────────────────────────────────────────────────────

    Error: expect(locator).toBeVisible() failed

    Locator: getByRole('heading', { name: 'Nutrition' })
    Expected: visible
    Timeout: 5000ms
    Error: element(s) not found

    Call log:
      - Expect "toBeVisible" with timeout 5000ms
      - waiting for getByRole('heading', { name: 'Nutrition' })


      66 |   await setAuthenticatedSession(page, token);
      67 |   await page.goto(`/nutrition?view=log&date=${date}`, { waitUntil: 'networkidle' });
    > 68 |   await expect(page.getByRole('heading', { name: 'Nutrition' })).toBeVisible();
         |                                                                  ^
      69 |   await expect(page.getByRole('heading', { name: 'Daily targets' })).toBeVisible();
      70 | }
      71 |
        at openDate (/Users/meridian/Projects/pulse-daily-nutrition-targets/apps/web/e2e/daily-target-adjustment.spec.ts:68:66)
        at /Users/meridian/Projects/pulse-daily-nutrition-targets/apps/web/e2e/daily-target-adjustment.spec.ts:88:7

    Error Context: ../../docs/implementation/daily-nutrition-targets-evidence/raw/playwright/daily-target-adjustment-mo-51ef0--restore-a-daily-adjustment-chromium-retry2/error-context.md


(node:98416) Warning: The 'NO_COLOR' env is ignored due to the 'FORCE_COLOR' env being set.
(Use `node --trace-warnings ...` to show where the warning was created)


[4/2] [chromium] › e2e/daily-target-adjustment.spec.ts:76:7 › desktop-1280: create, edit, reload, future-confine, and restore a daily adjustment
[WebServer] 11:28:26 PM [vite] http proxy error: /api/v1/users/me
[WebServer] Error: connect ECONNREFUSED 127.0.0.1:3122
[WebServer]     at TCPConnectWrap.afterConnect [as oncomplete] (node:net:1705:16)

[WebServer] 11:28:27 PM [vite] http proxy error: /api/v1/users/me
[WebServer] Error: connect ECONNREFUSED 127.0.0.1:3122
[WebServer]     at TCPConnectWrap.afterConnect [as oncomplete] (node:net:1705:16)

(node:98516) Warning: The 'NO_COLOR' env is ignored due to the 'FORCE_COLOR' env being set.
(Use `node --trace-warnings ...` to show where the warning was created)


[5/2] (retries) [chromium] › e2e/daily-target-adjustment.spec.ts:76:7 › desktop-1280: create, edit, reload, future-confine, and restore a daily adjustment (retry #1)
[WebServer] 11:28:34 PM [vite] http proxy error: /api/v1/users/me
[WebServer] Error: connect ECONNREFUSED 127.0.0.1:3122
[WebServer]     at TCPConnectWrap.afterConnect [as oncomplete] (node:net:1705:16)

[WebServer] 11:28:35 PM [vite] http proxy error: /api/v1/users/me
[WebServer] Error: connect ECONNREFUSED 127.0.0.1:3122
[WebServer]     at TCPConnectWrap.afterConnect [as oncomplete] (node:net:1705:16)

(node:98579) Warning: The 'NO_COLOR' env is ignored due to the 'FORCE_COLOR' env being set.
(Use `node --trace-warnings ...` to show where the warning was created)


[6/2] (retries) [chromium] › e2e/daily-target-adjustment.spec.ts:76:7 › desktop-1280: create, edit, reload, future-confine, and restore a daily adjustment (retry #2)
[WebServer] 11:28:42 PM [vite] http proxy error: /api/v1/users/me
[WebServer] Error: connect ECONNREFUSED 127.0.0.1:3122
[WebServer]     at TCPConnectWrap.afterConnect [as oncomplete] (node:net:1705:16)

[WebServer] 11:28:43 PM [vite] http proxy error: /api/v1/users/me
[WebServer] Error: connect ECONNREFUSED 127.0.0.1:3122
[WebServer]     at TCPConnectWrap.afterConnect [as oncomplete] (node:net:1705:16)

  2) [chromium] › e2e/daily-target-adjustment.spec.ts:76:7 › desktop-1280: create, edit, reload, future-confine, and restore a daily adjustment 

    Error: expect(locator).toBeVisible() failed

    Locator: getByRole('heading', { name: 'Nutrition' })
    Expected: visible
    Timeout: 5000ms
    Error: element(s) not found

    Call log:
      - Expect "toBeVisible" with timeout 5000ms
      - waiting for getByRole('heading', { name: 'Nutrition' })


      66 |   await setAuthenticatedSession(page, token);
      67 |   await page.goto(`/nutrition?view=log&date=${date}`, { waitUntil: 'networkidle' });
    > 68 |   await expect(page.getByRole('heading', { name: 'Nutrition' })).toBeVisible();
         |                                                                  ^
      69 |   await expect(page.getByRole('heading', { name: 'Daily targets' })).toBeVisible();
      70 | }
      71 |
        at openDate (/Users/meridian/Projects/pulse-daily-nutrition-targets/apps/web/e2e/daily-target-adjustment.spec.ts:68:66)
        at /Users/meridian/Projects/pulse-daily-nutrition-targets/apps/web/e2e/daily-target-adjustment.spec.ts:88:7

    Error Context: ../../docs/implementation/daily-nutrition-targets-evidence/raw/playwright/daily-target-adjustment-de-e0d0b--restore-a-daily-adjustment-chromium/error-context.md

    Retry #1 ───────────────────────────────────────────────────────────────────────────────────────

    Error: expect(locator).toBeVisible() failed

    Locator: getByRole('heading', { name: 'Nutrition' })
    Expected: visible
    Timeout: 5000ms
    Error: element(s) not found

    Call log:
      - Expect "toBeVisible" with timeout 5000ms
      - waiting for getByRole('heading', { name: 'Nutrition' })


      66 |   await setAuthenticatedSession(page, token);
      67 |   await page.goto(`/nutrition?view=log&date=${date}`, { waitUntil: 'networkidle' });
    > 68 |   await expect(page.getByRole('heading', { name: 'Nutrition' })).toBeVisible();
         |                                                                  ^
      69 |   await expect(page.getByRole('heading', { name: 'Daily targets' })).toBeVisible();
      70 | }
      71 |
        at openDate (/Users/meridian/Projects/pulse-daily-nutrition-targets/apps/web/e2e/daily-target-adjustment.spec.ts:68:66)
        at /Users/meridian/Projects/pulse-daily-nutrition-targets/apps/web/e2e/daily-target-adjustment.spec.ts:88:7

    Error Context: ../../docs/implementation/daily-nutrition-targets-evidence/raw/playwright/daily-target-adjustment-de-e0d0b--restore-a-daily-adjustment-chromium-retry1/error-context.md

    Retry #2 ───────────────────────────────────────────────────────────────────────────────────────

    Error: expect(locator).toBeVisible() failed

    Locator: getByRole('heading', { name: 'Nutrition' })
    Expected: visible
    Timeout: 5000ms
    Error: element(s) not found

    Call log:
      - Expect "toBeVisible" with timeout 5000ms
      - waiting for getByRole('heading', { name: 'Nutrition' })


      66 |   await setAuthenticatedSession(page, token);
      67 |   await page.goto(`/nutrition?view=log&date=${date}`, { waitUntil: 'networkidle' });
    > 68 |   await expect(page.getByRole('heading', { name: 'Nutrition' })).toBeVisible();
         |                                                                  ^
      69 |   await expect(page.getByRole('heading', { name: 'Daily targets' })).toBeVisible();
      70 | }
      71 |
        at openDate (/Users/meridian/Projects/pulse-daily-nutrition-targets/apps/web/e2e/daily-target-adjustment.spec.ts:68:66)
        at /Users/meridian/Projects/pulse-daily-nutrition-targets/apps/web/e2e/daily-target-adjustment.spec.ts:88:7

    Error Context: ../../docs/implementation/daily-nutrition-targets-evidence/raw/playwright/daily-target-adjustment-de-e0d0b--restore-a-daily-adjustment-chromium-retry2/error-context.md


  2 failed
    [chromium] › e2e/daily-target-adjustment.spec.ts:76:7 › mobile-375: create, edit, reload, future-confine, and restore a daily adjustment 
    [chromium] › e2e/daily-target-adjustment.spec.ts:76:7 › desktop-1280: create, edit, reload, future-confine, and restore a daily adjustment 
undefined
/Users/meridian/Projects/pulse-daily-nutrition-targets/apps/web:
 ERR_PNPM_RECURSIVE_EXEC_FIRST_FAIL  Command failed with exit code 1: playwright test e2e/daily-target-adjustment.spec.ts --workers=1 --reporter=line --output=../../docs/implementation/daily-nutrition-targets-evidence/raw/playwright

STDOUT_STDERR_END
ENDED_UTC: 2026-09-10T03:28:48.262Z
EXIT_CODE: 1
