RECEIPT_FORMAT: pulse-132-raw-v1
TESTED_COMMIT: 5281ee7ddef182589053ab61c11bfe3b107c47e6
TESTED_TREE: f891b9448d932a99106f216214967e88275f718f
BRANCH: feat/daily-nutrition-targets
WORKTREE: /Users/meridian/Projects/pulse-daily-nutrition-targets
WORKTREE_DIRTY_BEFORE: false
DIRTY_PATCH_SHA256: e3b0c44298fc1c149afbf4c8996fb92427ae41e4649b934ca495991b7852b855
STARTED_UTC: 2026-09-10T03:29:32.057Z
COMMAND_ARGV_JSON: ["pnpm","--filter","@pulse/web","exec","playwright","test","e2e/daily-target-adjustment.spec.ts","--workers=1","--reporter=line","--output=../../docs/implementation/daily-nutrition-targets-evidence/raw/playwright-final"]
COMMAND: "pnpm" "--filter" "@pulse/web" "exec" "playwright" "test" "e2e/daily-target-adjustment.spec.ts" "--workers=1" "--reporter=line" "--output=../../docs/implementation/daily-nutrition-targets-evidence/raw/playwright-final"
CACHE_CONTROLS_JSON: {"CI":"true"}
STDOUT_STDERR_BEGIN
[WebServer] (node:99022) Warning: The 'NO_COLOR' env is ignored due to the 'FORCE_COLOR' env being set.
[WebServer] (Use `node --trace-warnings ...` to show where the warning was created)

[WebServer] (node:99038) Warning: The 'NO_COLOR' env is ignored due to the 'FORCE_COLOR' env being set.
[WebServer] (Use `node --trace-warnings ...` to show where the warning was created)

[WebServer] (node:99044) Warning: The 'NO_COLOR' env is ignored due to the 'FORCE_COLOR' env being set.
[WebServer] (Use `node --trace-warnings ...` to show where the warning was created)

[WebServer] (node:99044) Warning: The 'NO_COLOR' env is ignored due to the 'FORCE_COLOR' env being set.
[WebServer] (Use `node --trace-warnings ...` to show where the warning was created)

[WebServer] (node:99064) Warning: The 'NO_COLOR' env is ignored due to the 'FORCE_COLOR' env being set.
[WebServer] (Use `node --trace-warnings ...` to show where the warning was created)

[WebServer] (node:99077) Warning: The 'NO_COLOR' env is ignored due to the 'FORCE_COLOR' env being set.
[WebServer] (Use `node --trace-warnings ...` to show where the warning was created)


Running 2 tests using 1 worker

(node:99084) Warning: The 'NO_COLOR' env is ignored due to the 'FORCE_COLOR' env being set.
(Use `node --trace-warnings ...` to show where the warning was created)


[1/2] [chromium] › e2e/daily-target-adjustment.spec.ts:76:7 › mobile-375: create, edit, reload, future-confine, and restore a daily adjustment
[2/2] [chromium] › e2e/daily-target-adjustment.spec.ts:76:7 › desktop-1280: create, edit, reload, future-confine, and restore a daily adjustment
  2 passed (19.3s)

STDOUT_STDERR_END
ENDED_UTC: 2026-09-10T03:29:52.535Z
EXIT_CODE: 0
