RECEIPT_FORMAT: pulse-132-raw-v1
TESTED_COMMIT: 5281ee7ddef182589053ab61c11bfe3b107c47e6
TESTED_TREE: f891b9448d932a99106f216214967e88275f718f
BRANCH: feat/daily-nutrition-targets
WORKTREE: /Users/meridian/Projects/pulse-daily-nutrition-targets
WORKTREE_DIRTY_BEFORE: false
DIRTY_PATCH_SHA256: e3b0c44298fc1c149afbf4c8996fb92427ae41e4649b934ca495991b7852b855
STARTED_UTC: 2026-09-10T03:38:19.629Z
COMMAND_ARGV_JSON: ["pnpm","typecheck"]
COMMAND: "pnpm" "typecheck"
CACHE_CONTROLS_JSON: {"TURBO_FORCE":"true","TURBO_CONCURRENCY":"1","TURBO_ENV_MODE":"strict","CI":"true"}
STDOUT_STDERR_BEGIN

> pulse@ typecheck /Users/meridian/Projects/pulse-daily-nutrition-targets
> turbo run typecheck

• Packages in scope: @pulse/api, @pulse/shared, @pulse/web
• Running typecheck in 3 packages
• Remote caching disabled, using shared worktree cache
@pulse/api:typecheck: cache bypass, force executing 3de371d51f18d575
@pulse/api:typecheck: 
@pulse/api:typecheck: > @pulse/api@0.0.0 typecheck /Users/meridian/Projects/pulse-daily-nutrition-targets/apps/api
@pulse/api:typecheck: > tsc --noEmit -p tsconfig.json && tsc --noEmit -p tsconfig.test.json
@pulse/api:typecheck: 
@pulse/shared:typecheck: cache bypass, force executing fcf99b8d2e986526
@pulse/shared:typecheck: 
@pulse/shared:typecheck: > @pulse/shared@0.0.0 typecheck /Users/meridian/Projects/pulse-daily-nutrition-targets/packages/shared
@pulse/shared:typecheck: > tsc --noEmit -p tsconfig.json
@pulse/shared:typecheck: 
@pulse/web:typecheck: cache bypass, force executing f2f8ce385fa015c6
@pulse/web:typecheck: 
@pulse/web:typecheck: > @pulse/web@0.0.0 typecheck /Users/meridian/Projects/pulse-daily-nutrition-targets/apps/web
@pulse/web:typecheck: > tsc --noEmit
@pulse/web:typecheck: 

 Tasks:    3 successful, 3 total
Cached:    0 cached, 3 total
  Time:    28.361s 


STDOUT_STDERR_END
ENDED_UTC: 2026-09-10T03:38:48.802Z
EXIT_CODE: 0
