RECEIPT_FORMAT: pulse-132-raw-v1
TESTED_COMMIT: ad9f259895a3b5732eae30cb3911d896d409ee9f
TESTED_TREE: 33bd372571d5d6118101013afdf7b67d10a181d2
BRANCH: feat/daily-nutrition-targets
WORKTREE: /Users/meridian/Projects/pulse-daily-nutrition-targets
WORKTREE_DIRTY_BEFORE: false
DIRTY_PATCH_SHA256: e3b0c44298fc1c149afbf4c8996fb92427ae41e4649b934ca495991b7852b855
STARTED_UTC: 2026-09-10T03:49:31.311Z
COMMAND_ARGV_JSON: ["pnpm","typecheck"]
COMMAND: "pnpm" "typecheck"
CACHE_CONTROLS_JSON: {"TURBO_FORCE":"true","TURBO_CONCURRENCY":"1","TURBO_ENV_MODE":"strict","CI":"true"}
STDOUT_STDERR_BEGIN

> pulse@ typecheck /Users/meridian/Projects/pulse-daily-nutrition-targets
> turbo run typecheck

• Packages in scope: @pulse/api, @pulse/shared, @pulse/web
• Running typecheck in 3 packages
• Remote caching disabled, using shared worktree cache
@pulse/shared:typecheck: cache bypass, force executing fcf99b8d2e986526
@pulse/shared:typecheck: 
@pulse/shared:typecheck: > @pulse/shared@0.0.0 typecheck /Users/meridian/Projects/pulse-daily-nutrition-targets/packages/shared
@pulse/shared:typecheck: > tsc --noEmit -p tsconfig.json
@pulse/shared:typecheck: 
@pulse/web:typecheck: cache bypass, force executing 3fe0ab5aa4f2304d
@pulse/web:typecheck: 
@pulse/web:typecheck: > @pulse/web@0.0.0 typecheck /Users/meridian/Projects/pulse-daily-nutrition-targets/apps/web
@pulse/web:typecheck: > tsc --noEmit
@pulse/web:typecheck: 
@pulse/api:typecheck: cache bypass, force executing 3de371d51f18d575
@pulse/api:typecheck: 
@pulse/api:typecheck: > @pulse/api@0.0.0 typecheck /Users/meridian/Projects/pulse-daily-nutrition-targets/apps/api
@pulse/api:typecheck: > tsc --noEmit -p tsconfig.json && tsc --noEmit -p tsconfig.test.json
@pulse/api:typecheck: 

 Tasks:    3 successful, 3 total
Cached:    0 cached, 3 total
  Time:    23.703s 


STDOUT_STDERR_END
ENDED_UTC: 2026-09-10T03:49:55.672Z
EXIT_CODE: 0
