RECEIPT_FORMAT: pulse-132-raw-v1
TESTED_COMMIT: ad9f259895a3b5732eae30cb3911d896d409ee9f
TESTED_TREE: 33bd372571d5d6118101013afdf7b67d10a181d2
BRANCH: feat/daily-nutrition-targets
WORKTREE: /Users/meridian/Projects/pulse-daily-nutrition-targets
WORKTREE_DIRTY_BEFORE: false
DIRTY_PATCH_SHA256: e3b0c44298fc1c149afbf4c8996fb92427ae41e4649b934ca495991b7852b855
STARTED_UTC: 2026-09-10T03:49:55.747Z
COMMAND_ARGV_JSON: ["pnpm","lint"]
COMMAND: "pnpm" "lint"
CACHE_CONTROLS_JSON: {"TURBO_FORCE":"true","TURBO_CONCURRENCY":"1","TURBO_ENV_MODE":"strict","CI":"true"}
STDOUT_STDERR_BEGIN

> pulse@ lint /Users/meridian/Projects/pulse-daily-nutrition-targets
> turbo run lint

• Packages in scope: @pulse/api, @pulse/shared, @pulse/web
• Running lint in 3 packages
• Remote caching disabled, using shared worktree cache
@pulse/web:lint: cache bypass, force executing 576aaa68cf3ae2c2
@pulse/web:lint: 
@pulse/web:lint: > @pulse/web@0.0.0 lint /Users/meridian/Projects/pulse-daily-nutrition-targets/apps/web
@pulse/web:lint: > eslint .
@pulse/web:lint: 
@pulse/web:lint: 
@pulse/web:lint: /Users/meridian/Projects/pulse-daily-nutrition-targets/apps/web/src/features/adaptive-nutrition/components/energy-balance-workspace.tsx
@pulse/web:lint:   129:17  warning  Fast refresh only works when a file only exports components. Use a new file to share constants or functions between components  react-refresh/only-export-components
@pulse/web:lint:   158:17  warning  Fast refresh only works when a file only exports components. Use a new file to share constants or functions between components  react-refresh/only-export-components
@pulse/web:lint: 
@pulse/web:lint: /Users/meridian/Projects/pulse-daily-nutrition-targets/apps/web/src/features/workouts/components/session-detail-exercise-card.tsx
@pulse/web:lint:   352:17  warning  Fast refresh only works when a file only exports components. Use a new file to share constants or functions between components  react-refresh/only-export-components
@pulse/web:lint: 
@pulse/web:lint: /Users/meridian/Projects/pulse-daily-nutrition-targets/apps/web/src/features/workouts/components/workout-exercise-card/index.tsx
@pulse/web:lint:   23:17  warning  Fast refresh only works when a file only exports components. Use a new file to share constants or functions between components  react-refresh/only-export-components
@pulse/web:lint:   27:17  warning  Fast refresh only works when a file only exports components. Use a new file to share constants or functions between components  react-refresh/only-export-components
@pulse/web:lint: 
@pulse/web:lint: /Users/meridian/Projects/pulse-daily-nutrition-targets/apps/web/src/pages/active-workout.tsx
@pulse/web:lint:   2501:17  warning  Fast refresh only works when a file only exports components. Use a new file to share constants or functions between components  react-refresh/only-export-components
@pulse/web:lint: 
@pulse/web:lint: ✖ 6 problems (0 errors, 6 warnings)
@pulse/web:lint: 
@pulse/shared:lint: cache bypass, force executing 070b692ca19e8c8c
@pulse/shared:lint: 
@pulse/shared:lint: > @pulse/shared@0.0.0 lint /Users/meridian/Projects/pulse-daily-nutrition-targets/packages/shared
@pulse/shared:lint: > eslint .
@pulse/shared:lint: 
@pulse/api:lint: cache bypass, force executing 55c6eb62b2f905f6
@pulse/api:lint: 
@pulse/api:lint: > @pulse/api@0.0.0 lint /Users/meridian/Projects/pulse-daily-nutrition-targets/apps/api
@pulse/api:lint: > eslint .
@pulse/api:lint: 

 Tasks:    3 successful, 3 total
Cached:    0 cached, 3 total
  Time:    22.604s 


STDOUT_STDERR_END
ENDED_UTC: 2026-09-10T03:50:18.962Z
EXIT_CODE: 0
