{
  "path": "/private/var/folders/ny/93jy2qjn64q_89p0rnxfp8zc0000gn/T/pulse-feedback-synthetic-dH5hkH/fixture.db",
  "dryRun": {
    "global": {
      "scanned": 3,
      "migrated": 2,
      "preserved": 0,
      "quarantined": 2,
      "skipped": 1,
      "unchangedOnResume": 0,
      "classifiedByReason": {
        "legacy_unknown_actor_or_source": 2,
        "no_feedback": 1
      }
    },
    "owners": {
      "synthetic-a": {
        "scanned": 2,
        "migrated": 2,
        "preserved": 0,
        "quarantined": 2,
        "skipped": 0,
        "unchangedOnResume": 0,
        "classifiedByReason": {
          "legacy_unknown_actor_or_source": 2
        }
      },
      "synthetic-b": {
        "scanned": 1,
        "migrated": 0,
        "preserved": 0,
        "quarantined": 0,
        "skipped": 1,
        "unchangedOnResume": 0,
        "classifiedByReason": {
          "no_feedback": 1
        }
      }
    },
    "noteCounts": {
      "examined": 3,
      "confirmed": 0,
      "pending": 2,
      "preserved": 1
    },
    "notesByOwner": {
      "synthetic-a": {
        "examined": 2,
        "confirmed": 0,
        "pending": 2,
        "preserved": 0
      },
      "synthetic-b": {
        "examined": 1,
        "confirmed": 0,
        "pending": 0,
        "preserved": 1
      }
    },
    "noteWrites": {
      "examined": 0,
      "confirmed": 0,
      "pending": 0,
      "unchanged": 0,
      "preserved": 0
    }
  },
  "applied": {
    "global": {
      "scanned": 3,
      "migrated": 2,
      "preserved": 0,
      "quarantined": 2,
      "skipped": 1,
      "unchangedOnResume": 0,
      "classifiedByReason": {
        "legacy_unknown_actor_or_source": 2,
        "no_feedback": 1
      }
    },
    "owners": {
      "synthetic-a": {
        "scanned": 2,
        "migrated": 2,
        "preserved": 0,
        "quarantined": 2,
        "skipped": 0,
        "unchangedOnResume": 0,
        "classifiedByReason": {
          "legacy_unknown_actor_or_source": 2
        }
      },
      "synthetic-b": {
        "scanned": 1,
        "migrated": 0,
        "preserved": 0,
        "quarantined": 0,
        "skipped": 1,
        "unchangedOnResume": 0,
        "classifiedByReason": {
          "no_feedback": 1
        }
      }
    },
    "noteCounts": {
      "examined": 3,
      "confirmed": 0,
      "pending": 2,
      "preserved": 1
    },
    "notesByOwner": {
      "synthetic-a": {
        "examined": 2,
        "confirmed": 0,
        "pending": 2,
        "preserved": 0
      },
      "synthetic-b": {
        "examined": 1,
        "confirmed": 0,
        "pending": 0,
        "preserved": 1
      }
    },
    "noteWrites": {
      "examined": 3,
      "confirmed": 0,
      "pending": 2,
      "unchanged": 0,
      "preserved": 1
    }
  },
  "resumed": {
    "global": {
      "scanned": 3,
      "migrated": 0,
      "preserved": 0,
      "quarantined": 0,
      "skipped": 1,
      "unchangedOnResume": 2,
      "classifiedByReason": {
        "verified_resume": 2,
        "no_feedback": 1
      }
    },
    "owners": {
      "synthetic-a": {
        "scanned": 2,
        "migrated": 0,
        "preserved": 0,
        "quarantined": 0,
        "skipped": 0,
        "unchangedOnResume": 2,
        "classifiedByReason": {
          "verified_resume": 2
        }
      },
      "synthetic-b": {
        "scanned": 1,
        "migrated": 0,
        "preserved": 0,
        "quarantined": 0,
        "skipped": 1,
        "unchangedOnResume": 0,
        "classifiedByReason": {
          "no_feedback": 1
        }
      }
    },
    "noteCounts": {
      "examined": 3,
      "confirmed": 0,
      "pending": 2,
      "preserved": 1
    },
    "notesByOwner": {
      "synthetic-a": {
        "examined": 2,
        "confirmed": 0,
        "pending": 2,
        "preserved": 0
      },
      "synthetic-b": {
        "examined": 1,
        "confirmed": 0,
        "pending": 0,
        "preserved": 1
      }
    },
    "noteWrites": {
      "examined": 3,
      "confirmed": 0,
      "pending": 0,
      "unchanged": 2,
      "preserved": 1
    }
  },
  "restored": {
    "restored": 2
  },
  "sourceRestorationExact": true
}
