
Running 2 tests using 1 worker

(node:91649) Warning: The 'NO_COLOR' env is ignored due to the 'FORCE_COLOR' env being set.
(Use `node --trace-warnings ...` to show where the warning was created)
  ✘  1 e2e/rir-trigger-shortcuts.spec.ts:105:5 › desktop Tab shortcuts persist once for every consumer and preserve raw set facts (604ms)
(node:91669) Warning: The 'NO_COLOR' env is ignored due to the 'FORCE_COLOR' env being set.
(Use `node --trace-warnings ...` to show where the warning was created)
  ✘  2 e2e/rir-trigger-shortcuts.spec.ts:267:7 › mobile touch › touch selects zero and 5+, Clear and focus return survive reload (469ms)


  1) e2e/rir-trigger-shortcuts.spec.ts:105:5 › desktop Tab shortcuts persist once for every consumer and preserve raw set facts 

    Error: Raw readback requires the isolated issue-155 database and fixture UUID

      15 | function rawSets(sessionId: string): Array<Record<string, unknown>> {
      16 |   if (process.env.E2E_DATABASE_URL !== database || !/^[\da-f-]{36}$/u.test(sessionId)) {
    > 17 |     throw new Error('Raw readback requires the isolated issue-155 database and fixture UUID');
         |           ^
      18 |   }
      19 |   return JSON.parse(
      20 |     execFileSync(
        at rawSets (/Users/meridian/Projects/pulse-rir-trigger-shortcuts/apps/web/e2e/rir-trigger-shortcuts.spec.ts:17:11)
        at /Users/meridian/Projects/pulse-rir-trigger-shortcuts/apps/web/e2e/rir-trigger-shortcuts.spec.ts:111:24

    Error Context: ../../artifacts/issue-155/playwright-results/rir-trigger-shortcuts-desk-850fe--and-preserve-raw-set-facts/error-context.md

  2) e2e/rir-trigger-shortcuts.spec.ts:267:7 › mobile touch › touch selects zero and 5+, Clear and focus return survive reload 

    Error: Raw readback requires the isolated issue-155 database and fixture UUID

      15 | function rawSets(sessionId: string): Array<Record<string, unknown>> {
      16 |   if (process.env.E2E_DATABASE_URL !== database || !/^[\da-f-]{36}$/u.test(sessionId)) {
    > 17 |     throw new Error('Raw readback requires the isolated issue-155 database and fixture UUID');
         |           ^
      18 |   }
      19 |   return JSON.parse(
      20 |     execFileSync(
        at rawSets (/Users/meridian/Projects/pulse-rir-trigger-shortcuts/apps/web/e2e/rir-trigger-shortcuts.spec.ts:17:11)
        at /Users/meridian/Projects/pulse-rir-trigger-shortcuts/apps/web/e2e/rir-trigger-shortcuts.spec.ts:270:20

    Error Context: ../../artifacts/issue-155/playwright-results/rir-trigger-shortcuts-mobi-7e84e-focus-return-survive-reload/error-context.md

  2 failed
    e2e/rir-trigger-shortcuts.spec.ts:105:5 › desktop Tab shortcuts persist once for every consumer and preserve raw set facts 
    e2e/rir-trigger-shortcuts.spec.ts:267:7 › mobile touch › touch selects zero and 5+, Clear and focus return survive reload 
undefined
/Users/meridian/Projects/pulse-rir-trigger-shortcuts/apps/web:
 ERR_PNPM_RECURSIVE_EXEC_FIRST_FAIL  Command failed with exit code 1: playwright test --config=playwright.rir-trigger.config.ts
