(node:91409) Warning: Failed to load the ES module: /Users/meridian/Projects/pulse-rir-trigger-shortcuts/apps/web/playwright.rir-trigger.config.ts. Make sure to set "type": "module" in the nearest package.json file or use the .mjs extension.
(Use `node --trace-warnings ...` to show where the warning was created)
/Users/meridian/Projects/pulse-rir-trigger-shortcuts/apps/web/playwright.rir-trigger.config.ts:10
const database = (0, _nodePath.resolve)(import.meta.dirname, '../../data/issue-155/browser.db');
                                               ^^^^

SyntaxError: Cannot use 'import.meta' outside a module
    at wrapSafe (node:internal/modules/cjs/loader:1763:18)
    at Module._compile (node:internal/modules/cjs/loader:1804:20)
    at Object.Module._extensions..js (node:internal/modules/cjs/loader:1961:10)
    at Module.load (node:internal/modules/cjs/loader:1553:32)
    at Module._load (node:internal/modules/cjs/loader:1355:12)
    at wrapModuleLoad (node:internal/modules/cjs/loader:255:19)
    at Module.require (node:internal/modules/cjs/loader:1576:12)
    at require (node:internal/modules/helpers:153:16)
    at requireOrImport (/Users/meridian/Projects/pulse-rir-trigger-shortcuts/node_modules/.pnpm/playwright@1.62.1/node_modules/playwright/lib/common/index.js:1138:18)
    at loadUserConfig (/Users/meridian/Projects/pulse-rir-trigger-shortcuts/node_modules/.pnpm/playwright@1.62.1/node_modules/playwright/lib/common/index.js:1323:52)
    at loadConfig (/Users/meridian/Projects/pulse-rir-trigger-shortcuts/node_modules/.pnpm/playwright@1.62.1/node_modules/playwright/lib/common/index.js:1330:28)
    at processTicksAndRejections (node:internal/process/task_queues:104:5)
    at Object.loadConfigFromFile (/Users/meridian/Projects/pulse-rir-trigger-shortcuts/node_modules/.pnpm/playwright@1.62.1/node_modules/playwright/lib/common/index.js:1546:10)
    at runTests (/Users/meridian/Projects/pulse-rir-trigger-shortcuts/node_modules/.pnpm/playwright@1.62.1/node_modules/playwright/lib/cli/testActions.js:46:18)
    at _Command.<anonymous> (/Users/meridian/Projects/pulse-rir-trigger-shortcuts/node_modules/.pnpm/playwright@1.62.1/node_modules/playwright/lib/program.js:55:7)
undefined
/Users/meridian/Projects/pulse-rir-trigger-shortcuts/apps/web:
 ERR_PNPM_RECURSIVE_EXEC_FIRST_FAIL  Command failed with exit code 1: playwright test --config=playwright.rir-trigger.config.ts
