cwd: /Users/meridian/Projects/pulse-rir-trigger-shortcuts
$ pnpm build --force --concurrency=1
started: 2026-09-07T23:09:15.644645+00:00

> pulse@ build /Users/meridian/Projects/pulse-rir-trigger-shortcuts
> turbo run build --force --concurrency=1

• turbo 2.8.13
• Packages in scope: @pulse/api, @pulse/shared, @pulse/web
• Running build in 3 packages
• Remote caching disabled, using shared worktree cache
@pulse/shared:build: cache bypass, force executing f02a373111aafeb3
@pulse/shared:build: 
@pulse/shared:build: > @pulse/shared@0.0.0 build /Users/meridian/Projects/pulse-rir-trigger-shortcuts/packages/shared
@pulse/shared:build: > tsc -p tsconfig.json
@pulse/shared:build: 
@pulse/web:build: cache bypass, force executing 8e40594a38820b48
@pulse/web:build: 
@pulse/web:build: > @pulse/web@0.0.0 build /Users/meridian/Projects/pulse-rir-trigger-shortcuts/apps/web
@pulse/web:build: > tsc -b && vite build
@pulse/web:build: 
@pulse/web:build: vite v7.3.1 building client environment for production...
@pulse/web:build: transforming...
@pulse/web:build: ✓ 3911 modules transformed.
@pulse/web:build: rendering chunks...
@pulse/web:build: computing gzip size...
@pulse/web:build: dist/index.html                                         2.15 kB │ gzip:   0.76 kB
@pulse/web:build: dist/assets/index-Bl9jRHeE.css                        174.15 kB │ gzip:  25.08 kB
@pulse/web:build: dist/assets/query-polling-CWrVhzp4.js                   0.09 kB │ gzip:   0.09 kB
@pulse/web:build: dist/assets/plus-CEpSHzZy.js                            0.15 kB │ gzip:   0.15 kB
@pulse/web:build: dist/assets/arrow-up-H6P1NihG.js                        0.16 kB │ gzip:   0.16 kB
@pulse/web:build: dist/assets/clock-3-BTOipAHZ.js                         0.17 kB │ gzip:   0.16 kB
@pulse/web:build: dist/assets/arrow-right-CaHeeaEA.js                     0.17 kB │ gzip:   0.16 kB
@pulse/web:build: dist/assets/search-kyB-PJiV.js                          0.17 kB │ gzip:   0.17 kB
@pulse/web:build: dist/assets/circle-check-CThuTrnE.js                    0.17 kB │ gzip:   0.17 kB
@pulse/web:build: dist/assets/trending-up-DpDp-FQb.js                     0.18 kB │ gzip:   0.17 kB
@pulse/web:build: dist/assets/gauge-DPK1lYix.js                           0.18 kB │ gzip:   0.17 kB
@pulse/web:build: dist/assets/trending-down-CqA6br1-.js                   0.18 kB │ gzip:   0.17 kB
@pulse/web:build: dist/assets/flame-DGCjTQ37.js                           0.20 kB │ gzip:   0.18 kB
@pulse/web:build: dist/assets/info-Cdr1VN3T.js                            0.20 kB │ gzip:   0.18 kB
@pulse/web:build: dist/assets/rotate-ccw-D3BOdpnW.js                      0.20 kB │ gzip:   0.18 kB
@pulse/web:build: dist/assets/useThemeContext-zIUszxZ-.js                 0.23 kB │ gzip:   0.19 kB
@pulse/web:build: dist/assets/history-DsuHickA.js                         0.24 kB │ gzip:   0.20 kB
@pulse/web:build: dist/assets/timer-CdPXW8Nc.js                           0.24 kB │ gzip:   0.18 kB
@pulse/web:build: dist/assets/circle-question-mark-B1BiL50s.js            0.24 kB │ gzip:   0.21 kB
@pulse/web:build: dist/assets/arrow-up-down-BQb9EcgW.js                   0.25 kB │ gzip:   0.19 kB
@pulse/web:build: dist/assets/route-D6JgYCM9.js                           0.25 kB │ gzip:   0.20 kB
@pulse/web:build: dist/assets/circle-alert-DNIeOH1A.js                    0.25 kB │ gzip:   0.18 kB
@pulse/web:build: dist/assets/chart-column-DoYFCU4z.js                    0.25 kB │ gzip:   0.20 kB
@pulse/web:build: dist/assets/heart-83YuxfAn.js                           0.26 kB │ gzip:   0.22 kB
@pulse/web:build: dist/assets/pencil-DsEnJ2V0.js                          0.28 kB │ gzip:   0.23 kB
@pulse/web:build: dist/assets/book-open-DLI36S-N.js                       0.28 kB │ gzip:   0.21 kB
@pulse/web:build: dist/assets/arrow-up-right-DcuyuzCg.js                  0.29 kB │ gzip:   0.21 kB
@pulse/web:build: dist/assets/pencil-line-ZFojt89I.js                     0.32 kB │ gzip:   0.24 kB
@pulse/web:build: dist/assets/refresh-cw-D8mOXmJ1.js                      0.32 kB │ gzip:   0.22 kB
@pulse/web:build: dist/assets/trash-2-DPAFhEsZ.js                         0.33 kB │ gzip:   0.22 kB
@pulse/web:build: dist/assets/program-local-midnight-DtB6sEfq.js          0.33 kB │ gzip:   0.27 kB
@pulse/web:build: dist/assets/scale-Bp42ZVOo.js                           0.33 kB │ gzip:   0.22 kB
@pulse/web:build: dist/assets/grip-vertical-D2p92z75.js                   0.37 kB │ gzip:   0.19 kB
@pulse/web:build: dist/assets/calendar-clock-DvkCSndK.js                  0.37 kB │ gzip:   0.25 kB
@pulse/web:build: dist/assets/label-BYUWBlW5.js                           0.37 kB │ gzip:   0.28 kB
@pulse/web:build: dist/assets/use-today-key-CXMCkkB5.js                   0.39 kB │ gzip:   0.27 kB
@pulse/web:build: dist/assets/index-bPlOqofp.js                           0.43 kB │ gzip:   0.29 kB
@pulse/web:build: dist/assets/template-tags-Ce0Nr_b0.js                   0.43 kB │ gzip:   0.29 kB
@pulse/web:build: dist/assets/accent-card-styles-juGWYX3b.js              0.48 kB │ gzip:   0.21 kB
@pulse/web:build: dist/assets/calendar-days-1MM1Ox5U.js                   0.50 kB │ gzip:   0.27 kB
@pulse/web:build: dist/assets/sparkles-B5jYKE-M.js                        0.50 kB │ gzip:   0.28 kB
@pulse/web:build: dist/assets/date-utils-hJv2Zwft.js                      0.52 kB │ gzip:   0.30 kB
@pulse/web:build: dist/assets/workout-session-sets-CqGuqGnY.js            0.57 kB │ gzip:   0.34 kB
@pulse/web:build: dist/assets/circle-dashed-Cs5YYV-o.js                   0.58 kB │ gzip:   0.29 kB
@pulse/web:build: dist/assets/textarea-BAsQrxNh.js                        0.64 kB │ gzip:   0.39 kB
@pulse/web:build: dist/assets/markdown-note-CDbfMhsS.js                   0.65 kB │ gzip:   0.39 kB
@pulse/web:build: dist/assets/chart-range-control-Dcyy_CgA.js             0.66 kB │ gzip:   0.41 kB
@pulse/web:build: dist/assets/empty-state-7_KO34Lz.js                     0.69 kB │ gzip:   0.42 kB
@pulse/web:build: dist/assets/superset-utils-CZV_oztM.js                  0.70 kB │ gzip:   0.43 kB
@pulse/web:build: dist/assets/save-DVsr94nv.js                            0.70 kB │ gzip:   0.34 kB
@pulse/web:build: dist/assets/format-utils-Bsyxf4FY.js                    0.73 kB │ gzip:   0.35 kB
@pulse/web:build: dist/assets/wrench-C73Z_fpv.js                          0.74 kB │ gzip:   0.38 kB
@pulse/web:build: dist/assets/separator-CJRQK5Lz.js                       0.78 kB │ gzip:   0.42 kB
@pulse/web:build: dist/assets/chart-legend-D71Un5fK.js                    0.85 kB │ gzip:   0.49 kB
@pulse/web:build: dist/assets/markdown-aUL2GTqK.js                        0.87 kB │ gzip:   0.43 kB
@pulse/web:build: dist/assets/page-header-BJVyNc-L.js                     0.90 kB │ gzip:   0.42 kB
@pulse/web:build: dist/assets/rename-exercise-dialog-Dtt5zt7E.js          0.94 kB │ gzip:   0.56 kB
@pulse/web:build: dist/assets/input-BzHGmmT2.js                           0.95 kB │ gzip:   0.54 kB
@pulse/web:build: dist/assets/use-date-authority-DHMnC8ZI.js              0.96 kB │ gzip:   0.53 kB
@pulse/web:build: dist/assets/trend-weight-date-vlormCn4.js               1.00 kB │ gzip:   0.50 kB
@pulse/web:build: dist/assets/progress-bar-TZqnwxt_.js                    1.04 kB │ gzip:   0.58 kB
@pulse/web:build: dist/assets/progress-ring-BRFClXm_.js                   1.21 kB │ gzip:   0.64 kB
@pulse/web:build: dist/assets/index-BWs3CPNw.js                           1.31 kB │ gzip:   0.66 kB
@pulse/web:build: dist/assets/use-debounced-callback-CNtmsbiW.js          1.32 kB │ gzip:   0.61 kB
@pulse/web:build: dist/assets/badge-BeKjmDyL.js                           1.34 kB │ gzip:   0.64 kB
@pulse/web:build: dist/assets/preview-banner-CN2LUaJQ.js                  1.40 kB │ gzip:   0.78 kB
@pulse/web:build: dist/assets/progression-qukcgJvA.js                     1.47 kB │ gzip:   0.73 kB
@pulse/web:build: dist/assets/chart-exploration-CIVsEJBu.js               1.70 kB │ gzip:   0.76 kB
@pulse/web:build: dist/assets/adaptive-weekly-review-CWNpUJ3N.js          1.80 kB │ gzip:   0.96 kB
@pulse/web:build: dist/assets/stat-card-BeuMXq2H.js                       2.30 kB │ gzip:   1.08 kB
@pulse/web:build: dist/assets/chart-tooltip-DDVrjveR.js                   2.49 kB │ gzip:   1.04 kB
@pulse/web:build: dist/assets/help-icon-CgCzxy8T.js                       2.66 kB │ gzip:   1.06 kB
@pulse/web:build: dist/assets/dialog-x6mRhrYi.js                          2.79 kB │ gzip:   1.07 kB
@pulse/web:build: dist/assets/login-I3MDbczT.js                           3.12 kB │ gzip:   1.30 kB
@pulse/web:build: dist/assets/chart-summary-C7Q0vS3e.js                   3.16 kB │ gzip:   1.38 kB
@pulse/web:build: dist/assets/journal-entry-DcNW-lWS.js                   3.45 kB │ gzip:   1.36 kB
@pulse/web:build: dist/assets/habit-chain-dot-Bx4JcoYL.js                 3.45 kB │ gzip:   1.62 kB
@pulse/web:build: dist/assets/mock-data-C5acpO0F.js                       3.71 kB │ gzip:   1.57 kB
@pulse/web:build: dist/assets/profile-CjiV9hN3.js                         4.10 kB │ gzip:   1.63 kB
@pulse/web:build: dist/assets/register-D4LnD2Jk.js                        4.17 kB │ gzip:   1.53 kB
@pulse/web:build: dist/assets/resources-zcJd0BfJ.js                       4.22 kB │ gzip:   1.73 kB
@pulse/web:build: dist/assets/swap-exercise-dialog-DRBeZ7Kt.js            4.43 kB │ gzip:   1.81 kB
@pulse/web:build: dist/assets/journal-DoAymVJA.js                         5.46 kB │ gzip:   2.07 kB
@pulse/web:build: dist/assets/resource-detail-ChviEi6P.js                 5.60 kB │ gzip:   1.80 kB
@pulse/web:build: dist/assets/popover-8KTILCOZ.js                         5.79 kB │ gzip:   2.05 kB
@pulse/web:build: dist/assets/nutrition-day-status-control-DFtqvxqK.js    6.25 kB │ gzip:   2.24 kB
@pulse/web:build: dist/assets/use-dashboard-config-DqevyuSd.js            6.31 kB │ gzip:   2.06 kB
@pulse/web:build: dist/assets/view-toggle-Df1DZb5c.js                     8.76 kB │ gzip:   3.22 kB
@pulse/web:build: dist/assets/injuries-D2sQDkkJ.js                        9.27 kB │ gzip:   3.26 kB
@pulse/web:build: dist/assets/weight-history-BgsfVE8c.js                  9.86 kB │ gzip:   3.55 kB
@pulse/web:build: dist/assets/design-system-CVXPVNrh.js                   9.94 kB │ gzip:   3.14 kB
@pulse/web:build: dist/assets/mock-data-ObrQU5i3.js                      10.15 kB │ gzip:   4.27 kB
@pulse/web:build: dist/assets/mock-data-CWb6Sxq5.js                      14.00 kB │ gzip:   4.60 kB
@pulse/web:build: dist/assets/equipment-p-ETcHj-.js                      15.22 kB │ gzip:   4.76 kB
@pulse/web:build: dist/assets/activity-HxZuA0Vw.js                       16.18 kB │ gzip:   5.25 kB
@pulse/web:build: dist/assets/trend-weight-workspace-D4Wo_WKf.js         17.30 kB │ gzip:   5.29 kB
@pulse/web:build: dist/assets/workouts-cDF2FK0O.js                       19.70 kB │ gzip:   4.74 kB
@pulse/web:build: 
@pulse/web:build: dist/assets/select-Dr8wYJAM.js                         20.60 kB │ gzip:   7.29 kB
@pulse/web:build: dist/assets/active-session-BksG36bk.js                 21.20 kB │ gzip:   6.52 kB
@pulse/web:build: (!) Some chunks are larger than 500 kB after minification. Consider:
@pulse/web:build: dist/assets/dropdown-menu-Cc0nBwoh.js                  21.90 kB │ gzip:   6.83 kB
@pulse/web:build: - Using dynamic import() to code-split the application
@pulse/web:build: - Use build.rollupOptions.output.manualChunks to improve chunking: https://rollupjs.org/configuration-options/#output-manualchunks
@pulse/web:build: dist/assets/energy-balance-6LExGiMe.js                 21.98 kB │ gzip:   6.57 kB
@pulse/web:build: dist/assets/injury-detail-Bvt5L2rK.js                  23.40 kB │ gzip:   7.27 kB
@pulse/web:build: - Adjust chunk size limit for this warning via build.chunkSizeWarningLimit.
@pulse/web:build: dist/assets/workout-template-detail-B9fhm1dE.js        24.78 kB │ gzip:   7.74 kB
@pulse/web:build: dist/assets/data-quality-Ja1DvXZS.js                   24.95 kB │ gzip:   7.73 kB
@pulse/web:build: dist/assets/settings-Cw50jAj5.js                       29.75 kB │ gzip:   8.12 kB
@pulse/web:build: dist/assets/zod-DXL12IUs.js                            29.90 kB │ gzip:  10.78 kB
@pulse/web:build: dist/assets/goal-trajectory-DEtoNcrc.js                30.30 kB │ gzip:   8.65 kB
@pulse/web:build: dist/assets/workout-session-detail-CMNYhlnj.js         32.63 kB │ gzip:   9.71 kB
@pulse/web:build: dist/assets/weekly-decision-review-BG1eJET0.js         32.94 kB │ gzip:   8.62 kB
@pulse/web:build: dist/assets/vendor-router-D-aEi-ws.js                  37.19 kB │ gzip:  13.40 kB
@pulse/web:build: dist/assets/scheduled-workout-detail-CHWnZ74U.js       37.62 kB │ gzip:  11.62 kB
@pulse/web:build: dist/assets/habits-BsrFYjeP.js                         39.34 kB │ gzip:  11.79 kB
@pulse/web:build: dist/assets/vendor-query-Y28iZGx7.js                   45.14 kB │ gzip:  13.84 kB
@pulse/web:build: dist/assets/sortable.esm-CfZuyFVg.js                   51.23 kB │ gzip:  17.23 kB
@pulse/web:build: dist/assets/use-workout-session-D5ZvY8VK.js            53.55 kB │ gzip:  15.60 kB
@pulse/web:build: dist/assets/vendor-zod-CxxuDTfS.js                     57.83 kB │ gzip:  13.48 kB
@pulse/web:build: dist/assets/workouts-thJ6RPzP.js                       67.54 kB │ gzip:  18.36 kB
@pulse/web:build: dist/assets/dashboard-CvktFVTG.js                      69.23 kB │ gzip:  20.13 kB
@pulse/web:build: dist/assets/goal-editor-dialog-CEMY3_Fd.js             69.87 kB │ gzip:  20.12 kB
@pulse/web:build: dist/assets/schedule-workout-dialog-B6qxerLZ.js        71.22 kB │ gzip:  21.27 kB
@pulse/web:build: dist/assets/active-workout-DksYrC1h.js                107.86 kB │ gzip:  30.61 kB
@pulse/web:build: dist/assets/nutrition-CxBMRJg2.js                     149.94 kB │ gzip:  40.23 kB
@pulse/web:build: dist/assets/vendor-recharts-vi3UUqYC.js               397.49 kB │ gzip: 115.25 kB
@pulse/web:build: dist/assets/index-B5Z5qZnR.js                         517.56 kB │ gzip: 153.77 kB
@pulse/web:build: ✓ built in 3.94s
@pulse/api:build: cache bypass, force executing 2d1da758d98b9992
@pulse/api:build: 
@pulse/api:build: > @pulse/api@0.0.0 build /Users/meridian/Projects/pulse-rir-trigger-shortcuts/apps/api
@pulse/api:build: > tsc
@pulse/api:build: 

 Tasks:    3 successful, 3 total
Cached:    0 cached, 3 total
  Time:    18.664s 


exit_code: 0
