Scope: all 4 workspace projects
.../esbuild@0.27.3/node_modules/esbuild postinstall$ node install.js
.../esbuild@0.18.20/node_modules/esbuild postinstall$ node install.js
.../esbuild@0.25.12/node_modules/esbuild postinstall$ node install.js
.../node_modules/better-sqlite3 install$ prebuild-install || node-gyp rebuild --release
.../esbuild@0.27.3/node_modules/esbuild postinstall: Done
.../node_modules/better-sqlite3 install: gyp info it worked if it ends with ok
.../node_modules/better-sqlite3 install: gyp info using node-gyp@11.5.0
.../node_modules/better-sqlite3 install: gyp info using node@24.15.0 | darwin | arm64
.../esbuild@0.18.20/node_modules/esbuild postinstall: Done
.../node_modules/better-sqlite3 install: gyp info find Python using Python version 3.14.3 found at "/opt/homebrew/opt/python@3.14/bin/python3.14"
.../node_modules/better-sqlite3 install: gyp info spawn /opt/homebrew/opt/python@3.14/bin/python3.14
.../node_modules/better-sqlite3 install: gyp info spawn args [
.../node_modules/better-sqlite3 install: gyp info spawn args '/Users/meridian/Library/pnpm/.tools/pnpm/10.30.3_tmp_42850/node_modules/pnpm/dist/node_modules/node-gyp/gyp/gyp_main.py',
.../node_modules/better-sqlite3 install: gyp info spawn args 'binding.gyp',
.../node_modules/better-sqlite3 install: gyp info spawn args '-f',
.../node_modules/better-sqlite3 install: gyp info spawn args 'make',
.../node_modules/better-sqlite3 install: gyp info spawn args '-I',
.../node_modules/better-sqlite3 install: gyp info spawn args '/Users/meridian/Projects/pulse-rir-trigger-shortcuts/node_modules/.pnpm/better-sqlite3@12.6.2/node_modules/better-sqlite3/build/config.gypi',
.../node_modules/better-sqlite3 install: gyp info spawn args '-I',
.../node_modules/better-sqlite3 install: gyp info spawn args '/Users/meridian/Library/pnpm/.tools/pnpm/10.30.3_tmp_42850/node_modules/pnpm/dist/node_modules/node-gyp/addon.gypi',
.../node_modules/better-sqlite3 install: gyp info spawn args '-I',
.../node_modules/better-sqlite3 install: gyp info spawn args '/Users/meridian/Library/Caches/node-gyp/24.15.0/include/node/common.gypi',
.../node_modules/better-sqlite3 install: gyp info spawn args '-Dlibrary=shared_library',
.../node_modules/better-sqlite3 install: gyp info spawn args '-Dvisibility=default',
.../node_modules/better-sqlite3 install: gyp info spawn args '-Dnode_root_dir=/Users/meridian/Library/Caches/node-gyp/24.15.0',
.../node_modules/better-sqlite3 install: gyp info spawn args '-Dnode_gyp_dir=/Users/meridian/Library/pnpm/.tools/pnpm/10.30.3_tmp_42850/node_modules/pnpm/dist/node_modules/node-gyp',
.../node_modules/better-sqlite3 install: gyp info spawn args '-Dnode_lib_file=/Users/meridian/Library/Caches/node-gyp/24.15.0/<(target_arch)/node.lib',
.../node_modules/better-sqlite3 install: gyp info spawn args '-Dmodule_root_dir=/Users/meridian/Projects/pulse-rir-trigger-shortcuts/node_modules/.pnpm/better-sqlite3@12.6.2/node_modules/better-sqlite3',
.../node_modules/better-sqlite3 install: gyp info spawn args '-Dnode_engine=v8',
.../node_modules/better-sqlite3 install: gyp info spawn args '--depth=.',
.../node_modules/better-sqlite3 install: gyp info spawn args '--no-parallel',
.../node_modules/better-sqlite3 install: gyp info spawn args '--generator-output',
.../node_modules/better-sqlite3 install: gyp info spawn args 'build',
.../node_modules/better-sqlite3 install: gyp info spawn args '-Goutput_dir=.'
.../node_modules/better-sqlite3 install: gyp info spawn args ]
.../esbuild@0.25.12/node_modules/esbuild postinstall: Done
.../node_modules/better-sqlite3 install: gyp info spawn make
.../node_modules/better-sqlite3 install: gyp info spawn args [ 'BUILDTYPE=Release', '-C', 'build' ]
.../node_modules/better-sqlite3 install:   TOUCH ba23eeee118cd63e16015df367567cb043fed872.intermediate
.../node_modules/better-sqlite3 install:   ACTION deps_sqlite3_gyp_locate_sqlite3_target_copy_builtin_sqlite3 ba23eeee118cd63e16015df367567cb043fed872.intermediate
.../node_modules/better-sqlite3 install:   TOUCH Release/obj.target/deps/locate_sqlite3.stamp
.../node_modules/better-sqlite3 install:   CC(target) Release/obj.target/sqlite3/gen/sqlite3/sqlite3.o
.../node_modules/better-sqlite3 install:   LIBTOOL-STATIC Release/sqlite3.a
.../node_modules/better-sqlite3 install:   CXX(target) Release/obj.target/better_sqlite3/src/better_sqlite3.o
.../node_modules/better-sqlite3 install: ../src/better_sqlite3.cpp:48:1: warning: cast from 'void (*)(v8::Local<v8::Object>, v8::Local<v8::Value>, v8::Local<v8::Context>)' to 'node::addon_context_register_func' (aka 'void (*)(v8::Local<v8::Object>, v8::Local<v8::Value>, v8::Local<v8::Context>, void *)') converts to incompatible function type [-Wcast-function-type-mismatch]
.../node_modules/better-sqlite3 install:    48 | NODE_MODULE_INIT(/* exports, context */) {
.../node_modules/better-sqlite3 install:       | ^~~~~~~~~~~~~~~~~~~~~~~~~~~~~~~~~~~~~~~~
.../node_modules/better-sqlite3 install: /Users/meridian/Library/Caches/node-gyp/24.15.0/include/node/node.h:1427:3: note: expanded from macro 'NODE_MODULE_INIT'
.../node_modules/better-sqlite3 install:  1427 |   NODE_MODULE_CONTEXT_AWARE(NODE_GYP_MODULE_NAME,                     \
.../node_modules/better-sqlite3 install:       |   ^~~~~~~~~~~~~~~~~~~~~~~~~~~~~~~~~~~~~~~~~~~~~~~~~~~~~~~~~~~~~~~~~~~~~
.../node_modules/better-sqlite3 install:  1428 |                             NODE_MODULE_INITIALIZER)                  \
.../node_modules/better-sqlite3 install:       |                             ~~~~~~~~~~~~~~~~~~~~~~~~
.../node_modules/better-sqlite3 install: /Users/meridian/Library/Caches/node-gyp/24.15.0/include/node/node.h:1396:3: note: expanded from macro 'NODE_MODULE_CONTEXT_AWARE'
.../node_modules/better-sqlite3 install:  1396 |   NODE_MODULE_CONTEXT_AWARE_X(modname, regfunc, NULL, 0)
.../node_modules/better-sqlite3 install:       |   ^~~~~~~~~~~~~~~~~~~~~~~~~~~~~~~~~~~~~~~~~~~~~~~~~~~~~~
.../node_modules/better-sqlite3 install: /Users/meridian/Library/Caches/node-gyp/24.15.0/include/node/node.h:1378:7: note: expanded from macro 'NODE_MODULE_CONTEXT_AWARE_X'
.../node_modules/better-sqlite3 install:  1378 |       (node::addon_context_register_func) (regfunc),                  \
.../node_modules/better-sqlite3 install:       |       ^~~~~~~~~~~~~~~~~~~~~~~~~~~~~~~~~~~~~~~~~~~~~
.../node_modules/better-sqlite3 install: 1 warning generated.
.../node_modules/better-sqlite3 install:   SOLINK_MODULE(target) Release/better_sqlite3.node
.../node_modules/better-sqlite3 install:   CC(target) Release/obj.target/test_extension/deps/test_extension.o
.../node_modules/better-sqlite3 install:   SOLINK_MODULE(target) Release/test_extension.node
.../node_modules/better-sqlite3 install: rm ba23eeee118cd63e16015df367567cb043fed872.intermediate
.../node_modules/better-sqlite3 install: gyp info ok 
.../node_modules/better-sqlite3 install: Done
